Archive member included to satisfy reference by file (symbol)

/usr/lib/gcc/arm-none-eabi/13.2.1/../../../arm-none-eabi/lib/thumb/v7-m/nofp/libg_nano.a(libc_a-init.o)
                              /usr/lib/gcc/arm-none-eabi/13.2.1/../../../arm-none-eabi/lib/thumb/v7-m/nofp/crt0.o (__libc_init_array)
/usr/lib/gcc/arm-none-eabi/13.2.1/../../../arm-none-eabi/lib/thumb/v7-m/nofp/libg_nano.a(libc_a-puts.o)
                              CMakeFiles/lidar_sf20c_interface.dir/app/main.c.obj (puts)
/usr/lib/gcc/arm-none-eabi/13.2.1/../../../arm-none-eabi/lib/thumb/v7-m/nofp/libg_nano.a(libc_a-findfp.o)
                              /usr/lib/gcc/arm-none-eabi/13.2.1/../../../arm-none-eabi/lib/thumb/v7-m/nofp/libg_nano.a(libc_a-puts.o) (__sinit)
/usr/lib/gcc/arm-none-eabi/13.2.1/../../../arm-none-eabi/lib/thumb/v7-m/nofp/libg_nano.a(libc_a-memset.o)
                              /usr/lib/gcc/arm-none-eabi/13.2.1/../../../arm-none-eabi/lib/thumb/v7-m/nofp/crt0.o (memset)
/usr/lib/gcc/arm-none-eabi/13.2.1/../../../arm-none-eabi/lib/thumb/v7-m/nofp/libg_nano.a(libc_a-fflush.o)
                              /usr/lib/gcc/arm-none-eabi/13.2.1/../../../arm-none-eabi/lib/thumb/v7-m/nofp/libg_nano.a(libc_a-findfp.o) (_fflush_r)
/usr/lib/gcc/arm-none-eabi/13.2.1/../../../arm-none-eabi/lib/thumb/v7-m/nofp/libg_nano.a(libc_a-mallocr.o)
                              /usr/lib/gcc/arm-none-eabi/13.2.1/../../../arm-none-eabi/lib/thumb/v7-m/nofp/libg_nano.a(libc_a-findfp.o) (_malloc_r)
/usr/lib/gcc/arm-none-eabi/13.2.1/../../../arm-none-eabi/lib/thumb/v7-m/nofp/libg_nano.a(libc_a-freer.o)
                              /usr/lib/gcc/arm-none-eabi/13.2.1/../../../arm-none-eabi/lib/thumb/v7-m/nofp/libg_nano.a(libc_a-fflush.o) (_free_r)
/usr/lib/gcc/arm-none-eabi/13.2.1/../../../arm-none-eabi/lib/thumb/v7-m/nofp/libg_nano.a(libc_a-fwalk.o)
                              /usr/lib/gcc/arm-none-eabi/13.2.1/../../../arm-none-eabi/lib/thumb/v7-m/nofp/libg_nano.a(libc_a-findfp.o) (_fwalk_sglue)
/usr/lib/gcc/arm-none-eabi/13.2.1/../../../arm-none-eabi/lib/thumb/v7-m/nofp/libg_nano.a(libc_a-wsetup.o)
                              /usr/lib/gcc/arm-none-eabi/13.2.1/../../../arm-none-eabi/lib/thumb/v7-m/nofp/libg_nano.a(libc_a-puts.o) (__swsetup_r)
/usr/lib/gcc/arm-none-eabi/13.2.1/../../../arm-none-eabi/lib/thumb/v7-m/nofp/libg_nano.a(libc_a-mlock.o)
                              /usr/lib/gcc/arm-none-eabi/13.2.1/../../../arm-none-eabi/lib/thumb/v7-m/nofp/libg_nano.a(libc_a-mallocr.o) (__malloc_lock)
/usr/lib/gcc/arm-none-eabi/13.2.1/../../../arm-none-eabi/lib/thumb/v7-m/nofp/libg_nano.a(libc_a-makebuf.o)
                              /usr/lib/gcc/arm-none-eabi/13.2.1/../../../arm-none-eabi/lib/thumb/v7-m/nofp/libg_nano.a(libc_a-wsetup.o) (__smakebuf_r)
/usr/lib/gcc/arm-none-eabi/13.2.1/../../../arm-none-eabi/lib/thumb/v7-m/nofp/libg_nano.a(libc_a-exit.o)
                              /usr/lib/gcc/arm-none-eabi/13.2.1/../../../arm-none-eabi/lib/thumb/v7-m/nofp/crt0.o (exit)
/usr/lib/gcc/arm-none-eabi/13.2.1/../../../arm-none-eabi/lib/thumb/v7-m/nofp/libg_nano.a(libc_a-atexit.o)
                              /usr/lib/gcc/arm-none-eabi/13.2.1/../../../arm-none-eabi/lib/thumb/v7-m/nofp/crt0.o (atexit)
/usr/lib/gcc/arm-none-eabi/13.2.1/../../../arm-none-eabi/lib/thumb/v7-m/nofp/libg_nano.a(libc_a-isattyr.o)
                              /usr/lib/gcc/arm-none-eabi/13.2.1/../../../arm-none-eabi/lib/thumb/v7-m/nofp/libg_nano.a(libc_a-makebuf.o) (_isatty_r)
/usr/lib/gcc/arm-none-eabi/13.2.1/../../../arm-none-eabi/lib/thumb/v7-m/nofp/libg_nano.a(libc_a-fini.o)
                              /usr/lib/gcc/arm-none-eabi/13.2.1/../../../arm-none-eabi/lib/thumb/v7-m/nofp/crt0.o (__libc_fini_array)
/usr/lib/gcc/arm-none-eabi/13.2.1/../../../arm-none-eabi/lib/thumb/v7-m/nofp/libg_nano.a(libc_a-wbuf.o)
                              /usr/lib/gcc/arm-none-eabi/13.2.1/../../../arm-none-eabi/lib/thumb/v7-m/nofp/libg_nano.a(libc_a-puts.o) (__swbuf_r)
/usr/lib/gcc/arm-none-eabi/13.2.1/../../../arm-none-eabi/lib/thumb/v7-m/nofp/libg_nano.a(libc_a-sbrkr.o)
                              /usr/lib/gcc/arm-none-eabi/13.2.1/../../../arm-none-eabi/lib/thumb/v7-m/nofp/libg_nano.a(libc_a-mallocr.o) (_sbrk_r)
/usr/lib/gcc/arm-none-eabi/13.2.1/../../../arm-none-eabi/lib/thumb/v7-m/nofp/libg_nano.a(libc_a-stdio.o)
                              /usr/lib/gcc/arm-none-eabi/13.2.1/../../../arm-none-eabi/lib/thumb/v7-m/nofp/libg_nano.a(libc_a-findfp.o) (__sread)
/usr/lib/gcc/arm-none-eabi/13.2.1/../../../arm-none-eabi/lib/thumb/v7-m/nofp/libg_nano.a(libc_a-impure.o)
                              /usr/lib/gcc/arm-none-eabi/13.2.1/../../../arm-none-eabi/lib/thumb/v7-m/nofp/libg_nano.a(libc_a-puts.o) (_impure_ptr)
/usr/lib/gcc/arm-none-eabi/13.2.1/../../../arm-none-eabi/lib/thumb/v7-m/nofp/libg_nano.a(libc_a-closer.o)
                              /usr/lib/gcc/arm-none-eabi/13.2.1/../../../arm-none-eabi/lib/thumb/v7-m/nofp/libg_nano.a(libc_a-stdio.o) (_close_r)
[...]
Memory Configuration

Name             Origin             Length             Attributes
FLASH            0x08000000         0x00020000         xr
RAM              0x20000000         0x00005000         xrw
*default*        0x00000000         0xffffffff

Linker script and memory map

LOAD /usr/lib/gcc/arm-none-eabi/13.2.1/thumb/v7-m/nofp/crti.o
LOAD /usr/lib/gcc/arm-none-eabi/13.2.1/thumb/v7-m/nofp/crtbegin.o
LOAD /usr/lib/gcc/arm-none-eabi/13.2.1/../../../arm-none-eabi/lib/thumb/v7-m/nofp/crt0.o
LOAD CMakeFiles/lidar_sf20c_interface.dir/bsp/bsp.c.obj
LOAD CMakeFiles/lidar_sf20c_interface.dir/drivers/mcu/usart.c.obj
LOAD CMakeFiles/lidar_sf20c_interface.dir/drivers/devices/lidar.c.obj
LOAD CMakeFiles/lidar_sf20c_interface.dir/app/main.c.obj
LOAD CMakeFiles/lidar_sf20c_interface.dir/sys/interrupts.c.obj
LOAD CMakeFiles/lidar_sf20c_interface.dir/sys/syscall.c.obj
LOAD CMakeFiles/lidar_sf20c_interface.dir/device/startup_stm32f103xb.s.obj
LOAD CMakeFiles/lidar_sf20c_interface.dir/device/system_stm32f1xx.c.obj
START GROUP
LOAD /usr/lib/gcc/arm-none-eabi/13.2.1/thumb/v7-m/nofp/libgcc.a
LOAD /usr/lib/gcc/arm-none-eabi/13.2.1/../../../arm-none-eabi/lib/thumb/v7-m/nofp/libg_nano.a
LOAD /usr/lib/gcc/arm-none-eabi/13.2.1/../../../arm-none-eabi/lib/thumb/v7-m/nofp/libc_nano.a
END GROUP
START GROUP
LOAD /usr/lib/gcc/arm-none-eabi/13.2.1/thumb/v7-m/nofp/libgcc.a
LOAD /usr/lib/gcc/arm-none-eabi/13.2.1/../../../arm-none-eabi/lib/thumb/v7-m/nofp/libc_nano.a
LOAD /usr/lib/gcc/arm-none-eabi/13.2.1/../../../arm-none-eabi/lib/thumb/v7-m/nofp/libnosys.a
END GROUP
START GROUP
LOAD /usr/lib/gcc/arm-none-eabi/13.2.1/thumb/v7-m/nofp/libgcc.a
LOAD /usr/lib/gcc/arm-none-eabi/13.2.1/../../../arm-none-eabi/lib/thumb/v7-m/nofp/libc_nano.a
LOAD /usr/lib/gcc/arm-none-eabi/13.2.1/../../../arm-none-eabi/lib/thumb/v7-m/nofp/libnosys.a
END GROUP
LOAD /usr/lib/gcc/arm-none-eabi/13.2.1/thumb/v7-m/nofp/crtend.o
LOAD /usr/lib/gcc/arm-none-eabi/13.2.1/thumb/v7-m/nofp/crtn.o
                0x20004fff                        _estack = 0x20004fff
                0x00000200                        _Min_Heap_Size = 0x200
                0x00000400                        _Min_Stack_Size = 0x400

.isr_vector     0x08000000      0x10c
                0x08000000                        . = ALIGN (0x4)
 *(.isr_vector)
 .isr_vector    0x08000000      0x10c CMakeFiles/lidar_sf20c_interface.dir/device/startup_stm32f103xb.s.obj
                0x08000000                g_pfnVectors
                0x0800010c                        . = ALIGN (0x4)

.text           0x0800010c      0xf60
                0x0800010c                        . = ALIGN (0x4)
 *(.text)
 .text          0x0800010c       0x88 /usr/lib/gcc/arm-none-eabi/13.2.1/thumb/v7-m/nofp/crtbegin.o
 .text          0x08000194       0x50 /usr/lib/gcc/arm-none-eabi/13.2.1/../../../arm-none-eabi/lib/thumb/v7-m/nofp/libg_nano.a(libc_a-init.o)
                0x08000194                __libc_init_array
 .text          0x080001e4       0x98 /usr/lib/gcc/arm-none-eabi/13.2.1/../../../arm-none-eabi/lib/thumb/v7-m/nofp/libg_nano.a(libc_a-puts.o)
                0x080001e4                _puts_r
                0x0800026c                puts
 .text          0x0800027c      0x224 /usr/lib/gcc/arm-none-eabi/13.2.1/../../../arm-none-eabi/lib/thumb/v7-m/nofp/libg_nano.a(libc_a-findfp.o)
                0x080003ac                __sfp
                0x08000450                __sinit
                0x08000470                __sfp_lock_acquire
                0x08000474                __sfp_lock_release
                0x08000478                __fp_lock_all
                0x0800048c                __fp_unlock_all
 .text          0x080004a0       0xa0 /usr/lib/gcc/arm-none-eabi/13.2.1/../../../arm-none-eabi/lib/thumb/v7-m/nofp/libg_nano.a(libc_a-memset.o)
                0x080004a0                memset
 .text          0x08000540      0x198 /usr/lib/gcc/arm-none-eabi/13.2.1/../../../arm-none-eabi/lib/thumb/v7-m/nofp/libg_nano.a(libc_a-fflush.o)
                0x08000540                __sflush_r
                0x08000654                _fflush_r
                0x0800068c                fflush
 .text          0x080006d8      0x14c /usr/lib/gcc/arm-none-eabi/13.2.1/../../../arm-none-eabi/lib/thumb/v7-m/nofp/libg_nano.a(libc_a-mallocr.o)
                0x08000724                _malloc_r
 .text          0x08000824       0xbc /usr/lib/gcc/arm-none-eabi/13.2.1/../../../arm-none-eabi/lib/thumb/v7-m/nofp/libg_nano.a(libc_a-freer.o)
                0x08000824                _free_r
 .text          0x080008e0       0x44 /usr/lib/gcc/arm-none-eabi/13.2.1/../../../arm-none-eabi/lib/thumb/v7-m/nofp/libg_nano.a(libc_a-fwalk.o)
                0x080008e0                _fwalk_sglue
 .text          0x08000924       0xc4 /usr/lib/gcc/arm-none-eabi/13.2.1/../../../arm-none-eabi/lib/thumb/v7-m/nofp/libg_nano.a(libc_a-wsetup.o)
                0x08000924                __swsetup_r
 .text          0x080009e8        0x8 /usr/lib/gcc/arm-none-eabi/13.2.1/../../../arm-none-eabi/lib/thumb/v7-m/nofp/libg_nano.a(libc_a-mlock.o)
                0x080009e8                __malloc_lock
                0x080009ec                __malloc_unlock
 .text          0x080009f0      0x110 /usr/lib/gcc/arm-none-eabi/13.2.1/../../../arm-none-eabi/lib/thumb/v7-m/nofp/libg_nano.a(libc_a-makebuf.o)
                0x080009f0                __smakebuf_r
                0x08000ab4                __swhatbuf_r
 .text          0x08000b00       0x24 /usr/lib/gcc/arm-none-eabi/13.2.1/../../../arm-none-eabi/lib/thumb/v7-m/nofp/libg_nano.a(libc_a-isattyr.o)
                0x08000b00                _isatty_r
 .text          0x08000b24       0x9c /usr/lib/gcc/arm-none-eabi/13.2.1/../../../arm-none-eabi/lib/thumb/v7-m/nofp/libg_nano.a(libc_a-wbuf.o)
                0x08000b24                __swbuf_r
                0x08000bac                __swbuf
 .text          0x08000bc0       0x24 /usr/lib/gcc/arm-none-eabi/13.2.1/../../../arm-none-eabi/lib/thumb/v7-m/nofp/libg_nano.a(libc_a-sbrkr.o)
                0x08000bc0                _sbrk_r
 .text          0x08000be4       0x94 /usr/lib/gcc/arm-none-eabi/13.2.1/../../../arm-none-eabi/lib/thumb/v7-m/nofp/libg_nano.a(libc_a-stdio.o)
                0x08000be4                __sread
                0x08000c08                __seofread
                0x08000c0c                __swrite
                0x08000c4c                __sseek
                0x08000c70                __sclose
 .text          0x08000c78       0x24 /usr/lib/gcc/arm-none-eabi/13.2.1/../../../arm-none-eabi/lib/thumb/v7-m/nofp/libg_nano.a(libc_a-closer.o)
                0x08000c78                _close_r
 .text          0x08000c9c       0x2c /usr/lib/gcc/arm-none-eabi/13.2.1/../../../arm-none-eabi/lib/thumb/v7-m/nofp/libg_nano.a(libc_a-readr.o)
                0x08000c9c                _read_r
 .text          0x08000cc8       0x28 /usr/lib/gcc/arm-none-eabi/13.2.1/../../../arm-none-eabi/lib/thumb/v7-m/nofp/libg_nano.a(libc_a-fstatr.o)
                0x08000cc8                _fstat_r
 .text          0x08000cf0       0x2c /usr/lib/gcc/arm-none-eabi/13.2.1/../../../arm-none-eabi/lib/thumb/v7-m/nofp/libg_nano.a(libc_a-lseekr.o)
                0x08000cf0                _lseek_r
 .text          0x08000d1c       0x2c /usr/lib/gcc/arm-none-eabi/13.2.1/../../../arm-none-eabi/lib/thumb/v7-m/nofp/libg_nano.a(libc_a-writer.o)
                0x08000d1c                _write_r
 *(.text*)
 .text.BSP_ClockConfig
                0x08000d48       0x70 CMakeFiles/lidar_sf20c_interface.dir/bsp/bsp.c.obj
 .text.BSP_GPIO_SetMode
                0x08000db8       0x28 CMakeFiles/lidar_sf20c_interface.dir/bsp/bsp.c.obj
 .text.BSP_GPIO_Init
                0x08000de0       0x58 CMakeFiles/lidar_sf20c_interface.dir/bsp/bsp.c.obj
 .text.BSP_SysTick_Init
                0x08000e38       0x18 CMakeFiles/lidar_sf20c_interface.dir/bsp/bsp.c.obj
 .text.BSP_Init
                0x08000e50       0x10 CMakeFiles/lidar_sf20c_interface.dir/bsp/bsp.c.obj
                0x08000e50                BSP_Init
 .text.SysTick_Handler
                0x08000e60       0x10 CMakeFiles/lidar_sf20c_interface.dir/bsp/bsp.c.obj
                0x08000e60                SysTick_Handler
 .text.rx_isr   0x08000e70       0x34 CMakeFiles/lidar_sf20c_interface.dir/drivers/mcu/usart.c.obj
 .text.USART1_IRQHandler
                0x08000ea4       0x14 CMakeFiles/lidar_sf20c_interface.dir/drivers/mcu/usart.c.obj
                0x08000ea4                USART1_IRQHandler
 .text.usart_init
                0x08000eb8       0x98 CMakeFiles/lidar_sf20c_interface.dir/drivers/mcu/usart.c.obj
                0x08000eb8                usart_init
 .text.usart_write_byte
                0x08000f50        0xc CMakeFiles/lidar_sf20c_interface.dir/drivers/mcu/usart.c.obj
                0x08000f50                usart_write_byte
 .text.main     0x08000f5c       0x3c CMakeFiles/lidar_sf20c_interface.dir/app/main.c.obj
                0x08000f5c                main
 .text.NMI_Handler
                0x08000f98        0x2 CMakeFiles/lidar_sf20c_interface.dir/sys/interrupts.c.obj
                0x08000f98                NMI_Handler
 .text.HardFault_Handler
                0x08000f9a        0x2 CMakeFiles/lidar_sf20c_interface.dir/sys/interrupts.c.obj
                0x08000f9a                HardFault_Handler
 .text.MemManage_Handler
                0x08000f9c        0x2 CMakeFiles/lidar_sf20c_interface.dir/sys/interrupts.c.obj
                0x08000f9c                MemManage_Handler
 .text.BusFault_Handler
                0x08000f9e        0x2 CMakeFiles/lidar_sf20c_interface.dir/sys/interrupts.c.obj
                0x08000f9e                BusFault_Handler
 .text.UsageFault_Handler
                0x08000fa0        0x2 CMakeFiles/lidar_sf20c_interface.dir/sys/interrupts.c.obj
                0x08000fa0                UsageFault_Handler
 .text.SVC_Handler
                0x08000fa2        0x2 CMakeFiles/lidar_sf20c_interface.dir/sys/interrupts.c.obj
                0x08000fa2                SVC_Handler
 .text.DebugMon_Handler
                0x08000fa4        0x2 CMakeFiles/lidar_sf20c_interface.dir/sys/interrupts.c.obj
                0x08000fa4                DebugMon_Handler
 .text.PendSV_Handler
                0x08000fa6        0x2 CMakeFiles/lidar_sf20c_interface.dir/sys/interrupts.c.obj
                0x08000fa6                PendSV_Handler
 .text._write   0x08000fa8       0x20 CMakeFiles/lidar_sf20c_interface.dir/sys/syscall.c.obj
                0x08000fa8                _write
 .text._read    0x08000fc8        0x4 CMakeFiles/lidar_sf20c_interface.dir/sys/syscall.c.obj
                0x08000fc8                _read
 .text._close   0x08000fcc        0x6 CMakeFiles/lidar_sf20c_interface.dir/sys/syscall.c.obj
                0x08000fcc                _close
 .text._lseek   0x08000fd2        0x4 CMakeFiles/lidar_sf20c_interface.dir/sys/syscall.c.obj
                0x08000fd2                _lseek
 .text._fstat   0x08000fd6        0xa CMakeFiles/lidar_sf20c_interface.dir/sys/syscall.c.obj
                0x08000fd6                _fstat
 .text._isatty  0x08000fe0        0x4 CMakeFiles/lidar_sf20c_interface.dir/sys/syscall.c.obj
                0x08000fe0                _isatty
 .text._sbrk    0x08000fe4       0x24 CMakeFiles/lidar_sf20c_interface.dir/sys/syscall.c.obj
                0x08000fe4                _sbrk
 .text.Reset_Handler
                0x08001008       0x48 CMakeFiles/lidar_sf20c_interface.dir/device/startup_stm32f103xb.s.obj
                0x08001008                Reset_Handler
 .text.Default_Handler
                0x08001050        0x2 CMakeFiles/lidar_sf20c_interface.dir/device/startup_stm32f103xb.s.obj
                0x08001050                RTC_Alarm_IRQHandler
                0x08001050                EXTI2_IRQHandler
                0x08001050                TIM1_CC_IRQHandler
                0x08001050                PVD_IRQHandler
                0x08001050                EXTI3_IRQHandler
                0x08001050                EXTI0_IRQHandler
                0x08001050                I2C2_EV_IRQHandler
                0x08001050                ADC1_2_IRQHandler
                0x08001050                SPI1_IRQHandler
                0x08001050                TAMPER_IRQHandler
                0x08001050                DMA1_Channel4_IRQHandler
                0x08001050                USART3_IRQHandler
                0x08001050                RTC_IRQHandler
                0x08001050                DMA1_Channel7_IRQHandler
                0x08001050                CAN1_RX1_IRQHandler
                0x08001050                TIM4_IRQHandler
                0x08001050                I2C1_EV_IRQHandler
                0x08001050                DMA1_Channel6_IRQHandler
                0x08001050                TIM3_IRQHandler
                0x08001050                RCC_IRQHandler
                0x08001050                TIM1_TRG_COM_IRQHandler
                0x08001050                DMA1_Channel1_IRQHandler
                0x08001050                Default_Handler
                0x08001050                EXTI15_10_IRQHandler
                0x08001050                EXTI9_5_IRQHandler
                0x08001050                SPI2_IRQHandler
                0x08001050                DMA1_Channel5_IRQHandler
                0x08001050                EXTI4_IRQHandler
                0x08001050                USB_LP_CAN1_RX0_IRQHandler
                0x08001050                USB_HP_CAN1_TX_IRQHandler
                0x08001050                DMA1_Channel3_IRQHandler
                0x08001050                TIM1_UP_IRQHandler
                0x08001050                WWDG_IRQHandler
                0x08001050                TIM2_IRQHandler
                0x08001050                TIM1_BRK_IRQHandler
                0x08001050                EXTI1_IRQHandler
                0x08001050                USART2_IRQHandler
                0x08001050                I2C2_ER_IRQHandler
                0x08001050                DMA1_Channel2_IRQHandler
                0x08001050                CAN1_SCE_IRQHandler
                0x08001050                FLASH_IRQHandler
                0x08001050                I2C1_ER_IRQHandler
                0x08001050                USBWakeUp_IRQHandler
 .text.SystemInit
                0x08001052        0x2 CMakeFiles/lidar_sf20c_interface.dir/device/system_stm32f1xx.c.obj
                0x08001052                SystemInit
 *(.glue_7)
 .glue_7        0x08001054        0x0 linker stubs
 *(.glue_7t)
 .glue_7t       0x08001054        0x0 linker stubs
 *(.eh_frame)
 .eh_frame      0x08001054        0x0 /usr/lib/gcc/arm-none-eabi/13.2.1/thumb/v7-m/nofp/crtbegin.o
 *(.init)
 .init          0x08001054        0x4 /usr/lib/gcc/arm-none-eabi/13.2.1/thumb/v7-m/nofp/crti.o
                0x08001054                _init
 .init          0x08001058        0x8 /usr/lib/gcc/arm-none-eabi/13.2.1/thumb/v7-m/nofp/crtn.o
 *(.fini)
 .fini          0x08001060        0x4 /usr/lib/gcc/arm-none-eabi/13.2.1/thumb/v7-m/nofp/crti.o
                0x08001060                _fini
 .fini          0x08001064        0x8 /usr/lib/gcc/arm-none-eabi/13.2.1/thumb/v7-m/nofp/crtn.o
                0x0800106c                        . = ALIGN (0x4)
                0x0800106c                        _etext = .

.vfp11_veneer   0x0800106c        0x0
 .vfp11_veneer  0x0800106c        0x0 linker stubs

.v4_bx          0x0800106c        0x0
 .v4_bx         0x0800106c        0x0 linker stubs

.iplt           0x0800106c        0x0
 .iplt          0x0800106c        0x0 /usr/lib/gcc/arm-none-eabi/13.2.1/thumb/v7-m/nofp/crtbegin.o

.rodata         0x0800106c       0x30
                0x0800106c                        . = ALIGN (0x4)
 *(.rodata)
 .rodata        0x0800106c       0x18 CMakeFiles/lidar_sf20c_interface.dir/app/main.c.obj
 *(.rodata*)
 .rodata.main.str1.4
                0x08001084       0x17 CMakeFiles/lidar_sf20c_interface.dir/app/main.c.obj
                0x0800109c                        . = ALIGN (0x4)
 *fill*         0x0800109b        0x1 

.rel.dyn        0x0800109c        0x0
 .rel.iplt      0x0800109c        0x0 /usr/lib/gcc/arm-none-eabi/13.2.1/thumb/v7-m/nofp/crtbegin.o

.ARM.extab
 *(.ARM.extab* .gnu.linkonce.armextab.*)

.ARM            0x0800109c        0x0
                0x0800109c                        __exidx_start = .
 *(.ARM.exidx*)
                0x0800109c                        __exidx_end = .

.preinit_array  0x0800109c        0x0
                0x0800109c                        PROVIDE (__preinit_array_start = .)
 *(.preinit_array*)
                0x0800109c                        PROVIDE (__preinit_array_end = .)

.init_array     0x0800109c        0x4
                0x0800109c                        PROVIDE (__init_array_start = .)
 *(SORT_BY_NAME(.init_array.*))
 *(.init_array*)
 .init_array    0x0800109c        0x4 /usr/lib/gcc/arm-none-eabi/13.2.1/thumb/v7-m/nofp/crtbegin.o
                0x080010a0                        PROVIDE (__init_array_end = .)

.fini_array     0x080010a0        0x4
                0x080010a0                        PROVIDE (__fini_array_start = .)
 *(SORT_BY_NAME(.fini_array.*))
 *(.fini_array*)
 .fini_array    0x080010a0        0x4 /usr/lib/gcc/arm-none-eabi/13.2.1/thumb/v7-m/nofp/crtbegin.o
                0x080010a4                        PROVIDE (__fini_array_end = .)
                0x080010a4                        _sidata = LOADADDR (.data)

.data           0x20000000       0x5c load address 0x080010a4
                0x20000000                        . = ALIGN (0x4)
                0x20000000                        _sdata = .
 *(.data)
 .data          0x20000000        0xc /usr/lib/gcc/arm-none-eabi/13.2.1/../../../arm-none-eabi/lib/thumb/v7-m/nofp/libg_nano.a(libc_a-findfp.o)
                0x20000000                __sglue
 .data          0x2000000c       0x50 /usr/lib/gcc/arm-none-eabi/13.2.1/../../../arm-none-eabi/lib/thumb/v7-m/nofp/libg_nano.a(libc_a-impure.o)
                0x2000000c                _impure_ptr
                0x20000010                _impure_data
 *(.data*)
                0x2000005c                        . = ALIGN (0x4)
                0x2000005c                        _edata = .

.tm_clone_table
                0x2000005c        0x0 load address 0x08001100
 .tm_clone_table
                0x2000005c        0x0 /usr/lib/gcc/arm-none-eabi/13.2.1/thumb/v7-m/nofp/crtbegin.o
 .tm_clone_table
                0x2000005c        0x0 /usr/lib/gcc/arm-none-eabi/13.2.1/thumb/v7-m/nofp/crtend.o

.igot.plt       0x2000005c        0x0 load address 0x08001100
 .igot.plt      0x2000005c        0x0 /usr/lib/gcc/arm-none-eabi/13.2.1/thumb/v7-m/nofp/crtbegin.o
                0x2000005c                        . = ALIGN (0x4)

.bss            0x2000005c      0x570 load address 0x08001100
                0x2000005c                        _sbss = .
                0x2000005c                        __bss_start__ = _sbss
 *(.bss)
 .bss           0x2000005c       0x1c /usr/lib/gcc/arm-none-eabi/13.2.1/thumb/v7-m/nofp/crtbegin.o
 .bss           0x20000078      0x13c /usr/lib/gcc/arm-none-eabi/13.2.1/../../../arm-none-eabi/lib/thumb/v7-m/nofp/libg_nano.a(libc_a-findfp.o)
                0x20000078                __sf
                0x200001b0                __stdio_exit_handler
 .bss           0x200001b4        0x8 /usr/lib/gcc/arm-none-eabi/13.2.1/../../../arm-none-eabi/lib/thumb/v7-m/nofp/libg_nano.a(libc_a-mallocr.o)
                0x200001b4                __malloc_sbrk_start
                0x200001b8                __malloc_free_list
 .bss           0x200001bc        0x4 /usr/lib/gcc/arm-none-eabi/13.2.1/../../../arm-none-eabi/lib/thumb/v7-m/nofp/libg_nano.a(libc_a-reent.o)
                0x200001bc                errno
 *(.bss*)
 .bss.s_tick_count
                0x200001c0        0x4 CMakeFiles/lidar_sf20c_interface.dir/bsp/bsp.c.obj
 .bss.s_rx_lidar
                0x200001c4      0x404 CMakeFiles/lidar_sf20c_interface.dir/drivers/mcu/usart.c.obj
 .bss.heap_end.0
                0x200005c8        0x4 CMakeFiles/lidar_sf20c_interface.dir/sys/syscall.c.obj
 *(COMMON)
                0x200005cc                        . = ALIGN (0x4)
                0x200005cc                        _ebss = .
                0x200005cc                        __bss_end__ = _ebss

._user_heap_stack
                0x200005cc      0x604 load address 0x08001100
                0x200005d0                        . = ALIGN (0x8)
 *fill*         0x200005cc        0x4 
                [!provide]                        PROVIDE (end = .)
                0x200005d0                        PROVIDE (_end = .)
                0x200007d0                        . = (. + _Min_Heap_Size)
 *fill*         0x200005d0      0x200 
                0x20000bd0                        . = (. + _Min_Stack_Size)
 *fill*         0x200007d0      0x400 
                0x20000bd0                        . = ALIGN (0x8)

/DISCARD/
 libc.a(*)
 libm.a(*)
 libgcc.a(*)

.ARM.attributes
                0x00000000       0x29
 *(.ARM.attributes)
 .ARM.attributes
                0x00000000       0x1d /usr/lib/gcc/arm-none-eabi/13.2.1/thumb/v7-m/nofp/crti.o
 .ARM.attributes
                0x0000001d       0x2d /usr/lib/gcc/arm-none-eabi/13.2.1/thumb/v7-m/nofp/crtbegin.o
 .ARM.attributes
                0x0000004a       0x2d CMakeFiles/lidar_sf20c_interface.dir/bsp/bsp.c.obj
 .ARM.attributes
                0x00000077       0x2d CMakeFiles/lidar_sf20c_interface.dir/drivers/mcu/usart.c.obj
 .ARM.attributes
                0x000000a4       0x2d CMakeFiles/lidar_sf20c_interface.dir/app/main.c.obj
 .ARM.attributes
                0x000000d1       0x2d CMakeFiles/lidar_sf20c_interface.dir/sys/interrupts.c.obj
 .ARM.attributes
                0x000000fe       0x2d CMakeFiles/lidar_sf20c_interface.dir/sys/syscall.c.obj
 .ARM.attributes
                0x0000012b       0x21 CMakeFiles/lidar_sf20c_interface.dir/device/startup_stm32f103xb.s.obj
 .ARM.attributes
                0x0000014c       0x2d CMakeFiles/lidar_sf20c_interface.dir/device/system_stm32f1xx.c.obj
 .ARM.attributes
                0x00000179       0x2d /usr/lib/gcc/arm-none-eabi/13.2.1/../../../arm-none-eabi/lib/thumb/v7-m/nofp/libg_nano.a(libc_a-init.o)
 .ARM.attributes
                0x000001a6       0x2d /usr/lib/gcc/arm-none-eabi/13.2.1/../../../arm-none-eabi/lib/thumb/v7-m/nofp/libg_nano.a(libc_a-puts.o)
 .ARM.attributes
                0x000001d3       0x2d /usr/lib/gcc/arm-none-eabi/13.2.1/../../../arm-none-eabi/lib/thumb/v7-m/nofp/libg_nano.a(libc_a-findfp.o)
 .ARM.attributes
                0x00000200       0x2d /usr/lib/gcc/arm-none-eabi/13.2.1/../../../arm-none-eabi/lib/thumb/v7-m/nofp/libg_nano.a(libc_a-memset.o)
 .ARM.attributes
                0x0000022d       0x2d /usr/lib/gcc/arm-none-eabi/13.2.1/../../../arm-none-eabi/lib/thumb/v7-m/nofp/libg_nano.a(libc_a-fflush.o)
 .ARM.attributes
                0x0000025a       0x2d /usr/lib/gcc/arm-none-eabi/13.2.1/../../../arm-none-eabi/lib/thumb/v7-m/nofp/libg_nano.a(libc_a-mallocr.o)
 .ARM.attributes
                0x00000287       0x2d /usr/lib/gcc/arm-none-eabi/13.2.1/../../../arm-none-eabi/lib/thumb/v7-m/nofp/libg_nano.a(libc_a-freer.o)
 .ARM.attributes
                0x000002b4       0x2d /usr/lib/gcc/arm-none-eabi/13.2.1/../../../arm-none-eabi/lib/thumb/v7-m/nofp/libg_nano.a(libc_a-fwalk.o)
 .ARM.attributes
                0x000002e1       0x2d /usr/lib/gcc/arm-none-eabi/13.2.1/../../../arm-none-eabi/lib/thumb/v7-m/nofp/libg_nano.a(libc_a-wsetup.o)
 .ARM.attributes
                0x0000030e       0x2d /usr/lib/gcc/arm-none-eabi/13.2.1/../../../arm-none-eabi/lib/thumb/v7-m/nofp/libg_nano.a(libc_a-mlock.o)
 .ARM.attributes
                0x0000033b       0x2d /usr/lib/gcc/arm-none-eabi/13.2.1/../../../arm-none-eabi/lib/thumb/v7-m/nofp/libg_nano.a(libc_a-makebuf.o)
 .ARM.attributes
                0x00000368       0x2d /usr/lib/gcc/arm-none-eabi/13.2.1/../../../arm-none-eabi/lib/thumb/v7-m/nofp/libg_nano.a(libc_a-isattyr.o)
 .ARM.attributes
                0x00000395       0x2d /usr/lib/gcc/arm-none-eabi/13.2.1/../../../arm-none-eabi/lib/thumb/v7-m/nofp/libg_nano.a(libc_a-wbuf.o)
 .ARM.attributes
                0x000003c2       0x2d /usr/lib/gcc/arm-none-eabi/13.2.1/../../../arm-none-eabi/lib/thumb/v7-m/nofp/libg_nano.a(libc_a-sbrkr.o)
 .ARM.attributes
                0x000003ef       0x2d /usr/lib/gcc/arm-none-eabi/13.2.1/../../../arm-none-eabi/lib/thumb/v7-m/nofp/libg_nano.a(libc_a-stdio.o)
 .ARM.attributes
                0x0000041c       0x2d /usr/lib/gcc/arm-none-eabi/13.2.1/../../../arm-none-eabi/lib/thumb/v7-m/nofp/libg_nano.a(libc_a-impure.o)
 .ARM.attributes
                0x00000449       0x2d /usr/lib/gcc/arm-none-eabi/13.2.1/../../../arm-none-eabi/lib/thumb/v7-m/nofp/libg_nano.a(libc_a-closer.o)
 .ARM.attributes
                0x00000476       0x2d /usr/lib/gcc/arm-none-eabi/13.2.1/../../../arm-none-eabi/lib/thumb/v7-m/nofp/libg_nano.a(libc_a-readr.o)
 .ARM.attributes
                0x000004a3       0x2d /usr/lib/gcc/arm-none-eabi/13.2.1/../../../arm-none-eabi/lib/thumb/v7-m/nofp/libg_nano.a(libc_a-reent.o)
 .ARM.attributes
                0x000004d0       0x2d /usr/lib/gcc/arm-none-eabi/13.2.1/../../../arm-none-eabi/lib/thumb/v7-m/nofp/libg_nano.a(libc_a-fstatr.o)
 .ARM.attributes
                0x000004fd       0x2d /usr/lib/gcc/arm-none-eabi/13.2.1/../../../arm-none-eabi/lib/thumb/v7-m/nofp/libg_nano.a(libc_a-lseekr.o)
 .ARM.attributes
                0x0000052a       0x2d /usr/lib/gcc/arm-none-eabi/13.2.1/../../../arm-none-eabi/lib/thumb/v7-m/nofp/libg_nano.a(libc_a-writer.o)
 .ARM.attributes
                0x00000557       0x2d /usr/lib/gcc/arm-none-eabi/13.2.1/thumb/v7-m/nofp/crtend.o
 .ARM.attributes
                0x00000584       0x1d /usr/lib/gcc/arm-none-eabi/13.2.1/thumb/v7-m/nofp/crtn.o
OUTPUT(lidar_sf20c_interface elf32-littlearm)
LOAD linker stubs
LOAD /usr/lib/gcc/arm-none-eabi/13.2.1/../../../arm-none-eabi/lib/thumb/v7-m/nofp/libc.a
LOAD /usr/lib/gcc/arm-none-eabi/13.2.1/../../../arm-none-eabi/lib/thumb/v7-m/nofp/libm.a
LOAD /usr/lib/gcc/arm-none-eabi/13.2.1/thumb/v7-m/nofp/libgcc.a

.comment        0x00000000       0x26
 .comment       0x00000000       0x26 /usr/lib/gcc/arm-none-eabi/13.2.1/thumb/v7-m/nofp/crtbegin.o
                                 0x27 (size before relaxing)
 .comment       0x00000026       0x27 CMakeFiles/lidar_sf20c_interface.dir/bsp/bsp.c.obj
 .comment       0x00000026       0x27 CMakeFiles/lidar_sf20c_interface.dir/drivers/mcu/usart.c.obj
 .comment       0x00000026       0x27 CMakeFiles/lidar_sf20c_interface.dir/app/main.c.obj
 .comment       0x00000026       0x27 CMakeFiles/lidar_sf20c_interface.dir/sys/interrupts.c.obj
 .comment       0x00000026       0x27 CMakeFiles/lidar_sf20c_interface.dir/sys/syscall.c.obj
 .comment       0x00000026       0x27 CMakeFiles/lidar_sf20c_interface.dir/device/system_stm32f1xx.c.obj
 .comment       0x00000026       0x27 /usr/lib/gcc/arm-none-eabi/13.2.1/../../../arm-none-eabi/lib/thumb/v7-m/nofp/libg_nano.a(libc_a-init.o)
 .comment       0x00000026       0x27 /usr/lib/gcc/arm-none-eabi/13.2.1/../../../arm-none-eabi/lib/thumb/v7-m/nofp/libg_nano.a(libc_a-puts.o)
 .comment       0x00000026       0x27 /usr/lib/gcc/arm-none-eabi/13.2.1/../../../arm-none-eabi/lib/thumb/v7-m/nofp/libg_nano.a(libc_a-findfp.o)
 .comment       0x00000026       0x27 /usr/lib/gcc/arm-none-eabi/13.2.1/../../../arm-none-eabi/lib/thumb/v7-m/nofp/libg_nano.a(libc_a-memset.o)
 .comment       0x00000026       0x27 /usr/lib/gcc/arm-none-eabi/13.2.1/../../../arm-none-eabi/lib/thumb/v7-m/nofp/libg_nano.a(libc_a-fflush.o)
 .comment       0x00000026       0x27 /usr/lib/gcc/arm-none-eabi/13.2.1/../../../arm-none-eabi/lib/thumb/v7-m/nofp/libg_nano.a(libc_a-mallocr.o)
 .comment       0x00000026       0x27 /usr/lib/gcc/arm-none-eabi/13.2.1/../../../arm-none-eabi/lib/thumb/v7-m/nofp/libg_nano.a(libc_a-freer.o)
 .comment       0x00000026       0x27 /usr/lib/gcc/arm-none-eabi/13.2.1/../../../arm-none-eabi/lib/thumb/v7-m/nofp/libg_nano.a(libc_a-fwalk.o)
 .comment       0x00000026       0x27 /usr/lib/gcc/arm-none-eabi/13.2.1/../../../arm-none-eabi/lib/thumb/v7-m/nofp/libg_nano.a(libc_a-wsetup.o)
 .comment       0x00000026       0x27 /usr/lib/gcc/arm-none-eabi/13.2.1/../../../arm-none-eabi/lib/thumb/v7-m/nofp/libg_nano.a(libc_a-mlock.o)
 .comment       0x00000026       0x27 /usr/lib/gcc/arm-none-eabi/13.2.1/../../../arm-none-eabi/lib/thumb/v7-m/nofp/libg_nano.a(libc_a-makebuf.o)
 .comment       0x00000026       0x27 /usr/lib/gcc/arm-none-eabi/13.2.1/../../../arm-none-eabi/lib/thumb/v7-m/nofp/libg_nano.a(libc_a-isattyr.o)
 .comment       0x00000026       0x27 /usr/lib/gcc/arm-none-eabi/13.2.1/../../../arm-none-eabi/lib/thumb/v7-m/nofp/libg_nano.a(libc_a-wbuf.o)
 .comment       0x00000026       0x27 /usr/lib/gcc/arm-none-eabi/13.2.1/../../../arm-none-eabi/lib/thumb/v7-m/nofp/libg_nano.a(libc_a-sbrkr.o)
 .comment       0x00000026       0x27 /usr/lib/gcc/arm-none-eabi/13.2.1/../../../arm-none-eabi/lib/thumb/v7-m/nofp/libg_nano.a(libc_a-stdio.o)
 .comment       0x00000026       0x27 /usr/lib/gcc/arm-none-eabi/13.2.1/../../../arm-none-eabi/lib/thumb/v7-m/nofp/libg_nano.a(libc_a-impure.o)
 .comment       0x00000026       0x27 /usr/lib/gcc/arm-none-eabi/13.2.1/../../../arm-none-eabi/lib/thumb/v7-m/nofp/libg_nano.a(libc_a-closer.o)
 .comment       0x00000026       0x27 /usr/lib/gcc/arm-none-eabi/13.2.1/../../../arm-none-eabi/lib/thumb/v7-m/nofp/libg_nano.a(libc_a-readr.o)
 .comment       0x00000026       0x27 /usr/lib/gcc/arm-none-eabi/13.2.1/../../../arm-none-eabi/lib/thumb/v7-m/nofp/libg_nano.a(libc_a-reent.o)
 .comment       0x00000026       0x27 /usr/lib/gcc/arm-none-eabi/13.2.1/../../../arm-none-eabi/lib/thumb/v7-m/nofp/libg_nano.a(libc_a-fstatr.o)
 .comment       0x00000026       0x27 /usr/lib/gcc/arm-none-eabi/13.2.1/../../../arm-none-eabi/lib/thumb/v7-m/nofp/libg_nano.a(libc_a-lseekr.o)
 .comment       0x00000026       0x27 /usr/lib/gcc/arm-none-eabi/13.2.1/../../../arm-none-eabi/lib/thumb/v7-m/nofp/libg_nano.a(libc_a-writer.o)
 .comment       0x00000026       0x27 /usr/lib/gcc/arm-none-eabi/13.2.1/thumb/v7-m/nofp/crtend.o

.debug_info     0x00000000     0xca0a
 .debug_info    0x00000000      0x4ab CMakeFiles/lidar_sf20c_interface.dir/bsp/bsp.c.obj
 .debug_info    0x000004ab      0x921 CMakeFiles/lidar_sf20c_interface.dir/drivers/mcu/usart.c.obj
 .debug_info    0x00000dcc      0x1ec CMakeFiles/lidar_sf20c_interface.dir/app/main.c.obj
 .debug_info    0x00000fb8       0xf1 CMakeFiles/lidar_sf20c_interface.dir/sys/interrupts.c.obj
 .debug_info    0x000010a9      0x542 CMakeFiles/lidar_sf20c_interface.dir/sys/syscall.c.obj
 .debug_info    0x000015eb       0x30 CMakeFiles/lidar_sf20c_interface.dir/device/startup_stm32f103xb.s.obj
 .debug_info    0x0000161b      0x210 CMakeFiles/lidar_sf20c_interface.dir/device/system_stm32f1xx.c.obj
 .debug_info    0x0000182b      0x10b /usr/lib/gcc/arm-none-eabi/13.2.1/../../../arm-none-eabi/lib/thumb/v7-m/nofp/libg_nano.a(libc_a-init.o)
 .debug_info    0x00001936      0x905 /usr/lib/gcc/arm-none-eabi/13.2.1/../../../arm-none-eabi/lib/thumb/v7-m/nofp/libg_nano.a(libc_a-puts.o)
 .debug_info    0x0000223b      0xe8c /usr/lib/gcc/arm-none-eabi/13.2.1/../../../arm-none-eabi/lib/thumb/v7-m/nofp/libg_nano.a(libc_a-findfp.o)
 .debug_info    0x000030c7      0x135 /usr/lib/gcc/arm-none-eabi/13.2.1/../../../arm-none-eabi/lib/thumb/v7-m/nofp/libg_nano.a(libc_a-memset.o)
 .debug_info    0x000031fc      0xa30 /usr/lib/gcc/arm-none-eabi/13.2.1/../../../arm-none-eabi/lib/thumb/v7-m/nofp/libg_nano.a(libc_a-fflush.o)
 .debug_info    0x00003c2c      0x9b6 /usr/lib/gcc/arm-none-eabi/13.2.1/../../../arm-none-eabi/lib/thumb/v7-m/nofp/libg_nano.a(libc_a-mallocr.o)
 .debug_info    0x000045e2      0x87f /usr/lib/gcc/arm-none-eabi/13.2.1/../../../arm-none-eabi/lib/thumb/v7-m/nofp/libg_nano.a(libc_a-freer.o)
 .debug_info    0x00004e61      0x7c8 /usr/lib/gcc/arm-none-eabi/13.2.1/../../../arm-none-eabi/lib/thumb/v7-m/nofp/libg_nano.a(libc_a-fwalk.o)
 .debug_info    0x00005629      0x7b1 /usr/lib/gcc/arm-none-eabi/13.2.1/../../../arm-none-eabi/lib/thumb/v7-m/nofp/libg_nano.a(libc_a-wsetup.o)
 .debug_info    0x00005dda      0x71c /usr/lib/gcc/arm-none-eabi/13.2.1/../../../arm-none-eabi/lib/thumb/v7-m/nofp/libg_nano.a(libc_a-mlock.o)
 .debug_info    0x000064f6      0xbe6 /usr/lib/gcc/arm-none-eabi/13.2.1/../../../arm-none-eabi/lib/thumb/v7-m/nofp/libg_nano.a(libc_a-makebuf.o)
 .debug_info    0x000070dc      0x752 /usr/lib/gcc/arm-none-eabi/13.2.1/../../../arm-none-eabi/lib/thumb/v7-m/nofp/libg_nano.a(libc_a-isattyr.o)
 .debug_info    0x0000782e      0x863 /usr/lib/gcc/arm-none-eabi/13.2.1/../../../arm-none-eabi/lib/thumb/v7-m/nofp/libg_nano.a(libc_a-wbuf.o)
 .debug_info    0x00008091      0x778 /usr/lib/gcc/arm-none-eabi/13.2.1/../../../arm-none-eabi/lib/thumb/v7-m/nofp/libg_nano.a(libc_a-sbrkr.o)
 .debug_info    0x00008809      0xa80 /usr/lib/gcc/arm-none-eabi/13.2.1/../../../arm-none-eabi/lib/thumb/v7-m/nofp/libg_nano.a(libc_a-stdio.o)
 .debug_info    0x00009289      0x70b /usr/lib/gcc/arm-none-eabi/13.2.1/../../../arm-none-eabi/lib/thumb/v7-m/nofp/libg_nano.a(libc_a-impure.o)
 .debug_info    0x00009994      0x752 /usr/lib/gcc/arm-none-eabi/13.2.1/../../../arm-none-eabi/lib/thumb/v7-m/nofp/libg_nano.a(libc_a-closer.o)
 .debug_info    0x0000a0e6      0x7b5 /usr/lib/gcc/arm-none-eabi/13.2.1/../../../arm-none-eabi/lib/thumb/v7-m/nofp/libg_nano.a(libc_a-readr.o)
 .debug_info    0x0000a89b      0x89f /usr/lib/gcc/arm-none-eabi/13.2.1/../../../arm-none-eabi/lib/thumb/v7-m/nofp/libg_nano.a(libc_a-reent.o)
 .debug_info    0x0000b13a      0x977 /usr/lib/gcc/arm-none-eabi/13.2.1/../../../arm-none-eabi/lib/thumb/v7-m/nofp/libg_nano.a(libc_a-fstatr.o)
 .debug_info    0x0000bab1      0x79e /usr/lib/gcc/arm-none-eabi/13.2.1/../../../arm-none-eabi/lib/thumb/v7-m/nofp/libg_nano.a(libc_a-lseekr.o)
 .debug_info    0x0000c24f      0x7bb /usr/lib/gcc/arm-none-eabi/13.2.1/../../../arm-none-eabi/lib/thumb/v7-m/nofp/libg_nano.a(libc_a-writer.o)

.debug_abbrev   0x00000000     0x3478
 .debug_abbrev  0x00000000      0x1d6 CMakeFiles/lidar_sf20c_interface.dir/bsp/bsp.c.obj
 .debug_abbrev  0x000001d6      0x2e1 CMakeFiles/lidar_sf20c_interface.dir/drivers/mcu/usart.c.obj
 .debug_abbrev  0x000004b7      0x14d CMakeFiles/lidar_sf20c_interface.dir/app/main.c.obj
 .debug_abbrev  0x00000604       0x47 CMakeFiles/lidar_sf20c_interface.dir/sys/interrupts.c.obj
 .debug_abbrev  0x0000064b      0x1c8 CMakeFiles/lidar_sf20c_interface.dir/sys/syscall.c.obj
 .debug_abbrev  0x00000813       0x24 CMakeFiles/lidar_sf20c_interface.dir/device/startup_stm32f103xb.s.obj
 .debug_abbrev  0x00000837      0x146 CMakeFiles/lidar_sf20c_interface.dir/device/system_stm32f1xx.c.obj
 .debug_abbrev  0x0000097d       0xc9 /usr/lib/gcc/arm-none-eabi/13.2.1/../../../arm-none-eabi/lib/thumb/v7-m/nofp/libg_nano.a(libc_a-init.o)
 .debug_abbrev  0x00000a46      0x29c /usr/lib/gcc/arm-none-eabi/13.2.1/../../../arm-none-eabi/lib/thumb/v7-m/nofp/libg_nano.a(libc_a-puts.o)
 .debug_abbrev  0x00000ce2      0x408 /usr/lib/gcc/arm-none-eabi/13.2.1/../../../arm-none-eabi/lib/thumb/v7-m/nofp/libg_nano.a(libc_a-findfp.o)
 .debug_abbrev  0x000010ea       0xb7 /usr/lib/gcc/arm-none-eabi/13.2.1/../../../arm-none-eabi/lib/thumb/v7-m/nofp/libg_nano.a(libc_a-memset.o)
 .debug_abbrev  0x000011a1      0x2e1 /usr/lib/gcc/arm-none-eabi/13.2.1/../../../arm-none-eabi/lib/thumb/v7-m/nofp/libg_nano.a(libc_a-fflush.o)
 .debug_abbrev  0x00001482      0x24a /usr/lib/gcc/arm-none-eabi/13.2.1/../../../arm-none-eabi/lib/thumb/v7-m/nofp/libg_nano.a(libc_a-mallocr.o)
 .debug_abbrev  0x000016cc      0x249 /usr/lib/gcc/arm-none-eabi/13.2.1/../../../arm-none-eabi/lib/thumb/v7-m/nofp/libg_nano.a(libc_a-freer.o)
 .debug_abbrev  0x00001915      0x19b /usr/lib/gcc/arm-none-eabi/13.2.1/../../../arm-none-eabi/lib/thumb/v7-m/nofp/libg_nano.a(libc_a-fwalk.o)
 .debug_abbrev  0x00001ab0      0x1e2 /usr/lib/gcc/arm-none-eabi/13.2.1/../../../arm-none-eabi/lib/thumb/v7-m/nofp/libg_nano.a(libc_a-wsetup.o)
 .debug_abbrev  0x00001c92      0x192 /usr/lib/gcc/arm-none-eabi/13.2.1/../../../arm-none-eabi/lib/thumb/v7-m/nofp/libg_nano.a(libc_a-mlock.o)
 .debug_abbrev  0x00001e24      0x29d /usr/lib/gcc/arm-none-eabi/13.2.1/../../../arm-none-eabi/lib/thumb/v7-m/nofp/libg_nano.a(libc_a-makebuf.o)
 .debug_abbrev  0x000020c1      0x1b0 /usr/lib/gcc/arm-none-eabi/13.2.1/../../../arm-none-eabi/lib/thumb/v7-m/nofp/libg_nano.a(libc_a-isattyr.o)
 .debug_abbrev  0x00002271      0x236 /usr/lib/gcc/arm-none-eabi/13.2.1/../../../arm-none-eabi/lib/thumb/v7-m/nofp/libg_nano.a(libc_a-wbuf.o)
 .debug_abbrev  0x000024a7      0x1da /usr/lib/gcc/arm-none-eabi/13.2.1/../../../arm-none-eabi/lib/thumb/v7-m/nofp/libg_nano.a(libc_a-sbrkr.o)
 .debug_abbrev  0x00002681      0x224 /usr/lib/gcc/arm-none-eabi/13.2.1/../../../arm-none-eabi/lib/thumb/v7-m/nofp/libg_nano.a(libc_a-stdio.o)
 .debug_abbrev  0x000028a5      0x149 /usr/lib/gcc/arm-none-eabi/13.2.1/../../../arm-none-eabi/lib/thumb/v7-m/nofp/libg_nano.a(libc_a-impure.o)
 .debug_abbrev  0x000029ee      0x1b0 /usr/lib/gcc/arm-none-eabi/13.2.1/../../../arm-none-eabi/lib/thumb/v7-m/nofp/libg_nano.a(libc_a-closer.o)
 .debug_abbrev  0x00002b9e      0x1b0 /usr/lib/gcc/arm-none-eabi/13.2.1/../../../arm-none-eabi/lib/thumb/v7-m/nofp/libg_nano.a(libc_a-readr.o)
 .debug_abbrev  0x00002d4e      0x1ee /usr/lib/gcc/arm-none-eabi/13.2.1/../../../arm-none-eabi/lib/thumb/v7-m/nofp/libg_nano.a(libc_a-reent.o)
 .debug_abbrev  0x00002f3c      0x1c3 /usr/lib/gcc/arm-none-eabi/13.2.1/../../../arm-none-eabi/lib/thumb/v7-m/nofp/libg_nano.a(libc_a-fstatr.o)
 .debug_abbrev  0x000030ff      0x1c4 /usr/lib/gcc/arm-none-eabi/13.2.1/../../../arm-none-eabi/lib/thumb/v7-m/nofp/libg_nano.a(libc_a-lseekr.o)
 .debug_abbrev  0x000032c3      0x1b5 /usr/lib/gcc/arm-none-eabi/13.2.1/../../../arm-none-eabi/lib/thumb/v7-m/nofp/libg_nano.a(libc_a-writer.o)

.debug_loclists
                0x00000000     0x1a49
 .debug_loclists
                0x00000000       0x82 CMakeFiles/lidar_sf20c_interface.dir/bsp/bsp.c.obj
 .debug_loclists
                0x00000082      0x205 CMakeFiles/lidar_sf20c_interface.dir/drivers/mcu/usart.c.obj
 .debug_loclists
                0x00000287      0x144 CMakeFiles/lidar_sf20c_interface.dir/sys/syscall.c.obj
 .debug_loclists
                0x000003cb       0xb7 CMakeFiles/lidar_sf20c_interface.dir/device/system_stm32f1xx.c.obj
 .debug_loclists
                0x00000482       0x65 /usr/lib/gcc/arm-none-eabi/13.2.1/../../../arm-none-eabi/lib/thumb/v7-m/nofp/libg_nano.a(libc_a-init.o)
 .debug_loclists
                0x000004e7      0x195 /usr/lib/gcc/arm-none-eabi/13.2.1/../../../arm-none-eabi/lib/thumb/v7-m/nofp/libg_nano.a(libc_a-puts.o)
 .debug_loclists
                0x0000067c      0x1d0 /usr/lib/gcc/arm-none-eabi/13.2.1/../../../arm-none-eabi/lib/thumb/v7-m/nofp/libg_nano.a(libc_a-findfp.o)
 .debug_loclists
                0x0000084c      0x1d7 /usr/lib/gcc/arm-none-eabi/13.2.1/../../../arm-none-eabi/lib/thumb/v7-m/nofp/libg_nano.a(libc_a-memset.o)
 .debug_loclists
                0x00000a23      0x2f2 /usr/lib/gcc/arm-none-eabi/13.2.1/../../../arm-none-eabi/lib/thumb/v7-m/nofp/libg_nano.a(libc_a-fflush.o)
 .debug_loclists
                0x00000d15      0x273 /usr/lib/gcc/arm-none-eabi/13.2.1/../../../arm-none-eabi/lib/thumb/v7-m/nofp/libg_nano.a(libc_a-mallocr.o)
 .debug_loclists
                0x00000f88      0x164 /usr/lib/gcc/arm-none-eabi/13.2.1/../../../arm-none-eabi/lib/thumb/v7-m/nofp/libg_nano.a(libc_a-freer.o)
 .debug_loclists
                0x000010ec       0x79 /usr/lib/gcc/arm-none-eabi/13.2.1/../../../arm-none-eabi/lib/thumb/v7-m/nofp/libg_nano.a(libc_a-fwalk.o)
 .debug_loclists
                0x00001165       0x61 /usr/lib/gcc/arm-none-eabi/13.2.1/../../../arm-none-eabi/lib/thumb/v7-m/nofp/libg_nano.a(libc_a-wsetup.o)
 .debug_loclists
                0x000011c6      0x1b4 /usr/lib/gcc/arm-none-eabi/13.2.1/../../../arm-none-eabi/lib/thumb/v7-m/nofp/libg_nano.a(libc_a-makebuf.o)
 .debug_loclists
                0x0000137a       0x4b /usr/lib/gcc/arm-none-eabi/13.2.1/../../../arm-none-eabi/lib/thumb/v7-m/nofp/libg_nano.a(libc_a-isattyr.o)
 .debug_loclists
                0x000013c5      0x104 /usr/lib/gcc/arm-none-eabi/13.2.1/../../../arm-none-eabi/lib/thumb/v7-m/nofp/libg_nano.a(libc_a-wbuf.o)
 .debug_loclists
                0x000014c9       0x4b /usr/lib/gcc/arm-none-eabi/13.2.1/../../../arm-none-eabi/lib/thumb/v7-m/nofp/libg_nano.a(libc_a-sbrkr.o)
 .debug_loclists
                0x00001514      0x23b /usr/lib/gcc/arm-none-eabi/13.2.1/../../../arm-none-eabi/lib/thumb/v7-m/nofp/libg_nano.a(libc_a-stdio.o)
 .debug_loclists
                0x0000174f       0x4b /usr/lib/gcc/arm-none-eabi/13.2.1/../../../arm-none-eabi/lib/thumb/v7-m/nofp/libg_nano.a(libc_a-closer.o)
 .debug_loclists
                0x0000179a       0x97 /usr/lib/gcc/arm-none-eabi/13.2.1/../../../arm-none-eabi/lib/thumb/v7-m/nofp/libg_nano.a(libc_a-readr.o)
 .debug_loclists
                0x00001831       0x80 /usr/lib/gcc/arm-none-eabi/13.2.1/../../../arm-none-eabi/lib/thumb/v7-m/nofp/libg_nano.a(libc_a-reent.o)
 .debug_loclists
                0x000018b1       0x6a /usr/lib/gcc/arm-none-eabi/13.2.1/../../../arm-none-eabi/lib/thumb/v7-m/nofp/libg_nano.a(libc_a-fstatr.o)
 .debug_loclists
                0x0000191b       0x97 /usr/lib/gcc/arm-none-eabi/13.2.1/../../../arm-none-eabi/lib/thumb/v7-m/nofp/libg_nano.a(libc_a-lseekr.o)
 .debug_loclists
                0x000019b2       0x97 /usr/lib/gcc/arm-none-eabi/13.2.1/../../../arm-none-eabi/lib/thumb/v7-m/nofp/libg_nano.a(libc_a-writer.o)

.debug_aranges  0x00000000      0x478
 .debug_aranges
                0x00000000       0x58 CMakeFiles/lidar_sf20c_interface.dir/bsp/bsp.c.obj
 .debug_aranges
                0x00000058       0x50 CMakeFiles/lidar_sf20c_interface.dir/drivers/mcu/usart.c.obj
 .debug_aranges
                0x000000a8       0x20 CMakeFiles/lidar_sf20c_interface.dir/app/main.c.obj
 .debug_aranges
                0x000000c8       0x58 CMakeFiles/lidar_sf20c_interface.dir/sys/interrupts.c.obj
 .debug_aranges
                0x00000120       0x50 CMakeFiles/lidar_sf20c_interface.dir/sys/syscall.c.obj
 .debug_aranges
                0x00000170       0x28 CMakeFiles/lidar_sf20c_interface.dir/device/startup_stm32f103xb.s.obj
 .debug_aranges
                0x00000198       0x28 CMakeFiles/lidar_sf20c_interface.dir/device/system_stm32f1xx.c.obj
 .debug_aranges
                0x000001c0       0x20 /usr/lib/gcc/arm-none-eabi/13.2.1/../../../arm-none-eabi/lib/thumb/v7-m/nofp/libg_nano.a(libc_a-init.o)
 .debug_aranges
                0x000001e0       0x20 /usr/lib/gcc/arm-none-eabi/13.2.1/../../../arm-none-eabi/lib/thumb/v7-m/nofp/libg_nano.a(libc_a-puts.o)
 .debug_aranges
                0x00000200       0x20 /usr/lib/gcc/arm-none-eabi/13.2.1/../../../arm-none-eabi/lib/thumb/v7-m/nofp/libg_nano.a(libc_a-findfp.o)
 .debug_aranges
                0x00000220       0x20 /usr/lib/gcc/arm-none-eabi/13.2.1/../../../arm-none-eabi/lib/thumb/v7-m/nofp/libg_nano.a(libc_a-memset.o)
 .debug_aranges
                0x00000240       0x20 /usr/lib/gcc/arm-none-eabi/13.2.1/../../../arm-none-eabi/lib/thumb/v7-m/nofp/libg_nano.a(libc_a-fflush.o)
 .debug_aranges
                0x00000260       0x20 /usr/lib/gcc/arm-none-eabi/13.2.1/../../../arm-none-eabi/lib/thumb/v7-m/nofp/libg_nano.a(libc_a-mallocr.o)
 .debug_aranges
                0x00000280       0x20 /usr/lib/gcc/arm-none-eabi/13.2.1/../../../arm-none-eabi/lib/thumb/v7-m/nofp/libg_nano.a(libc_a-freer.o)
 .debug_aranges
                0x000002a0       0x20 /usr/lib/gcc/arm-none-eabi/13.2.1/../../../arm-none-eabi/lib/thumb/v7-m/nofp/libg_nano.a(libc_a-fwalk.o)
 .debug_aranges
                0x000002c0       0x20 /usr/lib/gcc/arm-none-eabi/13.2.1/../../../arm-none-eabi/lib/thumb/v7-m/nofp/libg_nano.a(libc_a-wsetup.o)
 .debug_aranges
                0x000002e0       0x20 /usr/lib/gcc/arm-none-eabi/13.2.1/../../../arm-none-eabi/lib/thumb/v7-m/nofp/libg_nano.a(libc_a-mlock.o)
 .debug_aranges
                0x00000300       0x20 /usr/lib/gcc/arm-none-eabi/13.2.1/../../../arm-none-eabi/lib/thumb/v7-m/nofp/libg_nano.a(libc_a-makebuf.o)
 .debug_aranges
                0x00000320       0x20 /usr/lib/gcc/arm-none-eabi/13.2.1/../../../arm-none-eabi/lib/thumb/v7-m/nofp/libg_nano.a(libc_a-isattyr.o)
 .debug_aranges
                0x00000340       0x20 /usr/lib/gcc/arm-none-eabi/13.2.1/../../../arm-none-eabi/lib/thumb/v7-m/nofp/libg_nano.a(libc_a-wbuf.o)
 .debug_aranges
                0x00000360       0x20 /usr/lib/gcc/arm-none-eabi/13.2.1/../../../arm-none-eabi/lib/thumb/v7-m/nofp/libg_nano.a(libc_a-sbrkr.o)
 .debug_aranges
                0x00000380       0x20 /usr/lib/gcc/arm-none-eabi/13.2.1/../../../arm-none-eabi/lib/thumb/v7-m/nofp/libg_nano.a(libc_a-stdio.o)
 .debug_aranges
                0x000003a0       0x18 /usr/lib/gcc/arm-none-eabi/13.2.1/../../../arm-none-eabi/lib/thumb/v7-m/nofp/libg_nano.a(libc_a-impure.o)
 .debug_aranges
                0x000003b8       0x20 /usr/lib/gcc/arm-none-eabi/13.2.1/../../../arm-none-eabi/lib/thumb/v7-m/nofp/libg_nano.a(libc_a-closer.o)
 .debug_aranges
                0x000003d8       0x20 /usr/lib/gcc/arm-none-eabi/13.2.1/../../../arm-none-eabi/lib/thumb/v7-m/nofp/libg_nano.a(libc_a-readr.o)
 .debug_aranges
                0x000003f8       0x20 /usr/lib/gcc/arm-none-eabi/13.2.1/../../../arm-none-eabi/lib/thumb/v7-m/nofp/libg_nano.a(libc_a-reent.o)
 .debug_aranges
                0x00000418       0x20 /usr/lib/gcc/arm-none-eabi/13.2.1/../../../arm-none-eabi/lib/thumb/v7-m/nofp/libg_nano.a(libc_a-fstatr.o)
 .debug_aranges
                0x00000438       0x20 /usr/lib/gcc/arm-none-eabi/13.2.1/../../../arm-none-eabi/lib/thumb/v7-m/nofp/libg_nano.a(libc_a-lseekr.o)
 .debug_aranges
                0x00000458       0x20 /usr/lib/gcc/arm-none-eabi/13.2.1/../../../arm-none-eabi/lib/thumb/v7-m/nofp/libg_nano.a(libc_a-writer.o)

.debug_rnglists
                0x00000000      0x2b9
 .debug_rnglists
                0x00000000       0x3d CMakeFiles/lidar_sf20c_interface.dir/bsp/bsp.c.obj
 .debug_rnglists
                0x0000003d       0x38 CMakeFiles/lidar_sf20c_interface.dir/drivers/mcu/usart.c.obj
 .debug_rnglists
                0x00000075       0x13 CMakeFiles/lidar_sf20c_interface.dir/app/main.c.obj
 .debug_rnglists
                0x00000088       0x3d CMakeFiles/lidar_sf20c_interface.dir/sys/interrupts.c.obj
 .debug_rnglists
                0x000000c5       0x37 CMakeFiles/lidar_sf20c_interface.dir/sys/syscall.c.obj
 .debug_rnglists
                0x000000fc       0x19 CMakeFiles/lidar_sf20c_interface.dir/device/startup_stm32f103xb.s.obj
 .debug_rnglists
                0x00000115       0x1a CMakeFiles/lidar_sf20c_interface.dir/device/system_stm32f1xx.c.obj
 .debug_rnglists
                0x0000012f       0x30 /usr/lib/gcc/arm-none-eabi/13.2.1/../../../arm-none-eabi/lib/thumb/v7-m/nofp/libg_nano.a(libc_a-puts.o)
 .debug_rnglists
                0x0000015f       0x7a /usr/lib/gcc/arm-none-eabi/13.2.1/../../../arm-none-eabi/lib/thumb/v7-m/nofp/libg_nano.a(libc_a-findfp.o)
 .debug_rnglists
                0x000001d9       0x58 /usr/lib/gcc/arm-none-eabi/13.2.1/../../../arm-none-eabi/lib/thumb/v7-m/nofp/libg_nano.a(libc_a-fflush.o)
 .debug_rnglists
                0x00000231       0x1f /usr/lib/gcc/arm-none-eabi/13.2.1/../../../arm-none-eabi/lib/thumb/v7-m/nofp/libg_nano.a(libc_a-mallocr.o)
 .debug_rnglists
                0x00000250       0x13 /usr/lib/gcc/arm-none-eabi/13.2.1/../../../arm-none-eabi/lib/thumb/v7-m/nofp/libg_nano.a(libc_a-freer.o)
 .debug_rnglists
                0x00000263       0x1e /usr/lib/gcc/arm-none-eabi/13.2.1/../../../arm-none-eabi/lib/thumb/v7-m/nofp/libg_nano.a(libc_a-wsetup.o)
 .debug_rnglists
                0x00000281       0x1d /usr/lib/gcc/arm-none-eabi/13.2.1/../../../arm-none-eabi/lib/thumb/v7-m/nofp/libg_nano.a(libc_a-makebuf.o)
 .debug_rnglists
                0x0000029e       0x1b /usr/lib/gcc/arm-none-eabi/13.2.1/../../../arm-none-eabi/lib/thumb/v7-m/nofp/libg_nano.a(libc_a-wbuf.o)

.debug_macro    0x00000000    0x1185d
 .debug_macro   0x00000000       0x7a CMakeFiles/lidar_sf20c_interface.dir/bsp/bsp.c.obj
 .debug_macro   0x0000007a      0xac6 CMakeFiles/lidar_sf20c_interface.dir/bsp/bsp.c.obj
 .debug_macro   0x00000b40       0x4c CMakeFiles/lidar_sf20c_interface.dir/bsp/bsp.c.obj
 .debug_macro   0x00000b8c       0x22 CMakeFiles/lidar_sf20c_interface.dir/bsp/bsp.c.obj
 .debug_macro   0x00000bae      0x34e CMakeFiles/lidar_sf20c_interface.dir/bsp/bsp.c.obj
 .debug_macro   0x00000efc       0x1c CMakeFiles/lidar_sf20c_interface.dir/bsp/bsp.c.obj
 .debug_macro   0x00000f18       0x22 CMakeFiles/lidar_sf20c_interface.dir/bsp/bsp.c.obj
 .debug_macro   0x00000f3a       0xeb CMakeFiles/lidar_sf20c_interface.dir/bsp/bsp.c.obj
 .debug_macro   0x00001025      0xd5c CMakeFiles/lidar_sf20c_interface.dir/bsp/bsp.c.obj
 .debug_macro   0x00001d81     0xe09e CMakeFiles/lidar_sf20c_interface.dir/bsp/bsp.c.obj
 .debug_macro   0x0000fe1f       0x52 CMakeFiles/lidar_sf20c_interface.dir/bsp/bsp.c.obj
 .debug_macro   0x0000fe71       0x95 CMakeFiles/lidar_sf20c_interface.dir/drivers/mcu/usart.c.obj
 .debug_macro   0x0000ff06       0x22 CMakeFiles/lidar_sf20c_interface.dir/drivers/mcu/usart.c.obj
 .debug_macro   0x0000ff28       0x2e CMakeFiles/lidar_sf20c_interface.dir/drivers/mcu/usart.c.obj
 .debug_macro   0x0000ff56       0x6d CMakeFiles/lidar_sf20c_interface.dir/drivers/mcu/usart.c.obj
 .debug_macro   0x0000ffc3      0x18d CMakeFiles/lidar_sf20c_interface.dir/app/main.c.obj
 .debug_macro   0x00010150       0x22 CMakeFiles/lidar_sf20c_interface.dir/app/main.c.obj
 .debug_macro   0x00010172       0x60 CMakeFiles/lidar_sf20c_interface.dir/app/main.c.obj
 .debug_macro   0x000101d2       0x24 CMakeFiles/lidar_sf20c_interface.dir/app/main.c.obj
 .debug_macro   0x000101f6       0x94 CMakeFiles/lidar_sf20c_interface.dir/app/main.c.obj
 .debug_macro   0x0001028a       0x3c CMakeFiles/lidar_sf20c_interface.dir/app/main.c.obj
 .debug_macro   0x000102c6       0x34 CMakeFiles/lidar_sf20c_interface.dir/app/main.c.obj
 .debug_macro   0x000102fa       0x16 CMakeFiles/lidar_sf20c_interface.dir/app/main.c.obj
 .debug_macro   0x00010310       0x57 CMakeFiles/lidar_sf20c_interface.dir/app/main.c.obj
 .debug_macro   0x00010367       0x9e CMakeFiles/lidar_sf20c_interface.dir/app/main.c.obj
 .debug_macro   0x00010405      0x370 CMakeFiles/lidar_sf20c_interface.dir/app/main.c.obj
 .debug_macro   0x00010775      0x112 CMakeFiles/lidar_sf20c_interface.dir/app/main.c.obj
 .debug_macro   0x00010887       0x10 CMakeFiles/lidar_sf20c_interface.dir/app/main.c.obj
 .debug_macro   0x00010897       0x16 CMakeFiles/lidar_sf20c_interface.dir/app/main.c.obj
 .debug_macro   0x000108ad       0x4a CMakeFiles/lidar_sf20c_interface.dir/app/main.c.obj
 .debug_macro   0x000108f7       0x34 CMakeFiles/lidar_sf20c_interface.dir/app/main.c.obj
 .debug_macro   0x0001092b       0x10 CMakeFiles/lidar_sf20c_interface.dir/app/main.c.obj
 .debug_macro   0x0001093b       0x52 CMakeFiles/lidar_sf20c_interface.dir/app/main.c.obj
 .debug_macro   0x0001098d      0x1de CMakeFiles/lidar_sf20c_interface.dir/app/main.c.obj
 .debug_macro   0x00010b6b       0x16 CMakeFiles/lidar_sf20c_interface.dir/app/main.c.obj
 .debug_macro   0x00010b81       0x16 CMakeFiles/lidar_sf20c_interface.dir/app/main.c.obj
 .debug_macro   0x00010b97      0x170 CMakeFiles/lidar_sf20c_interface.dir/app/main.c.obj
 .debug_macro   0x00010d07       0x73 CMakeFiles/lidar_sf20c_interface.dir/sys/interrupts.c.obj
 .debug_macro   0x00010d7a      0x221 CMakeFiles/lidar_sf20c_interface.dir/sys/syscall.c.obj
 .debug_macro   0x00010f9b      0x190 CMakeFiles/lidar_sf20c_interface.dir/sys/syscall.c.obj
 .debug_macro   0x0001112b       0x10 CMakeFiles/lidar_sf20c_interface.dir/sys/syscall.c.obj
 .debug_macro   0x0001113b       0x3c CMakeFiles/lidar_sf20c_interface.dir/sys/syscall.c.obj
 .debug_macro   0x00011177       0x10 CMakeFiles/lidar_sf20c_interface.dir/sys/syscall.c.obj
 .debug_macro   0x00011187       0x10 CMakeFiles/lidar_sf20c_interface.dir/sys/syscall.c.obj
 .debug_macro   0x00011197       0x10 CMakeFiles/lidar_sf20c_interface.dir/sys/syscall.c.obj
 .debug_macro   0x000111a7       0x6a CMakeFiles/lidar_sf20c_interface.dir/sys/syscall.c.obj
 .debug_macro   0x00011211       0x1c CMakeFiles/lidar_sf20c_interface.dir/sys/syscall.c.obj
 .debug_macro   0x0001122d       0x52 CMakeFiles/lidar_sf20c_interface.dir/sys/syscall.c.obj
 .debug_macro   0x0001127f       0x22 CMakeFiles/lidar_sf20c_interface.dir/sys/syscall.c.obj
 .debug_macro   0x000112a1       0x10 CMakeFiles/lidar_sf20c_interface.dir/sys/syscall.c.obj
 .debug_macro   0x000112b1       0x52 CMakeFiles/lidar_sf20c_interface.dir/sys/syscall.c.obj
 .debug_macro   0x00011303       0xcf CMakeFiles/lidar_sf20c_interface.dir/sys/syscall.c.obj
 .debug_macro   0x000113d2       0x1c CMakeFiles/lidar_sf20c_interface.dir/sys/syscall.c.obj
 .debug_macro   0x000113ee       0x3d CMakeFiles/lidar_sf20c_interface.dir/sys/syscall.c.obj
 .debug_macro   0x0001142b       0x35 CMakeFiles/lidar_sf20c_interface.dir/sys/syscall.c.obj
 .debug_macro   0x00011460      0x12c CMakeFiles/lidar_sf20c_interface.dir/sys/syscall.c.obj
 .debug_macro   0x0001158c       0x10 CMakeFiles/lidar_sf20c_interface.dir/sys/syscall.c.obj
 .debug_macro   0x0001159c      0x242 CMakeFiles/lidar_sf20c_interface.dir/sys/syscall.c.obj
 .debug_macro   0x000117de       0x7f CMakeFiles/lidar_sf20c_interface.dir/device/system_stm32f1xx.c.obj

.debug_line     0x00000000     0x48fb
 .debug_line    0x00000000      0x3a8 CMakeFiles/lidar_sf20c_interface.dir/bsp/bsp.c.obj
 .debug_line    0x000003a8      0x492 CMakeFiles/lidar_sf20c_interface.dir/drivers/mcu/usart.c.obj
 .debug_line    0x0000083a      0x3a4 CMakeFiles/lidar_sf20c_interface.dir/app/main.c.obj
 .debug_line    0x00000bde      0x235 CMakeFiles/lidar_sf20c_interface.dir/sys/interrupts.c.obj
 .debug_line    0x00000e13      0x4fa CMakeFiles/lidar_sf20c_interface.dir/sys/syscall.c.obj
 .debug_line    0x0000130d       0x78 CMakeFiles/lidar_sf20c_interface.dir/device/startup_stm32f103xb.s.obj
 .debug_line    0x00001385      0x232 CMakeFiles/lidar_sf20c_interface.dir/device/system_stm32f1xx.c.obj
 .debug_line    0x000015b7      0x11e /usr/lib/gcc/arm-none-eabi/13.2.1/../../../arm-none-eabi/lib/thumb/v7-m/nofp/libg_nano.a(libc_a-init.o)
 .debug_line    0x000016d5      0x2c5 /usr/lib/gcc/arm-none-eabi/13.2.1/../../../arm-none-eabi/lib/thumb/v7-m/nofp/libg_nano.a(libc_a-puts.o)
 .debug_line    0x0000199a      0x51f /usr/lib/gcc/arm-none-eabi/13.2.1/../../../arm-none-eabi/lib/thumb/v7-m/nofp/libg_nano.a(libc_a-findfp.o)
 .debug_line    0x00001eb9      0x1b1 /usr/lib/gcc/arm-none-eabi/13.2.1/../../../arm-none-eabi/lib/thumb/v7-m/nofp/libg_nano.a(libc_a-memset.o)
 .debug_line    0x0000206a      0x456 /usr/lib/gcc/arm-none-eabi/13.2.1/../../../arm-none-eabi/lib/thumb/v7-m/nofp/libg_nano.a(libc_a-fflush.o)
 .debug_line    0x000024c0      0x45c /usr/lib/gcc/arm-none-eabi/13.2.1/../../../arm-none-eabi/lib/thumb/v7-m/nofp/libg_nano.a(libc_a-mallocr.o)
 .debug_line    0x0000291c      0x2c8 /usr/lib/gcc/arm-none-eabi/13.2.1/../../../arm-none-eabi/lib/thumb/v7-m/nofp/libg_nano.a(libc_a-freer.o)
 .debug_line    0x00002be4      0x1c9 /usr/lib/gcc/arm-none-eabi/13.2.1/../../../arm-none-eabi/lib/thumb/v7-m/nofp/libg_nano.a(libc_a-fwalk.o)
 .debug_line    0x00002dad      0x2bd /usr/lib/gcc/arm-none-eabi/13.2.1/../../../arm-none-eabi/lib/thumb/v7-m/nofp/libg_nano.a(libc_a-wsetup.o)
 .debug_line    0x0000306a      0x153 /usr/lib/gcc/arm-none-eabi/13.2.1/../../../arm-none-eabi/lib/thumb/v7-m/nofp/libg_nano.a(libc_a-mlock.o)
 .debug_line    0x000031bd      0x3b0 /usr/lib/gcc/arm-none-eabi/13.2.1/../../../arm-none-eabi/lib/thumb/v7-m/nofp/libg_nano.a(libc_a-makebuf.o)
 .debug_line    0x0000356d      0x197 /usr/lib/gcc/arm-none-eabi/13.2.1/../../../arm-none-eabi/lib/thumb/v7-m/nofp/libg_nano.a(libc_a-isattyr.o)
 .debug_line    0x00003704      0x253 /usr/lib/gcc/arm-none-eabi/13.2.1/../../../arm-none-eabi/lib/thumb/v7-m/nofp/libg_nano.a(libc_a-wbuf.o)
 .debug_line    0x00003957      0x196 /usr/lib/gcc/arm-none-eabi/13.2.1/../../../arm-none-eabi/lib/thumb/v7-m/nofp/libg_nano.a(libc_a-sbrkr.o)
 .debug_line    0x00003aed      0x22b /usr/lib/gcc/arm-none-eabi/13.2.1/../../../arm-none-eabi/lib/thumb/v7-m/nofp/libg_nano.a(libc_a-stdio.o)
 .debug_line    0x00003d18       0xe7 /usr/lib/gcc/arm-none-eabi/13.2.1/../../../arm-none-eabi/lib/thumb/v7-m/nofp/libg_nano.a(libc_a-impure.o)
 .debug_line    0x00003dff      0x196 /usr/lib/gcc/arm-none-eabi/13.2.1/../../../arm-none-eabi/lib/thumb/v7-m/nofp/libg_nano.a(libc_a-closer.o)
 .debug_line    0x00003f95      0x19c /usr/lib/gcc/arm-none-eabi/13.2.1/../../../arm-none-eabi/lib/thumb/v7-m/nofp/libg_nano.a(libc_a-readr.o)
 .debug_line    0x00004131      0x27b /usr/lib/gcc/arm-none-eabi/13.2.1/../../../arm-none-eabi/lib/thumb/v7-m/nofp/libg_nano.a(libc_a-reent.o)
 .debug_line    0x000043ac      0x215 /usr/lib/gcc/arm-none-eabi/13.2.1/../../../arm-none-eabi/lib/thumb/v7-m/nofp/libg_nano.a(libc_a-fstatr.o)
 .debug_line    0x000045c1      0x19d /usr/lib/gcc/arm-none-eabi/13.2.1/../../../arm-none-eabi/lib/thumb/v7-m/nofp/libg_nano.a(libc_a-lseekr.o)
 .debug_line    0x0000475e      0x19d /usr/lib/gcc/arm-none-eabi/13.2.1/../../../arm-none-eabi/lib/thumb/v7-m/nofp/libg_nano.a(libc_a-writer.o)

.debug_str      0x00000000    0x5a5dd
 .debug_str     0x00000000    0x5a5dd CMakeFiles/lidar_sf20c_interface.dir/bsp/bsp.c.obj
                              0x54253 (size before relaxing)
 .debug_str     0x0005a5dd    0x54bce CMakeFiles/lidar_sf20c_interface.dir/drivers/mcu/usart.c.obj
 .debug_str     0x0005a5dd    0x57ff3 CMakeFiles/lidar_sf20c_interface.dir/app/main.c.obj
 .debug_str     0x0005a5dd    0x54554 CMakeFiles/lidar_sf20c_interface.dir/sys/interrupts.c.obj
 .debug_str     0x0005a5dd    0x58d66 CMakeFiles/lidar_sf20c_interface.dir/sys/syscall.c.obj
 .debug_str     0x0005a5dd       0x8b CMakeFiles/lidar_sf20c_interface.dir/device/startup_stm32f103xb.s.obj
 .debug_str     0x0005a5dd    0x545b8 CMakeFiles/lidar_sf20c_interface.dir/device/system_stm32f1xx.c.obj
 .debug_str     0x0005a5dd      0x1f2 /usr/lib/gcc/arm-none-eabi/13.2.1/../../../arm-none-eabi/lib/thumb/v7-m/nofp/libg_nano.a(libc_a-init.o)
 .debug_str     0x0005a5dd      0x4fb /usr/lib/gcc/arm-none-eabi/13.2.1/../../../arm-none-eabi/lib/thumb/v7-m/nofp/libg_nano.a(libc_a-puts.o)
 .debug_str     0x0005a5dd      0x6b7 /usr/lib/gcc/arm-none-eabi/13.2.1/../../../arm-none-eabi/lib/thumb/v7-m/nofp/libg_nano.a(libc_a-findfp.o)
 .debug_str     0x0005a5dd      0x1a5 /usr/lib/gcc/arm-none-eabi/13.2.1/../../../arm-none-eabi/lib/thumb/v7-m/nofp/libg_nano.a(libc_a-memset.o)
 .debug_str     0x0005a5dd      0x53b /usr/lib/gcc/arm-none-eabi/13.2.1/../../../arm-none-eabi/lib/thumb/v7-m/nofp/libg_nano.a(libc_a-fflush.o)
 .debug_str     0x0005a5dd      0x595 /usr/lib/gcc/arm-none-eabi/13.2.1/../../../arm-none-eabi/lib/thumb/v7-m/nofp/libg_nano.a(libc_a-mallocr.o)
 .debug_str     0x0005a5dd      0x534 /usr/lib/gcc/arm-none-eabi/13.2.1/../../../arm-none-eabi/lib/thumb/v7-m/nofp/libg_nano.a(libc_a-freer.o)
 .debug_str     0x0005a5dd      0x4c4 /usr/lib/gcc/arm-none-eabi/13.2.1/../../../arm-none-eabi/lib/thumb/v7-m/nofp/libg_nano.a(libc_a-fwalk.o)
 .debug_str     0x0005a5dd      0x4e5 /usr/lib/gcc/arm-none-eabi/13.2.1/../../../arm-none-eabi/lib/thumb/v7-m/nofp/libg_nano.a(libc_a-wsetup.o)
 .debug_str     0x0005a5dd      0x4d2 /usr/lib/gcc/arm-none-eabi/13.2.1/../../../arm-none-eabi/lib/thumb/v7-m/nofp/libg_nano.a(libc_a-mlock.o)
 .debug_str     0x0005a5dd      0x647 /usr/lib/gcc/arm-none-eabi/13.2.1/../../../arm-none-eabi/lib/thumb/v7-m/nofp/libg_nano.a(libc_a-makebuf.o)
 .debug_str     0x0005a5dd      0x4b4 /usr/lib/gcc/arm-none-eabi/13.2.1/../../../arm-none-eabi/lib/thumb/v7-m/nofp/libg_nano.a(libc_a-isattyr.o)
 .debug_str     0x0005a5dd      0x4ea /usr/lib/gcc/arm-none-eabi/13.2.1/../../../arm-none-eabi/lib/thumb/v7-m/nofp/libg_nano.a(libc_a-wbuf.o)
 .debug_str     0x0005a5dd      0x4bd /usr/lib/gcc/arm-none-eabi/13.2.1/../../../arm-none-eabi/lib/thumb/v7-m/nofp/libg_nano.a(libc_a-sbrkr.o)
 .debug_str     0x0005a5dd      0x521 /usr/lib/gcc/arm-none-eabi/13.2.1/../../../arm-none-eabi/lib/thumb/v7-m/nofp/libg_nano.a(libc_a-stdio.o)
 .debug_str     0x0005a5dd      0x4b4 /usr/lib/gcc/arm-none-eabi/13.2.1/../../../arm-none-eabi/lib/thumb/v7-m/nofp/libg_nano.a(libc_a-impure.o)
 .debug_str     0x0005a5dd      0x4aa /usr/lib/gcc/arm-none-eabi/13.2.1/../../../arm-none-eabi/lib/thumb/v7-m/nofp/libg_nano.a(libc_a-closer.o)
 .debug_str     0x0005a5dd      0x4b8 /usr/lib/gcc/arm-none-eabi/13.2.1/../../../arm-none-eabi/lib/thumb/v7-m/nofp/libg_nano.a(libc_a-readr.o)
 .debug_str     0x0005a5dd      0x4d3 /usr/lib/gcc/arm-none-eabi/13.2.1/../../../arm-none-eabi/lib/thumb/v7-m/nofp/libg_nano.a(libc_a-reent.o)
 .debug_str     0x0005a5dd      0x5fc /usr/lib/gcc/arm-none-eabi/13.2.1/../../../arm-none-eabi/lib/thumb/v7-m/nofp/libg_nano.a(libc_a-fstatr.o)
 .debug_str     0x0005a5dd      0x4b8 /usr/lib/gcc/arm-none-eabi/13.2.1/../../../arm-none-eabi/lib/thumb/v7-m/nofp/libg_nano.a(libc_a-lseekr.o)
 .debug_str     0x0005a5dd      0x4ba /usr/lib/gcc/arm-none-eabi/13.2.1/../../../arm-none-eabi/lib/thumb/v7-m/nofp/libg_nano.a(libc_a-writer.o)

.debug_frame    0x00000000      0x8a4
 .debug_frame   0x00000000       0xa0 CMakeFiles/lidar_sf20c_interface.dir/bsp/bsp.c.obj
 .debug_frame   0x000000a0       0xa4 CMakeFiles/lidar_sf20c_interface.dir/drivers/mcu/usart.c.obj
 .debug_frame   0x00000144       0x28 CMakeFiles/lidar_sf20c_interface.dir/app/main.c.obj
 .debug_frame   0x0000016c       0x90 CMakeFiles/lidar_sf20c_interface.dir/sys/interrupts.c.obj
 .debug_frame   0x000001fc       0x8c CMakeFiles/lidar_sf20c_interface.dir/sys/syscall.c.obj
 .debug_frame   0x00000288       0x30 CMakeFiles/lidar_sf20c_interface.dir/device/system_stm32f1xx.c.obj
 .debug_frame   0x000002b8       0x2c /usr/lib/gcc/arm-none-eabi/13.2.1/../../../arm-none-eabi/lib/thumb/v7-m/nofp/libg_nano.a(libc_a-init.o)
 .debug_frame   0x000002e4       0x3c /usr/lib/gcc/arm-none-eabi/13.2.1/../../../arm-none-eabi/lib/thumb/v7-m/nofp/libg_nano.a(libc_a-puts.o)
 .debug_frame   0x00000320       0xf4 /usr/lib/gcc/arm-none-eabi/13.2.1/../../../arm-none-eabi/lib/thumb/v7-m/nofp/libg_nano.a(libc_a-findfp.o)
 .debug_frame   0x00000414       0x2c /usr/lib/gcc/arm-none-eabi/13.2.1/../../../arm-none-eabi/lib/thumb/v7-m/nofp/libg_nano.a(libc_a-memset.o)
 .debug_frame   0x00000440       0x8c /usr/lib/gcc/arm-none-eabi/13.2.1/../../../arm-none-eabi/lib/thumb/v7-m/nofp/libg_nano.a(libc_a-fflush.o)
 .debug_frame   0x000004cc       0x50 /usr/lib/gcc/arm-none-eabi/13.2.1/../../../arm-none-eabi/lib/thumb/v7-m/nofp/libg_nano.a(libc_a-mallocr.o)
 .debug_frame   0x0000051c       0x58 /usr/lib/gcc/arm-none-eabi/13.2.1/../../../arm-none-eabi/lib/thumb/v7-m/nofp/libg_nano.a(libc_a-freer.o)
 .debug_frame   0x00000574       0x34 /usr/lib/gcc/arm-none-eabi/13.2.1/../../../arm-none-eabi/lib/thumb/v7-m/nofp/libg_nano.a(libc_a-fwalk.o)
 .debug_frame   0x000005a8       0x2c /usr/lib/gcc/arm-none-eabi/13.2.1/../../../arm-none-eabi/lib/thumb/v7-m/nofp/libg_nano.a(libc_a-wsetup.o)
 .debug_frame   0x000005d4       0x30 /usr/lib/gcc/arm-none-eabi/13.2.1/../../../arm-none-eabi/lib/thumb/v7-m/nofp/libg_nano.a(libc_a-mlock.o)
 .debug_frame   0x00000604       0x60 /usr/lib/gcc/arm-none-eabi/13.2.1/../../../arm-none-eabi/lib/thumb/v7-m/nofp/libg_nano.a(libc_a-makebuf.o)
 .debug_frame   0x00000664       0x2c /usr/lib/gcc/arm-none-eabi/13.2.1/../../../arm-none-eabi/lib/thumb/v7-m/nofp/libg_nano.a(libc_a-isattyr.o)
 .debug_frame   0x00000690       0x40 /usr/lib/gcc/arm-none-eabi/13.2.1/../../../arm-none-eabi/lib/thumb/v7-m/nofp/libg_nano.a(libc_a-wbuf.o)
 .debug_frame   0x000006d0       0x2c /usr/lib/gcc/arm-none-eabi/13.2.1/../../../arm-none-eabi/lib/thumb/v7-m/nofp/libg_nano.a(libc_a-sbrkr.o)
 .debug_frame   0x000006fc       0x8c /usr/lib/gcc/arm-none-eabi/13.2.1/../../../arm-none-eabi/lib/thumb/v7-m/nofp/libg_nano.a(libc_a-stdio.o)
 .debug_frame   0x00000788       0x2c /usr/lib/gcc/arm-none-eabi/13.2.1/../../../arm-none-eabi/lib/thumb/v7-m/nofp/libg_nano.a(libc_a-closer.o)
 .debug_frame   0x000007b4       0x2c /usr/lib/gcc/arm-none-eabi/13.2.1/../../../arm-none-eabi/lib/thumb/v7-m/nofp/libg_nano.a(libc_a-readr.o)
 .debug_frame   0x000007e0       0x40 /usr/lib/gcc/arm-none-eabi/13.2.1/../../../arm-none-eabi/lib/thumb/v7-m/nofp/libg_nano.a(libc_a-reent.o)
 .debug_frame   0x00000820       0x2c /usr/lib/gcc/arm-none-eabi/13.2.1/../../../arm-none-eabi/lib/thumb/v7-m/nofp/libg_nano.a(libc_a-fstatr.o)
 .debug_frame   0x0000084c       0x2c /usr/lib/gcc/arm-none-eabi/13.2.1/../../../arm-none-eabi/lib/thumb/v7-m/nofp/libg_nano.a(libc_a-lseekr.o)
 .debug_frame   0x00000878       0x2c /usr/lib/gcc/arm-none-eabi/13.2.1/../../../arm-none-eabi/lib/thumb/v7-m/nofp/libg_nano.a(libc_a-writer.o)

.debug_line_str
                0x00000000       0x71
 .debug_line_str
                0x00000000       0x71 CMakeFiles/lidar_sf20c_interface.dir/device/startup_stm32f103xb.s.obj
