Archive member included to satisfy reference by file (symbol)

/usr/lib/gcc/arm-none-eabi/13.2.1/../../../arm-none-eabi/lib/thumb/v7-m/nofp/libg_nano.a(libc_a-init.o)
                              /usr/lib/gcc/arm-none-eabi/13.2.1/../../../arm-none-eabi/lib/thumb/v7-m/nofp/crt0.o (__libc_init_array)
/usr/lib/gcc/arm-none-eabi/13.2.1/../../../arm-none-eabi/lib/thumb/v7-m/nofp/libg_nano.a(libc_a-memset.o)
                              /usr/lib/gcc/arm-none-eabi/13.2.1/../../../arm-none-eabi/lib/thumb/v7-m/nofp/crt0.o (memset)
/usr/lib/gcc/arm-none-eabi/13.2.1/../../../arm-none-eabi/lib/thumb/v7-m/nofp/libg_nano.a(libc_a-memcpy.o)
                              CMakeFiles/lidar_sf20c_interface.dir/drivers/devices/lidar.c.obj (memcpy)
/usr/lib/gcc/arm-none-eabi/13.2.1/../../../arm-none-eabi/lib/thumb/v7-m/nofp/libg_nano.a(libc_a-exit.o)
                              /usr/lib/gcc/arm-none-eabi/13.2.1/../../../arm-none-eabi/lib/thumb/v7-m/nofp/crt0.o (exit)
/usr/lib/gcc/arm-none-eabi/13.2.1/../../../arm-none-eabi/lib/thumb/v7-m/nofp/libg_nano.a(libc_a-atexit.o)
                              /usr/lib/gcc/arm-none-eabi/13.2.1/../../../arm-none-eabi/lib/thumb/v7-m/nofp/crt0.o (atexit)
/usr/lib/gcc/arm-none-eabi/13.2.1/../../../arm-none-eabi/lib/thumb/v7-m/nofp/libg_nano.a(libc_a-printf.o)
                              CMakeFiles/lidar_sf20c_interface.dir/app/main.c.obj (printf)
/usr/lib/gcc/arm-none-eabi/13.2.1/../../../arm-none-eabi/lib/thumb/v7-m/nofp/libg_nano.a(libc_a-nano-vfprintf.o)
                              /usr/lib/gcc/arm-none-eabi/13.2.1/../../../arm-none-eabi/lib/thumb/v7-m/nofp/libg_nano.a(libc_a-printf.o) (_vfprintf_r)
/usr/lib/gcc/arm-none-eabi/13.2.1/../../../arm-none-eabi/lib/thumb/v7-m/nofp/libg_nano.a(libc_a-fini.o)
                              /usr/lib/gcc/arm-none-eabi/13.2.1/../../../arm-none-eabi/lib/thumb/v7-m/nofp/crt0.o (__libc_fini_array)
/usr/lib/gcc/arm-none-eabi/13.2.1/../../../arm-none-eabi/lib/thumb/v7-m/nofp/libg_nano.a(libc_a-wbuf.o)
                              /usr/lib/gcc/arm-none-eabi/13.2.1/../../../arm-none-eabi/lib/thumb/v7-m/nofp/libg_nano.a(libc_a-nano-vfprintf.o) (__swbuf_r)
/usr/lib/gcc/arm-none-eabi/13.2.1/../../../arm-none-eabi/lib/thumb/v7-m/nofp/libg_nano.a(libc_a-impure.o)
                              /usr/lib/gcc/arm-none-eabi/13.2.1/../../../arm-none-eabi/lib/thumb/v7-m/nofp/libg_nano.a(libc_a-printf.o) (_impure_ptr)
/usr/lib/gcc/arm-none-eabi/13.2.1/../../../arm-none-eabi/lib/thumb/v7-m/nofp/libg_nano.a(libc_a-fvwrite.o)
                              /usr/lib/gcc/arm-none-eabi/13.2.1/../../../arm-none-eabi/lib/thumb/v7-m/nofp/libg_nano.a(libc_a-nano-vfprintf.o) (__sfvwrite_r)
/usr/lib/gcc/arm-none-eabi/13.2.1/../../../arm-none-eabi/lib/thumb/v7-m/nofp/libg_nano.a(libc_a-findfp.o)
                              /usr/lib/gcc/arm-none-eabi/13.2.1/../../../arm-none-eabi/lib/thumb/v7-m/nofp/libg_nano.a(libc_a-nano-vfprintf.o) (__sinit)
/usr/lib/gcc/arm-none-eabi/13.2.1/../../../arm-none-eabi/lib/thumb/v7-m/nofp/libg_nano.a(libc_a-fflush.o)
                              /usr/lib/gcc/arm-none-eabi/13.2.1/../../../arm-none-eabi/lib/thumb/v7-m/nofp/libg_nano.a(libc_a-wbuf.o) (_fflush_r)
/usr/lib/gcc/arm-none-eabi/13.2.1/../../../arm-none-eabi/lib/thumb/v7-m/nofp/libg_nano.a(libc_a-mallocr.o)
                              /usr/lib/gcc/arm-none-eabi/13.2.1/../../../arm-none-eabi/lib/thumb/v7-m/nofp/libg_nano.a(libc_a-fvwrite.o) (_malloc_r)
/usr/lib/gcc/arm-none-eabi/13.2.1/../../../arm-none-eabi/lib/thumb/v7-m/nofp/libg_nano.a(libc_a-freer.o)
                              /usr/lib/gcc/arm-none-eabi/13.2.1/../../../arm-none-eabi/lib/thumb/v7-m/nofp/libg_nano.a(libc_a-fvwrite.o) (_free_r)
/usr/lib/gcc/arm-none-eabi/13.2.1/../../../arm-none-eabi/lib/thumb/v7-m/nofp/libg_nano.a(libc_a-memmove.o)
                              /usr/lib/gcc/arm-none-eabi/13.2.1/../../../arm-none-eabi/lib/thumb/v7-m/nofp/libg_nano.a(libc_a-fvwrite.o) (memmove)
/usr/lib/gcc/arm-none-eabi/13.2.1/../../../arm-none-eabi/lib/thumb/v7-m/nofp/libg_nano.a(libc_a-fwalk.o)
                              /usr/lib/gcc/arm-none-eabi/13.2.1/../../../arm-none-eabi/lib/thumb/v7-m/nofp/libg_nano.a(libc_a-findfp.o) (_fwalk_sglue)
/usr/lib/gcc/arm-none-eabi/13.2.1/../../../arm-none-eabi/lib/thumb/v7-m/nofp/libg_nano.a(libc_a-wsetup.o)
                              /usr/lib/gcc/arm-none-eabi/13.2.1/../../../arm-none-eabi/lib/thumb/v7-m/nofp/libg_nano.a(libc_a-nano-vfprintf.o) (__swsetup_r)
/usr/lib/gcc/arm-none-eabi/13.2.1/../../../arm-none-eabi/lib/thumb/v7-m/nofp/libg_nano.a(libc_a-__atexit.o)
                              /usr/lib/gcc/arm-none-eabi/13.2.1/../../../arm-none-eabi/lib/thumb/v7-m/nofp/libg_nano.a(libc_a-atexit.o) (__register_exitproc)
/usr/lib/gcc/arm-none-eabi/13.2.1/../../../arm-none-eabi/lib/thumb/v7-m/nofp/libg_nano.a(libc_a-reallocr.o)
                              /usr/lib/gcc/arm-none-eabi/13.2.1/../../../arm-none-eabi/lib/thumb/v7-m/nofp/libg_nano.a(libc_a-fvwrite.o) (_realloc_r)
[...]
Memory Configuration

Name             Origin             Length             Attributes
FLASH            0x08000000         0x00020000         xr
RAM              0x20000000         0x00005000         xrw
*default*        0x00000000         0xffffffff

Linker script and memory map

LOAD /usr/lib/gcc/arm-none-eabi/13.2.1/thumb/v7-m/nofp/crti.o
LOAD /usr/lib/gcc/arm-none-eabi/13.2.1/thumb/v7-m/nofp/crtbegin.o
LOAD /usr/lib/gcc/arm-none-eabi/13.2.1/../../../arm-none-eabi/lib/thumb/v7-m/nofp/crt0.o
LOAD CMakeFiles/lidar_sf20c_interface.dir/bsp/bsp.c.obj
LOAD CMakeFiles/lidar_sf20c_interface.dir/drivers/mcu/usart.c.obj
LOAD CMakeFiles/lidar_sf20c_interface.dir/drivers/devices/lidar.c.obj
LOAD CMakeFiles/lidar_sf20c_interface.dir/app/main.c.obj
LOAD CMakeFiles/lidar_sf20c_interface.dir/sys/interrupts.c.obj
LOAD CMakeFiles/lidar_sf20c_interface.dir/sys/syscall.c.obj
LOAD CMakeFiles/lidar_sf20c_interface.dir/device/startup_stm32f103xb.s.obj
LOAD CMakeFiles/lidar_sf20c_interface.dir/device/system_stm32f1xx.c.obj
START GROUP
LOAD /usr/lib/gcc/arm-none-eabi/13.2.1/thumb/v7-m/nofp/libgcc.a
LOAD /usr/lib/gcc/arm-none-eabi/13.2.1/../../../arm-none-eabi/lib/thumb/v7-m/nofp/libg_nano.a
LOAD /usr/lib/gcc/arm-none-eabi/13.2.1/../../../arm-none-eabi/lib/thumb/v7-m/nofp/libc_nano.a
END GROUP
START GROUP
LOAD /usr/lib/gcc/arm-none-eabi/13.2.1/thumb/v7-m/nofp/libgcc.a
LOAD /usr/lib/gcc/arm-none-eabi/13.2.1/../../../arm-none-eabi/lib/thumb/v7-m/nofp/libc_nano.a
LOAD /usr/lib/gcc/arm-none-eabi/13.2.1/../../../arm-none-eabi/lib/thumb/v7-m/nofp/libnosys.a
END GROUP
START GROUP
LOAD /usr/lib/gcc/arm-none-eabi/13.2.1/thumb/v7-m/nofp/libgcc.a
LOAD /usr/lib/gcc/arm-none-eabi/13.2.1/../../../arm-none-eabi/lib/thumb/v7-m/nofp/libc_nano.a
LOAD /usr/lib/gcc/arm-none-eabi/13.2.1/../../../arm-none-eabi/lib/thumb/v7-m/nofp/libnosys.a
END GROUP
LOAD /usr/lib/gcc/arm-none-eabi/13.2.1/thumb/v7-m/nofp/crtend.o
LOAD /usr/lib/gcc/arm-none-eabi/13.2.1/thumb/v7-m/nofp/crtn.o
                0x20004fff                        _estack = 0x20004fff
                0x00000200                        _Min_Heap_Size = 0x200
                0x00000400                        _Min_Stack_Size = 0x400

.isr_vector     0x08000000      0x10c
                0x08000000                        . = ALIGN (0x4)
 *(.isr_vector)
 .isr_vector    0x08000000      0x10c CMakeFiles/lidar_sf20c_interface.dir/device/startup_stm32f103xb.s.obj
                0x08000000                g_pfnVectors
                0x0800010c                        . = ALIGN (0x4)

.text           0x0800010c     0x1ea8
                0x0800010c                        . = ALIGN (0x4)
 *(.text)
 .text          0x0800010c       0x88 /usr/lib/gcc/arm-none-eabi/13.2.1/thumb/v7-m/nofp/crtbegin.o
 .text          0x08000194       0x50 /usr/lib/gcc/arm-none-eabi/13.2.1/../../../arm-none-eabi/lib/thumb/v7-m/nofp/libg_nano.a(libc_a-init.o)
                0x08000194                __libc_init_array
 .text          0x080001e4       0xa0 /usr/lib/gcc/arm-none-eabi/13.2.1/../../../arm-none-eabi/lib/thumb/v7-m/nofp/libg_nano.a(libc_a-memset.o)
                0x080001e4                memset
 .text          0x08000284       0xec /usr/lib/gcc/arm-none-eabi/13.2.1/../../../arm-none-eabi/lib/thumb/v7-m/nofp/libg_nano.a(libc_a-memcpy.o)
                0x08000284                memcpy
 .text          0x08000370       0x48 /usr/lib/gcc/arm-none-eabi/13.2.1/../../../arm-none-eabi/lib/thumb/v7-m/nofp/libg_nano.a(libc_a-printf.o)
                0x08000370                _printf_r
                0x08000370                _iprintf_r
                0x08000390                printf
                0x08000390                iprintf
 .text          0x080003b8      0x2ec /usr/lib/gcc/arm-none-eabi/13.2.1/../../../arm-none-eabi/lib/thumb/v7-m/nofp/libg_nano.a(libc_a-nano-vfprintf.o)
                0x080003e0                __sfputs_r
                0x08000410                __sprint_r
                0x08000430                _vfiprintf_r
                0x08000430                _vfprintf_r
                0x08000688                vfiprintf
                0x08000688                vfprintf
 .text          0x080006a4       0x9c /usr/lib/gcc/arm-none-eabi/13.2.1/../../../arm-none-eabi/lib/thumb/v7-m/nofp/libg_nano.a(libc_a-wbuf.o)
                0x080006a4                __swbuf_r
                0x0800072c                __swbuf
 .text          0x08000740      0x2ec /usr/lib/gcc/arm-none-eabi/13.2.1/../../../arm-none-eabi/lib/thumb/v7-m/nofp/libg_nano.a(libc_a-fvwrite.o)
                0x08000740                __sfvwrite_r
 .text          0x08000a2c      0x224 /usr/lib/gcc/arm-none-eabi/13.2.1/../../../arm-none-eabi/lib/thumb/v7-m/nofp/libg_nano.a(libc_a-findfp.o)
                0x08000b5c                __sfp
                0x08000c00                __sinit
                0x08000c20                __sfp_lock_acquire
                0x08000c24                __sfp_lock_release
                0x08000c28                __fp_lock_all
                0x08000c3c                __fp_unlock_all
 .text          0x08000c50      0x198 /usr/lib/gcc/arm-none-eabi/13.2.1/../../../arm-none-eabi/lib/thumb/v7-m/nofp/libg_nano.a(libc_a-fflush.o)
                0x08000c50                __sflush_r
                0x08000d64                _fflush_r
                0x08000d9c                fflush
 .text          0x08000de8      0x14c /usr/lib/gcc/arm-none-eabi/13.2.1/../../../arm-none-eabi/lib/thumb/v7-m/nofp/libg_nano.a(libc_a-mallocr.o)
                0x08000e34                _malloc_r
 .text          0x08000f34       0xbc /usr/lib/gcc/arm-none-eabi/13.2.1/../../../arm-none-eabi/lib/thumb/v7-m/nofp/libg_nano.a(libc_a-freer.o)
                0x08000f34                _free_r
 .text          0x08000ff0       0xfc /usr/lib/gcc/arm-none-eabi/13.2.1/../../../arm-none-eabi/lib/thumb/v7-m/nofp/libg_nano.a(libc_a-memmove.o)
                0x08000ff0                memmove
 .text          0x080010ec       0x44 /usr/lib/gcc/arm-none-eabi/13.2.1/../../../arm-none-eabi/lib/thumb/v7-m/nofp/libg_nano.a(libc_a-fwalk.o)
                0x080010ec                _fwalk_sglue
 .text          0x08001130       0xc4 /usr/lib/gcc/arm-none-eabi/13.2.1/../../../arm-none-eabi/lib/thumb/v7-m/nofp/libg_nano.a(libc_a-wsetup.o)
                0x08001130                __swsetup_r
 .text          0x080011f4       0x64 /usr/lib/gcc/arm-none-eabi/13.2.1/../../../arm-none-eabi/lib/thumb/v7-m/nofp/libg_nano.a(libc_a-reallocr.o)
                0x080011f4                _realloc_r
 .text          0x08001258      0x3a8 /usr/lib/gcc/arm-none-eabi/13.2.1/../../../arm-none-eabi/lib/thumb/v7-m/nofp/libg_nano.a(libc_a-nano-vfprintf_i.o)
                0x08001258                _printf_common
                0x0800137c                _printf_i
 .text          0x08001600        0x8 /usr/lib/gcc/arm-none-eabi/13.2.1/../../../arm-none-eabi/lib/thumb/v7-m/nofp/libg_nano.a(libc_a-mlock.o)
                0x08001600                __malloc_lock
                0x08001604                __malloc_unlock
 .text          0x08001608      0x110 /usr/lib/gcc/arm-none-eabi/13.2.1/../../../arm-none-eabi/lib/thumb/v7-m/nofp/libg_nano.a(libc_a-makebuf.o)
                0x08001608                __smakebuf_r
                0x080016cc                __swhatbuf_r
 .text          0x08001718       0x98 /usr/lib/gcc/arm-none-eabi/13.2.1/../../../arm-none-eabi/lib/thumb/v7-m/nofp/libg_nano.a(libc_a-memchr-stub.o)
                0x08001718                memchr
 .text          0x080017b0       0x24 /usr/lib/gcc/arm-none-eabi/13.2.1/../../../arm-none-eabi/lib/thumb/v7-m/nofp/libg_nano.a(libc_a-isattyr.o)
                0x080017b0                _isatty_r
 .text          0x080017d4       0x24 /usr/lib/gcc/arm-none-eabi/13.2.1/../../../arm-none-eabi/lib/thumb/v7-m/nofp/libg_nano.a(libc_a-sbrkr.o)
                0x080017d4                _sbrk_r
 .text          0x080017f8       0x94 /usr/lib/gcc/arm-none-eabi/13.2.1/../../../arm-none-eabi/lib/thumb/v7-m/nofp/libg_nano.a(libc_a-stdio.o)
                0x080017f8                __sread
                0x0800181c                __seofread
                0x08001820                __swrite
                0x08001860                __sseek
                0x08001884                __sclose
 .text          0x0800188c       0x10 /usr/lib/gcc/arm-none-eabi/13.2.1/../../../arm-none-eabi/lib/thumb/v7-m/nofp/libg_nano.a(libc_a-msizer.o)
                0x0800188c                _malloc_usable_size_r
 .text          0x0800189c       0x24 /usr/lib/gcc/arm-none-eabi/13.2.1/../../../arm-none-eabi/lib/thumb/v7-m/nofp/libg_nano.a(libc_a-closer.o)
                0x0800189c                _close_r
 .text          0x080018c0       0x2c /usr/lib/gcc/arm-none-eabi/13.2.1/../../../arm-none-eabi/lib/thumb/v7-m/nofp/libg_nano.a(libc_a-readr.o)
                0x080018c0                _read_r
 .text          0x080018ec       0x28 /usr/lib/gcc/arm-none-eabi/13.2.1/../../../arm-none-eabi/lib/thumb/v7-m/nofp/libg_nano.a(libc_a-fstatr.o)
                0x080018ec                _fstat_r
 .text          0x08001914       0x2c /usr/lib/gcc/arm-none-eabi/13.2.1/../../../arm-none-eabi/lib/thumb/v7-m/nofp/libg_nano.a(libc_a-lseekr.o)
                0x08001914                _lseek_r
 .text          0x08001940       0x2c /usr/lib/gcc/arm-none-eabi/13.2.1/../../../arm-none-eabi/lib/thumb/v7-m/nofp/libg_nano.a(libc_a-writer.o)
                0x08001940                _write_r
 *(.text*)
 .text.BSP_ClockConfig
                0x0800196c       0x70 CMakeFiles/lidar_sf20c_interface.dir/bsp/bsp.c.obj
 .text.BSP_GPIO_SetMode
                0x080019dc       0x28 CMakeFiles/lidar_sf20c_interface.dir/bsp/bsp.c.obj
 .text.BSP_GPIO_Init
                0x08001a04       0x58 CMakeFiles/lidar_sf20c_interface.dir/bsp/bsp.c.obj
 .text.BSP_SysTick_Init
                0x08001a5c       0x18 CMakeFiles/lidar_sf20c_interface.dir/bsp/bsp.c.obj
 .text.BSP_Init
                0x08001a74       0x10 CMakeFiles/lidar_sf20c_interface.dir/bsp/bsp.c.obj
                0x08001a74                BSP_Init
 .text.BSP_Delay_ms
                0x08001a84       0x18 CMakeFiles/lidar_sf20c_interface.dir/bsp/bsp.c.obj
                0x08001a84                BSP_Delay_ms
 .text.SysTick_Handler
                0x08001a9c       0x10 CMakeFiles/lidar_sf20c_interface.dir/bsp/bsp.c.obj
                0x08001a9c                SysTick_Handler
 .text.rx_isr   0x08001aac       0x34 CMakeFiles/lidar_sf20c_interface.dir/drivers/mcu/usart.c.obj
 .text.USART1_IRQHandler
                0x08001ae0       0x14 CMakeFiles/lidar_sf20c_interface.dir/drivers/mcu/usart.c.obj
                0x08001ae0                USART1_IRQHandler
 .text.usart_init
                0x08001af4       0x98 CMakeFiles/lidar_sf20c_interface.dir/drivers/mcu/usart.c.obj
                0x08001af4                usart_init
 .text.usart_write_byte
                0x08001b8c        0xc CMakeFiles/lidar_sf20c_interface.dir/drivers/mcu/usart.c.obj
                0x08001b8c                usart_write_byte
 .text.usart_write
                0x08001b98       0x24 CMakeFiles/lidar_sf20c_interface.dir/drivers/mcu/usart.c.obj
                0x08001b98                usart_write
 .text.usart_rx_ready
                0x08001bbc       0x2c CMakeFiles/lidar_sf20c_interface.dir/drivers/mcu/usart.c.obj
                0x08001bbc                usart_rx_ready
 .text.usart_read_byte
                0x08001be8       0x40 CMakeFiles/lidar_sf20c_interface.dir/drivers/mcu/usart.c.obj
                0x08001be8                usart_read_byte
 .text.sf_crc16_continue
                0x08001c28       0x2c CMakeFiles/lidar_sf20c_interface.dir/drivers/devices/lidar.c.obj
 .text.sf_build_packet
                0x08001c54       0x64 CMakeFiles/lidar_sf20c_interface.dir/drivers/devices/lidar.c.obj
 .text.sf_parser_init
                0x08001cb8        0xe CMakeFiles/lidar_sf20c_interface.dir/drivers/devices/lidar.c.obj
                0x08001cb8                sf_parser_init
 .text.sf_parser_feed
                0x08001cc6       0xf0 CMakeFiles/lidar_sf20c_interface.dir/drivers/devices/lidar.c.obj
                0x08001cc6                sf_parser_feed
 .text.sf_build_read_request
                0x08001db6       0x18 CMakeFiles/lidar_sf20c_interface.dir/drivers/devices/lidar.c.obj
                0x08001db6                sf_build_read_request
 .text.sf_build_write_request
                0x08001dce       0x1a CMakeFiles/lidar_sf20c_interface.dir/drivers/devices/lidar.c.obj
                0x08001dce                sf_build_write_request
 .text.main     0x08001de8       0xf8 CMakeFiles/lidar_sf20c_interface.dir/app/main.c.obj
                0x08001de8                main
 .text.NMI_Handler
                0x08001ee0        0x2 CMakeFiles/lidar_sf20c_interface.dir/sys/interrupts.c.obj
                0x08001ee0                NMI_Handler
 .text.HardFault_Handler
                0x08001ee2        0x2 CMakeFiles/lidar_sf20c_interface.dir/sys/interrupts.c.obj
                0x08001ee2                HardFault_Handler
 .text.MemManage_Handler
                0x08001ee4        0x2 CMakeFiles/lidar_sf20c_interface.dir/sys/interrupts.c.obj
                0x08001ee4                MemManage_Handler
 .text.BusFault_Handler
                0x08001ee6        0x2 CMakeFiles/lidar_sf20c_interface.dir/sys/interrupts.c.obj
                0x08001ee6                BusFault_Handler
 .text.UsageFault_Handler
                0x08001ee8        0x2 CMakeFiles/lidar_sf20c_interface.dir/sys/interrupts.c.obj
                0x08001ee8                UsageFault_Handler
 .text.SVC_Handler
                0x08001eea        0x2 CMakeFiles/lidar_sf20c_interface.dir/sys/interrupts.c.obj
                0x08001eea                SVC_Handler
 .text.DebugMon_Handler
                0x08001eec        0x2 CMakeFiles/lidar_sf20c_interface.dir/sys/interrupts.c.obj
                0x08001eec                DebugMon_Handler
 .text.PendSV_Handler
                0x08001eee        0x2 CMakeFiles/lidar_sf20c_interface.dir/sys/interrupts.c.obj
                0x08001eee                PendSV_Handler
 .text._write   0x08001ef0       0x20 CMakeFiles/lidar_sf20c_interface.dir/sys/syscall.c.obj
                0x08001ef0                _write
 .text._read    0x08001f10        0x4 CMakeFiles/lidar_sf20c_interface.dir/sys/syscall.c.obj
                0x08001f10                _read
 .text._close   0x08001f14        0x6 CMakeFiles/lidar_sf20c_interface.dir/sys/syscall.c.obj
                0x08001f14                _close
 .text._lseek   0x08001f1a        0x4 CMakeFiles/lidar_sf20c_interface.dir/sys/syscall.c.obj
                0x08001f1a                _lseek
 .text._fstat   0x08001f1e        0xa CMakeFiles/lidar_sf20c_interface.dir/sys/syscall.c.obj
                0x08001f1e                _fstat
 .text._isatty  0x08001f28        0x4 CMakeFiles/lidar_sf20c_interface.dir/sys/syscall.c.obj
                0x08001f28                _isatty
 .text._sbrk    0x08001f2c       0x24 CMakeFiles/lidar_sf20c_interface.dir/sys/syscall.c.obj
                0x08001f2c                _sbrk
 .text.Reset_Handler
                0x08001f50       0x48 CMakeFiles/lidar_sf20c_interface.dir/device/startup_stm32f103xb.s.obj
                0x08001f50                Reset_Handler
 .text.Default_Handler
                0x08001f98        0x2 CMakeFiles/lidar_sf20c_interface.dir/device/startup_stm32f103xb.s.obj
                0x08001f98                RTC_Alarm_IRQHandler
                0x08001f98                EXTI2_IRQHandler
                0x08001f98                TIM1_CC_IRQHandler
                0x08001f98                PVD_IRQHandler
                0x08001f98                EXTI3_IRQHandler
                0x08001f98                EXTI0_IRQHandler
                0x08001f98                I2C2_EV_IRQHandler
                0x08001f98                ADC1_2_IRQHandler
                0x08001f98                SPI1_IRQHandler
                0x08001f98                TAMPER_IRQHandler
                0x08001f98                DMA1_Channel4_IRQHandler
                0x08001f98                USART3_IRQHandler
                0x08001f98                RTC_IRQHandler
                0x08001f98                DMA1_Channel7_IRQHandler
                0x08001f98                CAN1_RX1_IRQHandler
                0x08001f98                TIM4_IRQHandler
                0x08001f98                I2C1_EV_IRQHandler
                0x08001f98                DMA1_Channel6_IRQHandler
                0x08001f98                TIM3_IRQHandler
                0x08001f98                RCC_IRQHandler
                0x08001f98                TIM1_TRG_COM_IRQHandler
                0x08001f98                DMA1_Channel1_IRQHandler
                0x08001f98                Default_Handler
                0x08001f98                EXTI15_10_IRQHandler
                0x08001f98                EXTI9_5_IRQHandler
                0x08001f98                SPI2_IRQHandler
                0x08001f98                DMA1_Channel5_IRQHandler
                0x08001f98                EXTI4_IRQHandler
                0x08001f98                USB_LP_CAN1_RX0_IRQHandler
                0x08001f98                USB_HP_CAN1_TX_IRQHandler
                0x08001f98                DMA1_Channel3_IRQHandler
                0x08001f98                TIM1_UP_IRQHandler
                0x08001f98                WWDG_IRQHandler
                0x08001f98                TIM2_IRQHandler
                0x08001f98                TIM1_BRK_IRQHandler
                0x08001f98                EXTI1_IRQHandler
                0x08001f98                USART2_IRQHandler
                0x08001f98                I2C2_ER_IRQHandler
                0x08001f98                DMA1_Channel2_IRQHandler
                0x08001f98                CAN1_SCE_IRQHandler
                0x08001f98                FLASH_IRQHandler
                0x08001f98                I2C1_ER_IRQHandler
                0x08001f98                USBWakeUp_IRQHandler
 .text.SystemInit
                0x08001f9a        0x2 CMakeFiles/lidar_sf20c_interface.dir/device/system_stm32f1xx.c.obj
                0x08001f9a                SystemInit
 *(.glue_7)
 .glue_7        0x08001f9c        0x0 linker stubs
 *(.glue_7t)
 .glue_7t       0x08001f9c        0x0 linker stubs
 *(.eh_frame)
 .eh_frame      0x08001f9c        0x0 /usr/lib/gcc/arm-none-eabi/13.2.1/thumb/v7-m/nofp/crtbegin.o
 *(.init)
 .init          0x08001f9c        0x4 /usr/lib/gcc/arm-none-eabi/13.2.1/thumb/v7-m/nofp/crti.o
                0x08001f9c                _init
 .init          0x08001fa0        0x8 /usr/lib/gcc/arm-none-eabi/13.2.1/thumb/v7-m/nofp/crtn.o
 *(.fini)
 .fini          0x08001fa8        0x4 /usr/lib/gcc/arm-none-eabi/13.2.1/thumb/v7-m/nofp/crti.o
                0x08001fa8                _fini
 .fini          0x08001fac        0x8 /usr/lib/gcc/arm-none-eabi/13.2.1/thumb/v7-m/nofp/crtn.o
                0x08001fb4                        . = ALIGN (0x4)
                0x08001fb4                        _etext = .

.vfp11_veneer   0x08001fb4        0x0
 .vfp11_veneer  0x08001fb4        0x0 linker stubs

.v4_bx          0x08001fb4        0x0
 .v4_bx         0x08001fb4        0x0 linker stubs

.iplt           0x08001fb4        0x0
 .iplt          0x08001fb4        0x0 /usr/lib/gcc/arm-none-eabi/13.2.1/thumb/v7-m/nofp/crtbegin.o

.rodata         0x08001fb4       0x7c
                0x08001fb4                        . = ALIGN (0x4)
 *(.rodata)
 .rodata        0x08001fb4       0x18 CMakeFiles/lidar_sf20c_interface.dir/app/main.c.obj
 *(.rodata*)
 .rodata.main.str1.4
                0x08001fcc       0x61 CMakeFiles/lidar_sf20c_interface.dir/app/main.c.obj
                                 0x26 (size before relaxing)
 .rodata.str1.4
                0x0800202d       0x13 /usr/lib/gcc/arm-none-eabi/13.2.1/../../../arm-none-eabi/lib/thumb/v7-m/nofp/libg_nano.a(libc_a-nano-vfprintf.o)
 .rodata.str1.4
                0x0800202d       0x25 /usr/lib/gcc/arm-none-eabi/13.2.1/../../../arm-none-eabi/lib/thumb/v7-m/nofp/libg_nano.a(libc_a-nano-vfprintf_i.o)
                0x08002054                        . = ALIGN (0x4)
 *fill*         0x0800202d        0x3 

.ARM.extab
 *(.ARM.extab* .gnu.linkonce.armextab.*)

.ARM            0x08002030        0x8
                0x08002030                        __exidx_start = .
 *(.ARM.exidx*)
 .ARM.exidx     0x08002030        0x8 /usr/lib/gcc/arm-none-eabi/13.2.1/../../../arm-none-eabi/lib/thumb/v7-m/nofp/libg_nano.a(libc_a-memcpy.o)
                0x08002038                        __exidx_end = .

.rel.dyn        0x08002038        0x0
 .rel.iplt      0x08002038        0x0 /usr/lib/gcc/arm-none-eabi/13.2.1/thumb/v7-m/nofp/crtbegin.o

.preinit_array  0x08002038        0x0
                0x08002038                        PROVIDE (__preinit_array_start = .)
 *(.preinit_array*)
                0x08002038                        PROVIDE (__preinit_array_end = .)

.init_array     0x08002038        0x4
                0x08002038                        PROVIDE (__init_array_start = .)
 *(SORT_BY_NAME(.init_array.*))
 *(.init_array*)
 .init_array    0x08002038        0x4 /usr/lib/gcc/arm-none-eabi/13.2.1/thumb/v7-m/nofp/crtbegin.o
                0x0800203c                        PROVIDE (__init_array_end = .)

.fini_array     0x0800203c        0x4
                0x0800203c                        PROVIDE (__fini_array_start = .)
 *(SORT_BY_NAME(.fini_array.*))
 *(.fini_array*)
 .fini_array    0x0800203c        0x4 /usr/lib/gcc/arm-none-eabi/13.2.1/thumb/v7-m/nofp/crtbegin.o
                0x08002040                        PROVIDE (__fini_array_end = .)
                0x08002040                        _sidata = LOADADDR (.data)

.data           0x20000000       0x5c load address 0x08002040
                0x20000000                        . = ALIGN (0x4)
                0x20000000                        _sdata = .
 *(.data)
 .data          0x20000000       0x50 /usr/lib/gcc/arm-none-eabi/13.2.1/../../../arm-none-eabi/lib/thumb/v7-m/nofp/libg_nano.a(libc_a-impure.o)
                0x20000000                _impure_ptr
                0x20000004                _impure_data
 .data          0x20000050        0xc /usr/lib/gcc/arm-none-eabi/13.2.1/../../../arm-none-eabi/lib/thumb/v7-m/nofp/libg_nano.a(libc_a-findfp.o)
                0x20000050                __sglue
 *(.data*)
                0x2000005c                        . = ALIGN (0x4)
                0x2000005c                        _edata = .

.tm_clone_table
                0x2000005c        0x0 load address 0x0800209c
 .tm_clone_table
                0x2000005c        0x0 /usr/lib/gcc/arm-none-eabi/13.2.1/thumb/v7-m/nofp/crtbegin.o
 .tm_clone_table
                0x2000005c        0x0 /usr/lib/gcc/arm-none-eabi/13.2.1/thumb/v7-m/nofp/crtend.o

.igot.plt       0x2000005c        0x0 load address 0x0800209c
 .igot.plt      0x2000005c        0x0 /usr/lib/gcc/arm-none-eabi/13.2.1/thumb/v7-m/nofp/crtbegin.o
                0x2000005c                        . = ALIGN (0x4)

.bss            0x2000005c      0xd80 load address 0x0800209c
                0x2000005c                        _sbss = .
                0x2000005c                        __bss_start__ = _sbss
 *(.bss)
 .bss           0x2000005c       0x1c /usr/lib/gcc/arm-none-eabi/13.2.1/thumb/v7-m/nofp/crtbegin.o
 .bss           0x20000078      0x13c /usr/lib/gcc/arm-none-eabi/13.2.1/../../../arm-none-eabi/lib/thumb/v7-m/nofp/libg_nano.a(libc_a-findfp.o)
                0x20000078                __sf
                0x200001b0                __stdio_exit_handler
 .bss           0x200001b4        0x8 /usr/lib/gcc/arm-none-eabi/13.2.1/../../../arm-none-eabi/lib/thumb/v7-m/nofp/libg_nano.a(libc_a-mallocr.o)
                0x200001b4                __malloc_sbrk_start
                0x200001b8                __malloc_free_list
 .bss           0x200001bc        0x4 /usr/lib/gcc/arm-none-eabi/13.2.1/../../../arm-none-eabi/lib/thumb/v7-m/nofp/libg_nano.a(libc_a-reent.o)
                0x200001bc                errno
 *(.bss*)
 .bss.s_tick_count
                0x200001c0        0x4 CMakeFiles/lidar_sf20c_interface.dir/bsp/bsp.c.obj
 .bss.s_rx_lidar
                0x200001c4      0x404 CMakeFiles/lidar_sf20c_interface.dir/drivers/mcu/usart.c.obj
 .bss.lidar_ctx.0
                0x200005c8      0x810 CMakeFiles/lidar_sf20c_interface.dir/app/main.c.obj
 .bss.heap_end.0
                0x20000dd8        0x4 CMakeFiles/lidar_sf20c_interface.dir/sys/syscall.c.obj
 *(COMMON)
                0x20000ddc                        . = ALIGN (0x4)
                0x20000ddc                        _ebss = .
                0x20000ddc                        __bss_end__ = _ebss

._user_heap_stack
                0x20000ddc      0x604 load address 0x0800209c
                0x20000de0                        . = ALIGN (0x8)
 *fill*         0x20000ddc        0x4 
                [!provide]                        PROVIDE (end = .)
                0x20000de0                        PROVIDE (_end = .)
                0x20000fe0                        . = (. + _Min_Heap_Size)
 *fill*         0x20000de0      0x200 
                0x200013e0                        . = (. + _Min_Stack_Size)
 *fill*         0x20000fe0      0x400 
                0x200013e0                        . = ALIGN (0x8)

/DISCARD/
 libc.a(*)
 libm.a(*)
 libgcc.a(*)

.ARM.attributes
                0x00000000       0x29
 *(.ARM.attributes)
 .ARM.attributes
                0x00000000       0x1d /usr/lib/gcc/arm-none-eabi/13.2.1/thumb/v7-m/nofp/crti.o
 .ARM.attributes
                0x0000001d       0x2d /usr/lib/gcc/arm-none-eabi/13.2.1/thumb/v7-m/nofp/crtbegin.o
 .ARM.attributes
                0x0000004a       0x2d CMakeFiles/lidar_sf20c_interface.dir/bsp/bsp.c.obj
 .ARM.attributes
                0x00000077       0x2d CMakeFiles/lidar_sf20c_interface.dir/drivers/mcu/usart.c.obj
 .ARM.attributes
                0x000000a4       0x2d CMakeFiles/lidar_sf20c_interface.dir/drivers/devices/lidar.c.obj
 .ARM.attributes
                0x000000d1       0x2d CMakeFiles/lidar_sf20c_interface.dir/app/main.c.obj
 .ARM.attributes
                0x000000fe       0x2d CMakeFiles/lidar_sf20c_interface.dir/sys/interrupts.c.obj
 .ARM.attributes
                0x0000012b       0x2d CMakeFiles/lidar_sf20c_interface.dir/sys/syscall.c.obj
 .ARM.attributes
                0x00000158       0x21 CMakeFiles/lidar_sf20c_interface.dir/device/startup_stm32f103xb.s.obj
 .ARM.attributes
                0x00000179       0x2d CMakeFiles/lidar_sf20c_interface.dir/device/system_stm32f1xx.c.obj
 .ARM.attributes
                0x000001a6       0x2d /usr/lib/gcc/arm-none-eabi/13.2.1/../../../arm-none-eabi/lib/thumb/v7-m/nofp/libg_nano.a(libc_a-init.o)
 .ARM.attributes
                0x000001d3       0x2d /usr/lib/gcc/arm-none-eabi/13.2.1/../../../arm-none-eabi/lib/thumb/v7-m/nofp/libg_nano.a(libc_a-memset.o)
 .ARM.attributes
                0x00000200       0x1b /usr/lib/gcc/arm-none-eabi/13.2.1/../../../arm-none-eabi/lib/thumb/v7-m/nofp/libg_nano.a(libc_a-memcpy.o)
 .ARM.attributes
                0x0000021b       0x2d /usr/lib/gcc/arm-none-eabi/13.2.1/../../../arm-none-eabi/lib/thumb/v7-m/nofp/libg_nano.a(libc_a-printf.o)
 .ARM.attributes
                0x00000248       0x2d /usr/lib/gcc/arm-none-eabi/13.2.1/../../../arm-none-eabi/lib/thumb/v7-m/nofp/libg_nano.a(libc_a-nano-vfprintf.o)
 .ARM.attributes
                0x00000275       0x2d /usr/lib/gcc/arm-none-eabi/13.2.1/../../../arm-none-eabi/lib/thumb/v7-m/nofp/libg_nano.a(libc_a-wbuf.o)
 .ARM.attributes
                0x000002a2       0x2d /usr/lib/gcc/arm-none-eabi/13.2.1/../../../arm-none-eabi/lib/thumb/v7-m/nofp/libg_nano.a(libc_a-impure.o)
 .ARM.attributes
                0x000002cf       0x2d /usr/lib/gcc/arm-none-eabi/13.2.1/../../../arm-none-eabi/lib/thumb/v7-m/nofp/libg_nano.a(libc_a-fvwrite.o)
 .ARM.attributes
                0x000002fc       0x2d /usr/lib/gcc/arm-none-eabi/13.2.1/../../../arm-none-eabi/lib/thumb/v7-m/nofp/libg_nano.a(libc_a-findfp.o)
 .ARM.attributes
                0x00000329       0x2d /usr/lib/gcc/arm-none-eabi/13.2.1/../../../arm-none-eabi/lib/thumb/v7-m/nofp/libg_nano.a(libc_a-fflush.o)
 .ARM.attributes
                0x00000356       0x2d /usr/lib/gcc/arm-none-eabi/13.2.1/../../../arm-none-eabi/lib/thumb/v7-m/nofp/libg_nano.a(libc_a-mallocr.o)
 .ARM.attributes
                0x00000383       0x2d /usr/lib/gcc/arm-none-eabi/13.2.1/../../../arm-none-eabi/lib/thumb/v7-m/nofp/libg_nano.a(libc_a-freer.o)
 .ARM.attributes
                0x000003b0       0x2d /usr/lib/gcc/arm-none-eabi/13.2.1/../../../arm-none-eabi/lib/thumb/v7-m/nofp/libg_nano.a(libc_a-memmove.o)
 .ARM.attributes
                0x000003dd       0x2d /usr/lib/gcc/arm-none-eabi/13.2.1/../../../arm-none-eabi/lib/thumb/v7-m/nofp/libg_nano.a(libc_a-fwalk.o)
 .ARM.attributes
                0x0000040a       0x2d /usr/lib/gcc/arm-none-eabi/13.2.1/../../../arm-none-eabi/lib/thumb/v7-m/nofp/libg_nano.a(libc_a-wsetup.o)
 .ARM.attributes
                0x00000437       0x2d /usr/lib/gcc/arm-none-eabi/13.2.1/../../../arm-none-eabi/lib/thumb/v7-m/nofp/libg_nano.a(libc_a-reallocr.o)
 .ARM.attributes
                0x00000464       0x2d /usr/lib/gcc/arm-none-eabi/13.2.1/../../../arm-none-eabi/lib/thumb/v7-m/nofp/libg_nano.a(libc_a-nano-vfprintf_i.o)
 .ARM.attributes
                0x00000491       0x2d /usr/lib/gcc/arm-none-eabi/13.2.1/../../../arm-none-eabi/lib/thumb/v7-m/nofp/libg_nano.a(libc_a-mlock.o)
 .ARM.attributes
                0x000004be       0x2d /usr/lib/gcc/arm-none-eabi/13.2.1/../../../arm-none-eabi/lib/thumb/v7-m/nofp/libg_nano.a(libc_a-makebuf.o)
 .ARM.attributes
                0x000004eb       0x2d /usr/lib/gcc/arm-none-eabi/13.2.1/../../../arm-none-eabi/lib/thumb/v7-m/nofp/libg_nano.a(libc_a-memchr-stub.o)
 .ARM.attributes
                0x00000518       0x2d /usr/lib/gcc/arm-none-eabi/13.2.1/../../../arm-none-eabi/lib/thumb/v7-m/nofp/libg_nano.a(libc_a-isattyr.o)
 .ARM.attributes
                0x00000545       0x2d /usr/lib/gcc/arm-none-eabi/13.2.1/../../../arm-none-eabi/lib/thumb/v7-m/nofp/libg_nano.a(libc_a-sbrkr.o)
 .ARM.attributes
                0x00000572       0x2d /usr/lib/gcc/arm-none-eabi/13.2.1/../../../arm-none-eabi/lib/thumb/v7-m/nofp/libg_nano.a(libc_a-stdio.o)
 .ARM.attributes
                0x0000059f       0x2d /usr/lib/gcc/arm-none-eabi/13.2.1/../../../arm-none-eabi/lib/thumb/v7-m/nofp/libg_nano.a(libc_a-msizer.o)
 .ARM.attributes
                0x000005cc       0x2d /usr/lib/gcc/arm-none-eabi/13.2.1/../../../arm-none-eabi/lib/thumb/v7-m/nofp/libg_nano.a(libc_a-closer.o)
 .ARM.attributes
                0x000005f9       0x2d /usr/lib/gcc/arm-none-eabi/13.2.1/../../../arm-none-eabi/lib/thumb/v7-m/nofp/libg_nano.a(libc_a-readr.o)
 .ARM.attributes
                0x00000626       0x2d /usr/lib/gcc/arm-none-eabi/13.2.1/../../../arm-none-eabi/lib/thumb/v7-m/nofp/libg_nano.a(libc_a-reent.o)
 .ARM.attributes
                0x00000653       0x2d /usr/lib/gcc/arm-none-eabi/13.2.1/../../../arm-none-eabi/lib/thumb/v7-m/nofp/libg_nano.a(libc_a-fstatr.o)
 .ARM.attributes
                0x00000680       0x2d /usr/lib/gcc/arm-none-eabi/13.2.1/../../../arm-none-eabi/lib/thumb/v7-m/nofp/libg_nano.a(libc_a-lseekr.o)
 .ARM.attributes
                0x000006ad       0x2d /usr/lib/gcc/arm-none-eabi/13.2.1/../../../arm-none-eabi/lib/thumb/v7-m/nofp/libg_nano.a(libc_a-writer.o)
 .ARM.attributes
                0x000006da       0x2d /usr/lib/gcc/arm-none-eabi/13.2.1/thumb/v7-m/nofp/crtend.o
 .ARM.attributes
                0x00000707       0x1d /usr/lib/gcc/arm-none-eabi/13.2.1/thumb/v7-m/nofp/crtn.o
OUTPUT(lidar_sf20c_interface elf32-littlearm)
LOAD linker stubs
LOAD /usr/lib/gcc/arm-none-eabi/13.2.1/../../../arm-none-eabi/lib/thumb/v7-m/nofp/libc.a
LOAD /usr/lib/gcc/arm-none-eabi/13.2.1/../../../arm-none-eabi/lib/thumb/v7-m/nofp/libm.a
LOAD /usr/lib/gcc/arm-none-eabi/13.2.1/thumb/v7-m/nofp/libgcc.a

.comment        0x00000000       0x26
 .comment       0x00000000       0x26 /usr/lib/gcc/arm-none-eabi/13.2.1/thumb/v7-m/nofp/crtbegin.o
                                 0x27 (size before relaxing)
 .comment       0x00000026       0x27 CMakeFiles/lidar_sf20c_interface.dir/bsp/bsp.c.obj
 .comment       0x00000026       0x27 CMakeFiles/lidar_sf20c_interface.dir/drivers/mcu/usart.c.obj
 .comment       0x00000026       0x27 CMakeFiles/lidar_sf20c_interface.dir/drivers/devices/lidar.c.obj
 .comment       0x00000026       0x27 CMakeFiles/lidar_sf20c_interface.dir/app/main.c.obj
 .comment       0x00000026       0x27 CMakeFiles/lidar_sf20c_interface.dir/sys/interrupts.c.obj
 .comment       0x00000026       0x27 CMakeFiles/lidar_sf20c_interface.dir/sys/syscall.c.obj
 .comment       0x00000026       0x27 CMakeFiles/lidar_sf20c_interface.dir/device/system_stm32f1xx.c.obj
 .comment       0x00000026       0x27 /usr/lib/gcc/arm-none-eabi/13.2.1/../../../arm-none-eabi/lib/thumb/v7-m/nofp/libg_nano.a(libc_a-init.o)
 .comment       0x00000026       0x27 /usr/lib/gcc/arm-none-eabi/13.2.1/../../../arm-none-eabi/lib/thumb/v7-m/nofp/libg_nano.a(libc_a-memset.o)
 .comment       0x00000026       0x27 /usr/lib/gcc/arm-none-eabi/13.2.1/../../../arm-none-eabi/lib/thumb/v7-m/nofp/libg_nano.a(libc_a-printf.o)
 .comment       0x00000026       0x27 /usr/lib/gcc/arm-none-eabi/13.2.1/../../../arm-none-eabi/lib/thumb/v7-m/nofp/libg_nano.a(libc_a-nano-vfprintf.o)
 .comment       0x00000026       0x27 /usr/lib/gcc/arm-none-eabi/13.2.1/../../../arm-none-eabi/lib/thumb/v7-m/nofp/libg_nano.a(libc_a-wbuf.o)
 .comment       0x00000026       0x27 /usr/lib/gcc/arm-none-eabi/13.2.1/../../../arm-none-eabi/lib/thumb/v7-m/nofp/libg_nano.a(libc_a-impure.o)
 .comment       0x00000026       0x27 /usr/lib/gcc/arm-none-eabi/13.2.1/../../../arm-none-eabi/lib/thumb/v7-m/nofp/libg_nano.a(libc_a-fvwrite.o)
 .comment       0x00000026       0x27 /usr/lib/gcc/arm-none-eabi/13.2.1/../../../arm-none-eabi/lib/thumb/v7-m/nofp/libg_nano.a(libc_a-findfp.o)
 .comment       0x00000026       0x27 /usr/lib/gcc/arm-none-eabi/13.2.1/../../../arm-none-eabi/lib/thumb/v7-m/nofp/libg_nano.a(libc_a-fflush.o)
 .comment       0x00000026       0x27 /usr/lib/gcc/arm-none-eabi/13.2.1/../../../arm-none-eabi/lib/thumb/v7-m/nofp/libg_nano.a(libc_a-mallocr.o)
 .comment       0x00000026       0x27 /usr/lib/gcc/arm-none-eabi/13.2.1/../../../arm-none-eabi/lib/thumb/v7-m/nofp/libg_nano.a(libc_a-freer.o)
 .comment       0x00000026       0x27 /usr/lib/gcc/arm-none-eabi/13.2.1/../../../arm-none-eabi/lib/thumb/v7-m/nofp/libg_nano.a(libc_a-memmove.o)
 .comment       0x00000026       0x27 /usr/lib/gcc/arm-none-eabi/13.2.1/../../../arm-none-eabi/lib/thumb/v7-m/nofp/libg_nano.a(libc_a-fwalk.o)
 .comment       0x00000026       0x27 /usr/lib/gcc/arm-none-eabi/13.2.1/../../../arm-none-eabi/lib/thumb/v7-m/nofp/libg_nano.a(libc_a-wsetup.o)
 .comment       0x00000026       0x27 /usr/lib/gcc/arm-none-eabi/13.2.1/../../../arm-none-eabi/lib/thumb/v7-m/nofp/libg_nano.a(libc_a-reallocr.o)
 .comment       0x00000026       0x27 /usr/lib/gcc/arm-none-eabi/13.2.1/../../../arm-none-eabi/lib/thumb/v7-m/nofp/libg_nano.a(libc_a-nano-vfprintf_i.o)
 .comment       0x00000026       0x27 /usr/lib/gcc/arm-none-eabi/13.2.1/../../../arm-none-eabi/lib/thumb/v7-m/nofp/libg_nano.a(libc_a-mlock.o)
 .comment       0x00000026       0x27 /usr/lib/gcc/arm-none-eabi/13.2.1/../../../arm-none-eabi/lib/thumb/v7-m/nofp/libg_nano.a(libc_a-makebuf.o)
 .comment       0x00000026       0x27 /usr/lib/gcc/arm-none-eabi/13.2.1/../../../arm-none-eabi/lib/thumb/v7-m/nofp/libg_nano.a(libc_a-memchr-stub.o)
 .comment       0x00000026       0x27 /usr/lib/gcc/arm-none-eabi/13.2.1/../../../arm-none-eabi/lib/thumb/v7-m/nofp/libg_nano.a(libc_a-isattyr.o)
 .comment       0x00000026       0x27 /usr/lib/gcc/arm-none-eabi/13.2.1/../../../arm-none-eabi/lib/thumb/v7-m/nofp/libg_nano.a(libc_a-sbrkr.o)
 .comment       0x00000026       0x27 /usr/lib/gcc/arm-none-eabi/13.2.1/../../../arm-none-eabi/lib/thumb/v7-m/nofp/libg_nano.a(libc_a-stdio.o)
 .comment       0x00000026       0x27 /usr/lib/gcc/arm-none-eabi/13.2.1/../../../arm-none-eabi/lib/thumb/v7-m/nofp/libg_nano.a(libc_a-msizer.o)
 .comment       0x00000026       0x27 /usr/lib/gcc/arm-none-eabi/13.2.1/../../../arm-none-eabi/lib/thumb/v7-m/nofp/libg_nano.a(libc_a-closer.o)
 .comment       0x00000026       0x27 /usr/lib/gcc/arm-none-eabi/13.2.1/../../../arm-none-eabi/lib/thumb/v7-m/nofp/libg_nano.a(libc_a-readr.o)
 .comment       0x00000026       0x27 /usr/lib/gcc/arm-none-eabi/13.2.1/../../../arm-none-eabi/lib/thumb/v7-m/nofp/libg_nano.a(libc_a-reent.o)
 .comment       0x00000026       0x27 /usr/lib/gcc/arm-none-eabi/13.2.1/../../../arm-none-eabi/lib/thumb/v7-m/nofp/libg_nano.a(libc_a-fstatr.o)
 .comment       0x00000026       0x27 /usr/lib/gcc/arm-none-eabi/13.2.1/../../../arm-none-eabi/lib/thumb/v7-m/nofp/libg_nano.a(libc_a-lseekr.o)
 .comment       0x00000026       0x27 /usr/lib/gcc/arm-none-eabi/13.2.1/../../../arm-none-eabi/lib/thumb/v7-m/nofp/libg_nano.a(libc_a-writer.o)
 .comment       0x00000026       0x27 /usr/lib/gcc/arm-none-eabi/13.2.1/thumb/v7-m/nofp/crtend.o

.debug_info     0x00000000    0x11114
 .debug_info    0x00000000      0x4ab CMakeFiles/lidar_sf20c_interface.dir/bsp/bsp.c.obj
 .debug_info    0x000004ab      0x921 CMakeFiles/lidar_sf20c_interface.dir/drivers/mcu/usart.c.obj
 .debug_info    0x00000dcc      0x6cb CMakeFiles/lidar_sf20c_interface.dir/drivers/devices/lidar.c.obj
 .debug_info    0x00001497      0x65e CMakeFiles/lidar_sf20c_interface.dir/app/main.c.obj
 .debug_info    0x00001af5       0xf1 CMakeFiles/lidar_sf20c_interface.dir/sys/interrupts.c.obj
 .debug_info    0x00001be6      0x542 CMakeFiles/lidar_sf20c_interface.dir/sys/syscall.c.obj
 .debug_info    0x00002128       0x30 CMakeFiles/lidar_sf20c_interface.dir/device/startup_stm32f103xb.s.obj
 .debug_info    0x00002158      0x210 CMakeFiles/lidar_sf20c_interface.dir/device/system_stm32f1xx.c.obj
 .debug_info    0x00002368      0x10b /usr/lib/gcc/arm-none-eabi/13.2.1/../../../arm-none-eabi/lib/thumb/v7-m/nofp/libg_nano.a(libc_a-init.o)
 .debug_info    0x00002473      0x135 /usr/lib/gcc/arm-none-eabi/13.2.1/../../../arm-none-eabi/lib/thumb/v7-m/nofp/libg_nano.a(libc_a-memset.o)
 .debug_info    0x000025a8       0x33 /usr/lib/gcc/arm-none-eabi/13.2.1/../../../arm-none-eabi/lib/thumb/v7-m/nofp/libg_nano.a(libc_a-memcpy.o)
 .debug_info    0x000025db      0x837 /usr/lib/gcc/arm-none-eabi/13.2.1/../../../arm-none-eabi/lib/thumb/v7-m/nofp/libg_nano.a(libc_a-printf.o)
 .debug_info    0x00002e12     0x108a /usr/lib/gcc/arm-none-eabi/13.2.1/../../../arm-none-eabi/lib/thumb/v7-m/nofp/libg_nano.a(libc_a-nano-vfprintf.o)
 .debug_info    0x00003e9c      0x863 /usr/lib/gcc/arm-none-eabi/13.2.1/../../../arm-none-eabi/lib/thumb/v7-m/nofp/libg_nano.a(libc_a-wbuf.o)
 .debug_info    0x000046ff      0x70b /usr/lib/gcc/arm-none-eabi/13.2.1/../../../arm-none-eabi/lib/thumb/v7-m/nofp/libg_nano.a(libc_a-impure.o)
 .debug_info    0x00004e0a      0xb1e /usr/lib/gcc/arm-none-eabi/13.2.1/../../../arm-none-eabi/lib/thumb/v7-m/nofp/libg_nano.a(libc_a-fvwrite.o)
 .debug_info    0x00005928      0xe8c /usr/lib/gcc/arm-none-eabi/13.2.1/../../../arm-none-eabi/lib/thumb/v7-m/nofp/libg_nano.a(libc_a-findfp.o)
 .debug_info    0x000067b4      0xa30 /usr/lib/gcc/arm-none-eabi/13.2.1/../../../arm-none-eabi/lib/thumb/v7-m/nofp/libg_nano.a(libc_a-fflush.o)
 .debug_info    0x000071e4      0x9b6 /usr/lib/gcc/arm-none-eabi/13.2.1/../../../arm-none-eabi/lib/thumb/v7-m/nofp/libg_nano.a(libc_a-mallocr.o)
 .debug_info    0x00007b9a      0x87f /usr/lib/gcc/arm-none-eabi/13.2.1/../../../arm-none-eabi/lib/thumb/v7-m/nofp/libg_nano.a(libc_a-freer.o)
 .debug_info    0x00008419      0x148 /usr/lib/gcc/arm-none-eabi/13.2.1/../../../arm-none-eabi/lib/thumb/v7-m/nofp/libg_nano.a(libc_a-memmove.o)
 .debug_info    0x00008561      0x7c8 /usr/lib/gcc/arm-none-eabi/13.2.1/../../../arm-none-eabi/lib/thumb/v7-m/nofp/libg_nano.a(libc_a-fwalk.o)
 .debug_info    0x00008d29      0x7b1 /usr/lib/gcc/arm-none-eabi/13.2.1/../../../arm-none-eabi/lib/thumb/v7-m/nofp/libg_nano.a(libc_a-wsetup.o)
 .debug_info    0x000094da      0x8cd /usr/lib/gcc/arm-none-eabi/13.2.1/../../../arm-none-eabi/lib/thumb/v7-m/nofp/libg_nano.a(libc_a-reallocr.o)
 .debug_info    0x00009da7      0xdd7 /usr/lib/gcc/arm-none-eabi/13.2.1/../../../arm-none-eabi/lib/thumb/v7-m/nofp/libg_nano.a(libc_a-nano-vfprintf_i.o)
 .debug_info    0x0000ab7e      0x71c /usr/lib/gcc/arm-none-eabi/13.2.1/../../../arm-none-eabi/lib/thumb/v7-m/nofp/libg_nano.a(libc_a-mlock.o)
 .debug_info    0x0000b29a      0xbe6 /usr/lib/gcc/arm-none-eabi/13.2.1/../../../arm-none-eabi/lib/thumb/v7-m/nofp/libg_nano.a(libc_a-makebuf.o)
 .debug_info    0x0000be80      0x14a /usr/lib/gcc/arm-none-eabi/13.2.1/../../../arm-none-eabi/lib/thumb/v7-m/nofp/libg_nano.a(libc_a-memchr-stub.o)
 .debug_info    0x0000bfca      0x752 /usr/lib/gcc/arm-none-eabi/13.2.1/../../../arm-none-eabi/lib/thumb/v7-m/nofp/libg_nano.a(libc_a-isattyr.o)
 .debug_info    0x0000c71c      0x778 /usr/lib/gcc/arm-none-eabi/13.2.1/../../../arm-none-eabi/lib/thumb/v7-m/nofp/libg_nano.a(libc_a-sbrkr.o)
 .debug_info    0x0000ce94      0xa80 /usr/lib/gcc/arm-none-eabi/13.2.1/../../../arm-none-eabi/lib/thumb/v7-m/nofp/libg_nano.a(libc_a-stdio.o)
 .debug_info    0x0000d914      0x78a /usr/lib/gcc/arm-none-eabi/13.2.1/../../../arm-none-eabi/lib/thumb/v7-m/nofp/libg_nano.a(libc_a-msizer.o)
 .debug_info    0x0000e09e      0x752 /usr/lib/gcc/arm-none-eabi/13.2.1/../../../arm-none-eabi/lib/thumb/v7-m/nofp/libg_nano.a(libc_a-closer.o)
 .debug_info    0x0000e7f0      0x7b5 /usr/lib/gcc/arm-none-eabi/13.2.1/../../../arm-none-eabi/lib/thumb/v7-m/nofp/libg_nano.a(libc_a-readr.o)
 .debug_info    0x0000efa5      0x89f /usr/lib/gcc/arm-none-eabi/13.2.1/../../../arm-none-eabi/lib/thumb/v7-m/nofp/libg_nano.a(libc_a-reent.o)
 .debug_info    0x0000f844      0x977 /usr/lib/gcc/arm-none-eabi/13.2.1/../../../arm-none-eabi/lib/thumb/v7-m/nofp/libg_nano.a(libc_a-fstatr.o)
 .debug_info    0x000101bb      0x79e /usr/lib/gcc/arm-none-eabi/13.2.1/../../../arm-none-eabi/lib/thumb/v7-m/nofp/libg_nano.a(libc_a-lseekr.o)
 .debug_info    0x00010959      0x7bb /usr/lib/gcc/arm-none-eabi/13.2.1/../../../arm-none-eabi/lib/thumb/v7-m/nofp/libg_nano.a(libc_a-writer.o)

.debug_abbrev   0x00000000     0x4434
 .debug_abbrev  0x00000000      0x1d6 CMakeFiles/lidar_sf20c_interface.dir/bsp/bsp.c.obj
 .debug_abbrev  0x000001d6      0x2e1 CMakeFiles/lidar_sf20c_interface.dir/drivers/mcu/usart.c.obj
 .debug_abbrev  0x000004b7      0x235 CMakeFiles/lidar_sf20c_interface.dir/drivers/devices/lidar.c.obj
 .debug_abbrev  0x000006ec      0x1ec CMakeFiles/lidar_sf20c_interface.dir/app/main.c.obj
 .debug_abbrev  0x000008d8       0x47 CMakeFiles/lidar_sf20c_interface.dir/sys/interrupts.c.obj
 .debug_abbrev  0x0000091f      0x1c8 CMakeFiles/lidar_sf20c_interface.dir/sys/syscall.c.obj
 .debug_abbrev  0x00000ae7       0x24 CMakeFiles/lidar_sf20c_interface.dir/device/startup_stm32f103xb.s.obj
 .debug_abbrev  0x00000b0b      0x146 CMakeFiles/lidar_sf20c_interface.dir/device/system_stm32f1xx.c.obj
 .debug_abbrev  0x00000c51       0xc9 /usr/lib/gcc/arm-none-eabi/13.2.1/../../../arm-none-eabi/lib/thumb/v7-m/nofp/libg_nano.a(libc_a-init.o)
 .debug_abbrev  0x00000d1a       0xb7 /usr/lib/gcc/arm-none-eabi/13.2.1/../../../arm-none-eabi/lib/thumb/v7-m/nofp/libg_nano.a(libc_a-memset.o)
 .debug_abbrev  0x00000dd1       0x28 /usr/lib/gcc/arm-none-eabi/13.2.1/../../../arm-none-eabi/lib/thumb/v7-m/nofp/libg_nano.a(libc_a-memcpy.o)
 .debug_abbrev  0x00000df9      0x21a /usr/lib/gcc/arm-none-eabi/13.2.1/../../../arm-none-eabi/lib/thumb/v7-m/nofp/libg_nano.a(libc_a-printf.o)
 .debug_abbrev  0x00001013      0x36e /usr/lib/gcc/arm-none-eabi/13.2.1/../../../arm-none-eabi/lib/thumb/v7-m/nofp/libg_nano.a(libc_a-nano-vfprintf.o)
 .debug_abbrev  0x00001381      0x236 /usr/lib/gcc/arm-none-eabi/13.2.1/../../../arm-none-eabi/lib/thumb/v7-m/nofp/libg_nano.a(libc_a-wbuf.o)
 .debug_abbrev  0x000015b7      0x149 /usr/lib/gcc/arm-none-eabi/13.2.1/../../../arm-none-eabi/lib/thumb/v7-m/nofp/libg_nano.a(libc_a-impure.o)
 .debug_abbrev  0x00001700      0x224 /usr/lib/gcc/arm-none-eabi/13.2.1/../../../arm-none-eabi/lib/thumb/v7-m/nofp/libg_nano.a(libc_a-fvwrite.o)
 .debug_abbrev  0x00001924      0x408 /usr/lib/gcc/arm-none-eabi/13.2.1/../../../arm-none-eabi/lib/thumb/v7-m/nofp/libg_nano.a(libc_a-findfp.o)
 .debug_abbrev  0x00001d2c      0x2e1 /usr/lib/gcc/arm-none-eabi/13.2.1/../../../arm-none-eabi/lib/thumb/v7-m/nofp/libg_nano.a(libc_a-fflush.o)
 .debug_abbrev  0x0000200d      0x24a /usr/lib/gcc/arm-none-eabi/13.2.1/../../../arm-none-eabi/lib/thumb/v7-m/nofp/libg_nano.a(libc_a-mallocr.o)
 .debug_abbrev  0x00002257      0x249 /usr/lib/gcc/arm-none-eabi/13.2.1/../../../arm-none-eabi/lib/thumb/v7-m/nofp/libg_nano.a(libc_a-freer.o)
 .debug_abbrev  0x000024a0       0xc3 /usr/lib/gcc/arm-none-eabi/13.2.1/../../../arm-none-eabi/lib/thumb/v7-m/nofp/libg_nano.a(libc_a-memmove.o)
 .debug_abbrev  0x00002563      0x19b /usr/lib/gcc/arm-none-eabi/13.2.1/../../../arm-none-eabi/lib/thumb/v7-m/nofp/libg_nano.a(libc_a-fwalk.o)
 .debug_abbrev  0x000026fe      0x1e2 /usr/lib/gcc/arm-none-eabi/13.2.1/../../../arm-none-eabi/lib/thumb/v7-m/nofp/libg_nano.a(libc_a-wsetup.o)
 .debug_abbrev  0x000028e0      0x20c /usr/lib/gcc/arm-none-eabi/13.2.1/../../../arm-none-eabi/lib/thumb/v7-m/nofp/libg_nano.a(libc_a-reallocr.o)
 .debug_abbrev  0x00002aec      0x284 /usr/lib/gcc/arm-none-eabi/13.2.1/../../../arm-none-eabi/lib/thumb/v7-m/nofp/libg_nano.a(libc_a-nano-vfprintf_i.o)
 .debug_abbrev  0x00002d70      0x192 /usr/lib/gcc/arm-none-eabi/13.2.1/../../../arm-none-eabi/lib/thumb/v7-m/nofp/libg_nano.a(libc_a-mlock.o)
 .debug_abbrev  0x00002f02      0x29d /usr/lib/gcc/arm-none-eabi/13.2.1/../../../arm-none-eabi/lib/thumb/v7-m/nofp/libg_nano.a(libc_a-makebuf.o)
 .debug_abbrev  0x0000319f       0xc7 /usr/lib/gcc/arm-none-eabi/13.2.1/../../../arm-none-eabi/lib/thumb/v7-m/nofp/libg_nano.a(libc_a-memchr-stub.o)
 .debug_abbrev  0x00003266      0x1b0 /usr/lib/gcc/arm-none-eabi/13.2.1/../../../arm-none-eabi/lib/thumb/v7-m/nofp/libg_nano.a(libc_a-isattyr.o)
 .debug_abbrev  0x00003416      0x1da /usr/lib/gcc/arm-none-eabi/13.2.1/../../../arm-none-eabi/lib/thumb/v7-m/nofp/libg_nano.a(libc_a-sbrkr.o)
 .debug_abbrev  0x000035f0      0x224 /usr/lib/gcc/arm-none-eabi/13.2.1/../../../arm-none-eabi/lib/thumb/v7-m/nofp/libg_nano.a(libc_a-stdio.o)
 .debug_abbrev  0x00003814      0x196 /usr/lib/gcc/arm-none-eabi/13.2.1/../../../arm-none-eabi/lib/thumb/v7-m/nofp/libg_nano.a(libc_a-msizer.o)
 .debug_abbrev  0x000039aa      0x1b0 /usr/lib/gcc/arm-none-eabi/13.2.1/../../../arm-none-eabi/lib/thumb/v7-m/nofp/libg_nano.a(libc_a-closer.o)
 .debug_abbrev  0x00003b5a      0x1b0 /usr/lib/gcc/arm-none-eabi/13.2.1/../../../arm-none-eabi/lib/thumb/v7-m/nofp/libg_nano.a(libc_a-readr.o)
 .debug_abbrev  0x00003d0a      0x1ee /usr/lib/gcc/arm-none-eabi/13.2.1/../../../arm-none-eabi/lib/thumb/v7-m/nofp/libg_nano.a(libc_a-reent.o)
 .debug_abbrev  0x00003ef8      0x1c3 /usr/lib/gcc/arm-none-eabi/13.2.1/../../../arm-none-eabi/lib/thumb/v7-m/nofp/libg_nano.a(libc_a-fstatr.o)
 .debug_abbrev  0x000040bb      0x1c4 /usr/lib/gcc/arm-none-eabi/13.2.1/../../../arm-none-eabi/lib/thumb/v7-m/nofp/libg_nano.a(libc_a-lseekr.o)
 .debug_abbrev  0x0000427f      0x1b5 /usr/lib/gcc/arm-none-eabi/13.2.1/../../../arm-none-eabi/lib/thumb/v7-m/nofp/libg_nano.a(libc_a-writer.o)

.debug_loclists
                0x00000000     0x2ffa
 .debug_loclists
                0x00000000       0x82 CMakeFiles/lidar_sf20c_interface.dir/bsp/bsp.c.obj
 .debug_loclists
                0x00000082      0x205 CMakeFiles/lidar_sf20c_interface.dir/drivers/mcu/usart.c.obj
 .debug_loclists
                0x00000287      0x400 CMakeFiles/lidar_sf20c_interface.dir/drivers/devices/lidar.c.obj
 .debug_loclists
                0x00000687       0x5c CMakeFiles/lidar_sf20c_interface.dir/app/main.c.obj
 .debug_loclists
                0x000006e3      0x144 CMakeFiles/lidar_sf20c_interface.dir/sys/syscall.c.obj
 .debug_loclists
                0x00000827       0xb7 CMakeFiles/lidar_sf20c_interface.dir/device/system_stm32f1xx.c.obj
 .debug_loclists
                0x000008de       0x65 /usr/lib/gcc/arm-none-eabi/13.2.1/../../../arm-none-eabi/lib/thumb/v7-m/nofp/libg_nano.a(libc_a-init.o)
 .debug_loclists
                0x00000943      0x1d7 /usr/lib/gcc/arm-none-eabi/13.2.1/../../../arm-none-eabi/lib/thumb/v7-m/nofp/libg_nano.a(libc_a-memset.o)
 .debug_loclists
                0x00000b1a       0x3c /usr/lib/gcc/arm-none-eabi/13.2.1/../../../arm-none-eabi/lib/thumb/v7-m/nofp/libg_nano.a(libc_a-printf.o)
 .debug_loclists
                0x00000b56      0x58a /usr/lib/gcc/arm-none-eabi/13.2.1/../../../arm-none-eabi/lib/thumb/v7-m/nofp/libg_nano.a(libc_a-nano-vfprintf.o)
 .debug_loclists
                0x000010e0      0x104 /usr/lib/gcc/arm-none-eabi/13.2.1/../../../arm-none-eabi/lib/thumb/v7-m/nofp/libg_nano.a(libc_a-wbuf.o)
 .debug_loclists
                0x000011e4      0x3f8 /usr/lib/gcc/arm-none-eabi/13.2.1/../../../arm-none-eabi/lib/thumb/v7-m/nofp/libg_nano.a(libc_a-fvwrite.o)
 .debug_loclists
                0x000015dc      0x1d0 /usr/lib/gcc/arm-none-eabi/13.2.1/../../../arm-none-eabi/lib/thumb/v7-m/nofp/libg_nano.a(libc_a-findfp.o)
 .debug_loclists
                0x000017ac      0x2f2 /usr/lib/gcc/arm-none-eabi/13.2.1/../../../arm-none-eabi/lib/thumb/v7-m/nofp/libg_nano.a(libc_a-fflush.o)
 .debug_loclists
                0x00001a9e      0x273 /usr/lib/gcc/arm-none-eabi/13.2.1/../../../arm-none-eabi/lib/thumb/v7-m/nofp/libg_nano.a(libc_a-mallocr.o)
 .debug_loclists
                0x00001d11      0x164 /usr/lib/gcc/arm-none-eabi/13.2.1/../../../arm-none-eabi/lib/thumb/v7-m/nofp/libg_nano.a(libc_a-freer.o)
 .debug_loclists
                0x00001e75      0x21b /usr/lib/gcc/arm-none-eabi/13.2.1/../../../arm-none-eabi/lib/thumb/v7-m/nofp/libg_nano.a(libc_a-memmove.o)
 .debug_loclists
                0x00002090       0x79 /usr/lib/gcc/arm-none-eabi/13.2.1/../../../arm-none-eabi/lib/thumb/v7-m/nofp/libg_nano.a(libc_a-fwalk.o)
 .debug_loclists
                0x00002109       0x61 /usr/lib/gcc/arm-none-eabi/13.2.1/../../../arm-none-eabi/lib/thumb/v7-m/nofp/libg_nano.a(libc_a-wsetup.o)
 .debug_loclists
                0x0000216a      0x102 /usr/lib/gcc/arm-none-eabi/13.2.1/../../../arm-none-eabi/lib/thumb/v7-m/nofp/libg_nano.a(libc_a-reallocr.o)
 .debug_loclists
                0x0000226c      0x444 /usr/lib/gcc/arm-none-eabi/13.2.1/../../../arm-none-eabi/lib/thumb/v7-m/nofp/libg_nano.a(libc_a-nano-vfprintf_i.o)
 .debug_loclists
                0x000026b0      0x1b4 /usr/lib/gcc/arm-none-eabi/13.2.1/../../../arm-none-eabi/lib/thumb/v7-m/nofp/libg_nano.a(libc_a-makebuf.o)
 .debug_loclists
                0x00002864      0x172 /usr/lib/gcc/arm-none-eabi/13.2.1/../../../arm-none-eabi/lib/thumb/v7-m/nofp/libg_nano.a(libc_a-memchr-stub.o)
 .debug_loclists
                0x000029d6       0x4b /usr/lib/gcc/arm-none-eabi/13.2.1/../../../arm-none-eabi/lib/thumb/v7-m/nofp/libg_nano.a(libc_a-isattyr.o)
 .debug_loclists
                0x00002a21       0x4b /usr/lib/gcc/arm-none-eabi/13.2.1/../../../arm-none-eabi/lib/thumb/v7-m/nofp/libg_nano.a(libc_a-sbrkr.o)
 .debug_loclists
                0x00002a6c      0x23b /usr/lib/gcc/arm-none-eabi/13.2.1/../../../arm-none-eabi/lib/thumb/v7-m/nofp/libg_nano.a(libc_a-stdio.o)
 .debug_loclists
                0x00002ca7       0x59 /usr/lib/gcc/arm-none-eabi/13.2.1/../../../arm-none-eabi/lib/thumb/v7-m/nofp/libg_nano.a(libc_a-msizer.o)
 .debug_loclists
                0x00002d00       0x4b /usr/lib/gcc/arm-none-eabi/13.2.1/../../../arm-none-eabi/lib/thumb/v7-m/nofp/libg_nano.a(libc_a-closer.o)
 .debug_loclists
                0x00002d4b       0x97 /usr/lib/gcc/arm-none-eabi/13.2.1/../../../arm-none-eabi/lib/thumb/v7-m/nofp/libg_nano.a(libc_a-readr.o)
 .debug_loclists
                0x00002de2       0x80 /usr/lib/gcc/arm-none-eabi/13.2.1/../../../arm-none-eabi/lib/thumb/v7-m/nofp/libg_nano.a(libc_a-reent.o)
 .debug_loclists
                0x00002e62       0x6a /usr/lib/gcc/arm-none-eabi/13.2.1/../../../arm-none-eabi/lib/thumb/v7-m/nofp/libg_nano.a(libc_a-fstatr.o)
 .debug_loclists
                0x00002ecc       0x97 /usr/lib/gcc/arm-none-eabi/13.2.1/../../../arm-none-eabi/lib/thumb/v7-m/nofp/libg_nano.a(libc_a-lseekr.o)
 .debug_loclists
                0x00002f63       0x97 /usr/lib/gcc/arm-none-eabi/13.2.1/../../../arm-none-eabi/lib/thumb/v7-m/nofp/libg_nano.a(libc_a-writer.o)

.debug_aranges  0x00000000      0x5c0
 .debug_aranges
                0x00000000       0x58 CMakeFiles/lidar_sf20c_interface.dir/bsp/bsp.c.obj
 .debug_aranges
                0x00000058       0x50 CMakeFiles/lidar_sf20c_interface.dir/drivers/mcu/usart.c.obj
 .debug_aranges
                0x000000a8       0x48 CMakeFiles/lidar_sf20c_interface.dir/drivers/devices/lidar.c.obj
 .debug_aranges
                0x000000f0       0x20 CMakeFiles/lidar_sf20c_interface.dir/app/main.c.obj
 .debug_aranges
                0x00000110       0x58 CMakeFiles/lidar_sf20c_interface.dir/sys/interrupts.c.obj
 .debug_aranges
                0x00000168       0x50 CMakeFiles/lidar_sf20c_interface.dir/sys/syscall.c.obj
 .debug_aranges
                0x000001b8       0x28 CMakeFiles/lidar_sf20c_interface.dir/device/startup_stm32f103xb.s.obj
 .debug_aranges
                0x000001e0       0x28 CMakeFiles/lidar_sf20c_interface.dir/device/system_stm32f1xx.c.obj
 .debug_aranges
                0x00000208       0x20 /usr/lib/gcc/arm-none-eabi/13.2.1/../../../arm-none-eabi/lib/thumb/v7-m/nofp/libg_nano.a(libc_a-init.o)
 .debug_aranges
                0x00000228       0x20 /usr/lib/gcc/arm-none-eabi/13.2.1/../../../arm-none-eabi/lib/thumb/v7-m/nofp/libg_nano.a(libc_a-memset.o)
 .debug_aranges
                0x00000248       0x20 /usr/lib/gcc/arm-none-eabi/13.2.1/../../../arm-none-eabi/lib/thumb/v7-m/nofp/libg_nano.a(libc_a-memcpy.o)
 .debug_aranges
                0x00000268       0x20 /usr/lib/gcc/arm-none-eabi/13.2.1/../../../arm-none-eabi/lib/thumb/v7-m/nofp/libg_nano.a(libc_a-printf.o)
 .debug_aranges
                0x00000288       0x20 /usr/lib/gcc/arm-none-eabi/13.2.1/../../../arm-none-eabi/lib/thumb/v7-m/nofp/libg_nano.a(libc_a-nano-vfprintf.o)
 .debug_aranges
                0x000002a8       0x20 /usr/lib/gcc/arm-none-eabi/13.2.1/../../../arm-none-eabi/lib/thumb/v7-m/nofp/libg_nano.a(libc_a-wbuf.o)
 .debug_aranges
                0x000002c8       0x18 /usr/lib/gcc/arm-none-eabi/13.2.1/../../../arm-none-eabi/lib/thumb/v7-m/nofp/libg_nano.a(libc_a-impure.o)
 .debug_aranges
                0x000002e0       0x20 /usr/lib/gcc/arm-none-eabi/13.2.1/../../../arm-none-eabi/lib/thumb/v7-m/nofp/libg_nano.a(libc_a-fvwrite.o)
 .debug_aranges
                0x00000300       0x20 /usr/lib/gcc/arm-none-eabi/13.2.1/../../../arm-none-eabi/lib/thumb/v7-m/nofp/libg_nano.a(libc_a-findfp.o)
 .debug_aranges
                0x00000320       0x20 /usr/lib/gcc/arm-none-eabi/13.2.1/../../../arm-none-eabi/lib/thumb/v7-m/nofp/libg_nano.a(libc_a-fflush.o)
 .debug_aranges
                0x00000340       0x20 /usr/lib/gcc/arm-none-eabi/13.2.1/../../../arm-none-eabi/lib/thumb/v7-m/nofp/libg_nano.a(libc_a-mallocr.o)
 .debug_aranges
                0x00000360       0x20 /usr/lib/gcc/arm-none-eabi/13.2.1/../../../arm-none-eabi/lib/thumb/v7-m/nofp/libg_nano.a(libc_a-freer.o)
 .debug_aranges
                0x00000380       0x20 /usr/lib/gcc/arm-none-eabi/13.2.1/../../../arm-none-eabi/lib/thumb/v7-m/nofp/libg_nano.a(libc_a-memmove.o)
 .debug_aranges
                0x000003a0       0x20 /usr/lib/gcc/arm-none-eabi/13.2.1/../../../arm-none-eabi/lib/thumb/v7-m/nofp/libg_nano.a(libc_a-fwalk.o)
 .debug_aranges
                0x000003c0       0x20 /usr/lib/gcc/arm-none-eabi/13.2.1/../../../arm-none-eabi/lib/thumb/v7-m/nofp/libg_nano.a(libc_a-wsetup.o)
 .debug_aranges
                0x000003e0       0x20 /usr/lib/gcc/arm-none-eabi/13.2.1/../../../arm-none-eabi/lib/thumb/v7-m/nofp/libg_nano.a(libc_a-reallocr.o)
 .debug_aranges
                0x00000400       0x20 /usr/lib/gcc/arm-none-eabi/13.2.1/../../../arm-none-eabi/lib/thumb/v7-m/nofp/libg_nano.a(libc_a-nano-vfprintf_i.o)
 .debug_aranges
                0x00000420       0x20 /usr/lib/gcc/arm-none-eabi/13.2.1/../../../arm-none-eabi/lib/thumb/v7-m/nofp/libg_nano.a(libc_a-mlock.o)
 .debug_aranges
                0x00000440       0x20 /usr/lib/gcc/arm-none-eabi/13.2.1/../../../arm-none-eabi/lib/thumb/v7-m/nofp/libg_nano.a(libc_a-makebuf.o)
 .debug_aranges
                0x00000460       0x20 /usr/lib/gcc/arm-none-eabi/13.2.1/../../../arm-none-eabi/lib/thumb/v7-m/nofp/libg_nano.a(libc_a-memchr-stub.o)
 .debug_aranges
                0x00000480       0x20 /usr/lib/gcc/arm-none-eabi/13.2.1/../../../arm-none-eabi/lib/thumb/v7-m/nofp/libg_nano.a(libc_a-isattyr.o)
 .debug_aranges
                0x000004a0       0x20 /usr/lib/gcc/arm-none-eabi/13.2.1/../../../arm-none-eabi/lib/thumb/v7-m/nofp/libg_nano.a(libc_a-sbrkr.o)
 .debug_aranges
                0x000004c0       0x20 /usr/lib/gcc/arm-none-eabi/13.2.1/../../../arm-none-eabi/lib/thumb/v7-m/nofp/libg_nano.a(libc_a-stdio.o)
 .debug_aranges
                0x000004e0       0x20 /usr/lib/gcc/arm-none-eabi/13.2.1/../../../arm-none-eabi/lib/thumb/v7-m/nofp/libg_nano.a(libc_a-msizer.o)
 .debug_aranges
                0x00000500       0x20 /usr/lib/gcc/arm-none-eabi/13.2.1/../../../arm-none-eabi/lib/thumb/v7-m/nofp/libg_nano.a(libc_a-closer.o)
 .debug_aranges
                0x00000520       0x20 /usr/lib/gcc/arm-none-eabi/13.2.1/../../../arm-none-eabi/lib/thumb/v7-m/nofp/libg_nano.a(libc_a-readr.o)
 .debug_aranges
                0x00000540       0x20 /usr/lib/gcc/arm-none-eabi/13.2.1/../../../arm-none-eabi/lib/thumb/v7-m/nofp/libg_nano.a(libc_a-reent.o)
 .debug_aranges
                0x00000560       0x20 /usr/lib/gcc/arm-none-eabi/13.2.1/../../../arm-none-eabi/lib/thumb/v7-m/nofp/libg_nano.a(libc_a-fstatr.o)
 .debug_aranges
                0x00000580       0x20 /usr/lib/gcc/arm-none-eabi/13.2.1/../../../arm-none-eabi/lib/thumb/v7-m/nofp/libg_nano.a(libc_a-lseekr.o)
 .debug_aranges
                0x000005a0       0x20 /usr/lib/gcc/arm-none-eabi/13.2.1/../../../arm-none-eabi/lib/thumb/v7-m/nofp/libg_nano.a(libc_a-writer.o)

.debug_rnglists
                0x00000000      0x36c
 .debug_rnglists
                0x00000000       0x3d CMakeFiles/lidar_sf20c_interface.dir/bsp/bsp.c.obj
 .debug_rnglists
                0x0000003d       0x38 CMakeFiles/lidar_sf20c_interface.dir/drivers/mcu/usart.c.obj
 .debug_rnglists
                0x00000075       0x32 CMakeFiles/lidar_sf20c_interface.dir/drivers/devices/lidar.c.obj
 .debug_rnglists
                0x000000a7       0x14 CMakeFiles/lidar_sf20c_interface.dir/app/main.c.obj
 .debug_rnglists
                0x000000bb       0x3d CMakeFiles/lidar_sf20c_interface.dir/sys/interrupts.c.obj
 .debug_rnglists
                0x000000f8       0x37 CMakeFiles/lidar_sf20c_interface.dir/sys/syscall.c.obj
 .debug_rnglists
                0x0000012f       0x19 CMakeFiles/lidar_sf20c_interface.dir/device/startup_stm32f103xb.s.obj
 .debug_rnglists
                0x00000148       0x1a CMakeFiles/lidar_sf20c_interface.dir/device/system_stm32f1xx.c.obj
 .debug_rnglists
                0x00000162       0x1a /usr/lib/gcc/arm-none-eabi/13.2.1/../../../arm-none-eabi/lib/thumb/v7-m/nofp/libg_nano.a(libc_a-nano-vfprintf.o)
 .debug_rnglists
                0x0000017c       0x1b /usr/lib/gcc/arm-none-eabi/13.2.1/../../../arm-none-eabi/lib/thumb/v7-m/nofp/libg_nano.a(libc_a-wbuf.o)
 .debug_rnglists
                0x00000197       0x30 /usr/lib/gcc/arm-none-eabi/13.2.1/../../../arm-none-eabi/lib/thumb/v7-m/nofp/libg_nano.a(libc_a-fvwrite.o)
 .debug_rnglists
                0x000001c7       0x7a /usr/lib/gcc/arm-none-eabi/13.2.1/../../../arm-none-eabi/lib/thumb/v7-m/nofp/libg_nano.a(libc_a-findfp.o)
 .debug_rnglists
                0x00000241       0x58 /usr/lib/gcc/arm-none-eabi/13.2.1/../../../arm-none-eabi/lib/thumb/v7-m/nofp/libg_nano.a(libc_a-fflush.o)
 .debug_rnglists
                0x00000299       0x1f /usr/lib/gcc/arm-none-eabi/13.2.1/../../../arm-none-eabi/lib/thumb/v7-m/nofp/libg_nano.a(libc_a-mallocr.o)
 .debug_rnglists
                0x000002b8       0x13 /usr/lib/gcc/arm-none-eabi/13.2.1/../../../arm-none-eabi/lib/thumb/v7-m/nofp/libg_nano.a(libc_a-freer.o)
 .debug_rnglists
                0x000002cb       0x1e /usr/lib/gcc/arm-none-eabi/13.2.1/../../../arm-none-eabi/lib/thumb/v7-m/nofp/libg_nano.a(libc_a-wsetup.o)
 .debug_rnglists
                0x000002e9       0x66 /usr/lib/gcc/arm-none-eabi/13.2.1/../../../arm-none-eabi/lib/thumb/v7-m/nofp/libg_nano.a(libc_a-nano-vfprintf_i.o)
 .debug_rnglists
                0x0000034f       0x1d /usr/lib/gcc/arm-none-eabi/13.2.1/../../../arm-none-eabi/lib/thumb/v7-m/nofp/libg_nano.a(libc_a-makebuf.o)

.debug_macro    0x00000000    0x119cf
 .debug_macro   0x00000000       0x7a CMakeFiles/lidar_sf20c_interface.dir/bsp/bsp.c.obj
 .debug_macro   0x0000007a      0xac6 CMakeFiles/lidar_sf20c_interface.dir/bsp/bsp.c.obj
 .debug_macro   0x00000b40       0x4c CMakeFiles/lidar_sf20c_interface.dir/bsp/bsp.c.obj
 .debug_macro   0x00000b8c       0x22 CMakeFiles/lidar_sf20c_interface.dir/bsp/bsp.c.obj
 .debug_macro   0x00000bae      0x34e CMakeFiles/lidar_sf20c_interface.dir/bsp/bsp.c.obj
 .debug_macro   0x00000efc       0x1c CMakeFiles/lidar_sf20c_interface.dir/bsp/bsp.c.obj
 .debug_macro   0x00000f18       0x22 CMakeFiles/lidar_sf20c_interface.dir/bsp/bsp.c.obj
 .debug_macro   0x00000f3a       0xeb CMakeFiles/lidar_sf20c_interface.dir/bsp/bsp.c.obj
 .debug_macro   0x00001025      0xd5c CMakeFiles/lidar_sf20c_interface.dir/bsp/bsp.c.obj
 .debug_macro   0x00001d81     0xe09e CMakeFiles/lidar_sf20c_interface.dir/bsp/bsp.c.obj
 .debug_macro   0x0000fe1f       0x52 CMakeFiles/lidar_sf20c_interface.dir/bsp/bsp.c.obj
 .debug_macro   0x0000fe71       0x95 CMakeFiles/lidar_sf20c_interface.dir/drivers/mcu/usart.c.obj
 .debug_macro   0x0000ff06       0x22 CMakeFiles/lidar_sf20c_interface.dir/drivers/mcu/usart.c.obj
 .debug_macro   0x0000ff28       0x2e CMakeFiles/lidar_sf20c_interface.dir/drivers/mcu/usart.c.obj
 .debug_macro   0x0000ff56       0x6d CMakeFiles/lidar_sf20c_interface.dir/drivers/mcu/usart.c.obj
 .debug_macro   0x0000ffc3      0x10c CMakeFiles/lidar_sf20c_interface.dir/drivers/devices/lidar.c.obj
 .debug_macro   0x000100cf       0x10 CMakeFiles/lidar_sf20c_interface.dir/drivers/devices/lidar.c.obj
 .debug_macro   0x000100df       0x22 CMakeFiles/lidar_sf20c_interface.dir/drivers/devices/lidar.c.obj
 .debug_macro   0x00010101       0x60 CMakeFiles/lidar_sf20c_interface.dir/drivers/devices/lidar.c.obj
 .debug_macro   0x00010161       0x24 CMakeFiles/lidar_sf20c_interface.dir/drivers/devices/lidar.c.obj
 .debug_macro   0x00010185       0x94 CMakeFiles/lidar_sf20c_interface.dir/drivers/devices/lidar.c.obj
 .debug_macro   0x00010219       0x3c CMakeFiles/lidar_sf20c_interface.dir/drivers/devices/lidar.c.obj
 .debug_macro   0x00010255       0x34 CMakeFiles/lidar_sf20c_interface.dir/drivers/devices/lidar.c.obj
 .debug_macro   0x00010289      0x190 CMakeFiles/lidar_sf20c_interface.dir/drivers/devices/lidar.c.obj
 .debug_macro   0x00010419       0x57 CMakeFiles/lidar_sf20c_interface.dir/drivers/devices/lidar.c.obj
 .debug_macro   0x00010470      0x370 CMakeFiles/lidar_sf20c_interface.dir/drivers/devices/lidar.c.obj
 .debug_macro   0x000107e0       0x16 CMakeFiles/lidar_sf20c_interface.dir/drivers/devices/lidar.c.obj
 .debug_macro   0x000107f6       0x4a CMakeFiles/lidar_sf20c_interface.dir/drivers/devices/lidar.c.obj
 .debug_macro   0x00010840       0x34 CMakeFiles/lidar_sf20c_interface.dir/drivers/devices/lidar.c.obj
 .debug_macro   0x00010874       0x10 CMakeFiles/lidar_sf20c_interface.dir/drivers/devices/lidar.c.obj
 .debug_macro   0x00010884       0x52 CMakeFiles/lidar_sf20c_interface.dir/drivers/devices/lidar.c.obj
 .debug_macro   0x000108d6      0x1de CMakeFiles/lidar_sf20c_interface.dir/drivers/devices/lidar.c.obj
 .debug_macro   0x00010ab4       0x10 CMakeFiles/lidar_sf20c_interface.dir/drivers/devices/lidar.c.obj
 .debug_macro   0x00010ac4       0x3c CMakeFiles/lidar_sf20c_interface.dir/drivers/devices/lidar.c.obj
 .debug_macro   0x00010b00      0x1bd CMakeFiles/lidar_sf20c_interface.dir/app/main.c.obj
 .debug_macro   0x00010cbd       0x16 CMakeFiles/lidar_sf20c_interface.dir/app/main.c.obj
 .debug_macro   0x00010cd3       0x9e CMakeFiles/lidar_sf20c_interface.dir/app/main.c.obj
 .debug_macro   0x00010d71      0x112 CMakeFiles/lidar_sf20c_interface.dir/app/main.c.obj
 .debug_macro   0x00010e83       0x10 CMakeFiles/lidar_sf20c_interface.dir/app/main.c.obj
 .debug_macro   0x00010e93       0x16 CMakeFiles/lidar_sf20c_interface.dir/app/main.c.obj
 .debug_macro   0x00010ea9       0x16 CMakeFiles/lidar_sf20c_interface.dir/app/main.c.obj
 .debug_macro   0x00010ebf      0x170 CMakeFiles/lidar_sf20c_interface.dir/app/main.c.obj
 .debug_macro   0x0001102f       0x16 CMakeFiles/lidar_sf20c_interface.dir/app/main.c.obj
 .debug_macro   0x00011045       0x73 CMakeFiles/lidar_sf20c_interface.dir/sys/interrupts.c.obj
 .debug_macro   0x000110b8      0x221 CMakeFiles/lidar_sf20c_interface.dir/sys/syscall.c.obj
 .debug_macro   0x000112d9       0x10 CMakeFiles/lidar_sf20c_interface.dir/sys/syscall.c.obj
 .debug_macro   0x000112e9       0x10 CMakeFiles/lidar_sf20c_interface.dir/sys/syscall.c.obj
 .debug_macro   0x000112f9       0x10 CMakeFiles/lidar_sf20c_interface.dir/sys/syscall.c.obj
 .debug_macro   0x00011309       0x10 CMakeFiles/lidar_sf20c_interface.dir/sys/syscall.c.obj
 .debug_macro   0x00011319       0x6a CMakeFiles/lidar_sf20c_interface.dir/sys/syscall.c.obj
 .debug_macro   0x00011383       0x1c CMakeFiles/lidar_sf20c_interface.dir/sys/syscall.c.obj
 .debug_macro   0x0001139f       0x52 CMakeFiles/lidar_sf20c_interface.dir/sys/syscall.c.obj
 .debug_macro   0x000113f1       0x22 CMakeFiles/lidar_sf20c_interface.dir/sys/syscall.c.obj
 .debug_macro   0x00011413       0x10 CMakeFiles/lidar_sf20c_interface.dir/sys/syscall.c.obj
 .debug_macro   0x00011423       0x52 CMakeFiles/lidar_sf20c_interface.dir/sys/syscall.c.obj
 .debug_macro   0x00011475       0xcf CMakeFiles/lidar_sf20c_interface.dir/sys/syscall.c.obj
 .debug_macro   0x00011544       0x1c CMakeFiles/lidar_sf20c_interface.dir/sys/syscall.c.obj
 .debug_macro   0x00011560       0x3d CMakeFiles/lidar_sf20c_interface.dir/sys/syscall.c.obj
 .debug_macro   0x0001159d       0x35 CMakeFiles/lidar_sf20c_interface.dir/sys/syscall.c.obj
 .debug_macro   0x000115d2      0x12c CMakeFiles/lidar_sf20c_interface.dir/sys/syscall.c.obj
 .debug_macro   0x000116fe       0x10 CMakeFiles/lidar_sf20c_interface.dir/sys/syscall.c.obj
 .debug_macro   0x0001170e      0x242 CMakeFiles/lidar_sf20c_interface.dir/sys/syscall.c.obj
 .debug_macro   0x00011950       0x7f CMakeFiles/lidar_sf20c_interface.dir/device/system_stm32f1xx.c.obj

.debug_line     0x00000000     0x6a09
 .debug_line    0x00000000      0x3a8 CMakeFiles/lidar_sf20c_interface.dir/bsp/bsp.c.obj
 .debug_line    0x000003a8      0x492 CMakeFiles/lidar_sf20c_interface.dir/drivers/mcu/usart.c.obj
 .debug_line    0x0000083a      0x4f3 CMakeFiles/lidar_sf20c_interface.dir/drivers/devices/lidar.c.obj
 .debug_line    0x00000d2d      0x46e CMakeFiles/lidar_sf20c_interface.dir/app/main.c.obj
 .debug_line    0x0000119b      0x235 CMakeFiles/lidar_sf20c_interface.dir/sys/interrupts.c.obj
 .debug_line    0x000013d0      0x4fa CMakeFiles/lidar_sf20c_interface.dir/sys/syscall.c.obj
 .debug_line    0x000018ca       0x78 CMakeFiles/lidar_sf20c_interface.dir/device/startup_stm32f103xb.s.obj
 .debug_line    0x00001942      0x232 CMakeFiles/lidar_sf20c_interface.dir/device/system_stm32f1xx.c.obj
 .debug_line    0x00001b74      0x11e /usr/lib/gcc/arm-none-eabi/13.2.1/../../../arm-none-eabi/lib/thumb/v7-m/nofp/libg_nano.a(libc_a-init.o)
 .debug_line    0x00001c92      0x1b1 /usr/lib/gcc/arm-none-eabi/13.2.1/../../../arm-none-eabi/lib/thumb/v7-m/nofp/libg_nano.a(libc_a-memset.o)
 .debug_line    0x00001e43       0xbd /usr/lib/gcc/arm-none-eabi/13.2.1/../../../arm-none-eabi/lib/thumb/v7-m/nofp/libg_nano.a(libc_a-memcpy.o)
 .debug_line    0x00001f00      0x1c0 /usr/lib/gcc/arm-none-eabi/13.2.1/../../../arm-none-eabi/lib/thumb/v7-m/nofp/libg_nano.a(libc_a-printf.o)
 .debug_line    0x000020c0      0x6b7 /usr/lib/gcc/arm-none-eabi/13.2.1/../../../arm-none-eabi/lib/thumb/v7-m/nofp/libg_nano.a(libc_a-nano-vfprintf.o)
 .debug_line    0x00002777      0x253 /usr/lib/gcc/arm-none-eabi/13.2.1/../../../arm-none-eabi/lib/thumb/v7-m/nofp/libg_nano.a(libc_a-wbuf.o)
 .debug_line    0x000029ca       0xe7 /usr/lib/gcc/arm-none-eabi/13.2.1/../../../arm-none-eabi/lib/thumb/v7-m/nofp/libg_nano.a(libc_a-impure.o)
 .debug_line    0x00002ab1      0x5f5 /usr/lib/gcc/arm-none-eabi/13.2.1/../../../arm-none-eabi/lib/thumb/v7-m/nofp/libg_nano.a(libc_a-fvwrite.o)
 .debug_line    0x000030a6      0x51f /usr/lib/gcc/arm-none-eabi/13.2.1/../../../arm-none-eabi/lib/thumb/v7-m/nofp/libg_nano.a(libc_a-findfp.o)
 .debug_line    0x000035c5      0x456 /usr/lib/gcc/arm-none-eabi/13.2.1/../../../arm-none-eabi/lib/thumb/v7-m/nofp/libg_nano.a(libc_a-fflush.o)
 .debug_line    0x00003a1b      0x45c /usr/lib/gcc/arm-none-eabi/13.2.1/../../../arm-none-eabi/lib/thumb/v7-m/nofp/libg_nano.a(libc_a-mallocr.o)
 .debug_line    0x00003e77      0x2c8 /usr/lib/gcc/arm-none-eabi/13.2.1/../../../arm-none-eabi/lib/thumb/v7-m/nofp/libg_nano.a(libc_a-freer.o)
 .debug_line    0x0000413f      0x20d /usr/lib/gcc/arm-none-eabi/13.2.1/../../../arm-none-eabi/lib/thumb/v7-m/nofp/libg_nano.a(libc_a-memmove.o)
 .debug_line    0x0000434c      0x1c9 /usr/lib/gcc/arm-none-eabi/13.2.1/../../../arm-none-eabi/lib/thumb/v7-m/nofp/libg_nano.a(libc_a-fwalk.o)
 .debug_line    0x00004515      0x2bd /usr/lib/gcc/arm-none-eabi/13.2.1/../../../arm-none-eabi/lib/thumb/v7-m/nofp/libg_nano.a(libc_a-wsetup.o)
 .debug_line    0x000047d2      0x1fa /usr/lib/gcc/arm-none-eabi/13.2.1/../../../arm-none-eabi/lib/thumb/v7-m/nofp/libg_nano.a(libc_a-reallocr.o)
 .debug_line    0x000049cc      0x770 /usr/lib/gcc/arm-none-eabi/13.2.1/../../../arm-none-eabi/lib/thumb/v7-m/nofp/libg_nano.a(libc_a-nano-vfprintf_i.o)
 .debug_line    0x0000513c      0x153 /usr/lib/gcc/arm-none-eabi/13.2.1/../../../arm-none-eabi/lib/thumb/v7-m/nofp/libg_nano.a(libc_a-mlock.o)
 .debug_line    0x0000528f      0x3b0 /usr/lib/gcc/arm-none-eabi/13.2.1/../../../arm-none-eabi/lib/thumb/v7-m/nofp/libg_nano.a(libc_a-makebuf.o)
 .debug_line    0x0000563f      0x200 /usr/lib/gcc/arm-none-eabi/13.2.1/../../../arm-none-eabi/lib/thumb/v7-m/nofp/libg_nano.a(libc_a-memchr-stub.o)
 .debug_line    0x0000583f      0x197 /usr/lib/gcc/arm-none-eabi/13.2.1/../../../arm-none-eabi/lib/thumb/v7-m/nofp/libg_nano.a(libc_a-isattyr.o)
 .debug_line    0x000059d6      0x196 /usr/lib/gcc/arm-none-eabi/13.2.1/../../../arm-none-eabi/lib/thumb/v7-m/nofp/libg_nano.a(libc_a-sbrkr.o)
 .debug_line    0x00005b6c      0x22b /usr/lib/gcc/arm-none-eabi/13.2.1/../../../arm-none-eabi/lib/thumb/v7-m/nofp/libg_nano.a(libc_a-stdio.o)
 .debug_line    0x00005d97      0x176 /usr/lib/gcc/arm-none-eabi/13.2.1/../../../arm-none-eabi/lib/thumb/v7-m/nofp/libg_nano.a(libc_a-msizer.o)
 .debug_line    0x00005f0d      0x196 /usr/lib/gcc/arm-none-eabi/13.2.1/../../../arm-none-eabi/lib/thumb/v7-m/nofp/libg_nano.a(libc_a-closer.o)
 .debug_line    0x000060a3      0x19c /usr/lib/gcc/arm-none-eabi/13.2.1/../../../arm-none-eabi/lib/thumb/v7-m/nofp/libg_nano.a(libc_a-readr.o)
 .debug_line    0x0000623f      0x27b /usr/lib/gcc/arm-none-eabi/13.2.1/../../../arm-none-eabi/lib/thumb/v7-m/nofp/libg_nano.a(libc_a-reent.o)
 .debug_line    0x000064ba      0x215 /usr/lib/gcc/arm-none-eabi/13.2.1/../../../arm-none-eabi/lib/thumb/v7-m/nofp/libg_nano.a(libc_a-fstatr.o)
 .debug_line    0x000066cf      0x19d /usr/lib/gcc/arm-none-eabi/13.2.1/../../../arm-none-eabi/lib/thumb/v7-m/nofp/libg_nano.a(libc_a-lseekr.o)
 .debug_line    0x0000686c      0x19d /usr/lib/gcc/arm-none-eabi/13.2.1/../../../arm-none-eabi/lib/thumb/v7-m/nofp/libg_nano.a(libc_a-writer.o)

.debug_str      0x00000000    0x5acc6
 .debug_str     0x00000000    0x5acc6 CMakeFiles/lidar_sf20c_interface.dir/bsp/bsp.c.obj
                              0x54253 (size before relaxing)
 .debug_str     0x0005acc6    0x54bce CMakeFiles/lidar_sf20c_interface.dir/drivers/mcu/usart.c.obj
 .debug_str     0x0005acc6     0x6b88 CMakeFiles/lidar_sf20c_interface.dir/drivers/devices/lidar.c.obj
 .debug_str     0x0005acc6    0x581ea CMakeFiles/lidar_sf20c_interface.dir/app/main.c.obj
 .debug_str     0x0005acc6    0x54554 CMakeFiles/lidar_sf20c_interface.dir/sys/interrupts.c.obj
 .debug_str     0x0005acc6    0x58d66 CMakeFiles/lidar_sf20c_interface.dir/sys/syscall.c.obj
 .debug_str     0x0005acc6       0x8b CMakeFiles/lidar_sf20c_interface.dir/device/startup_stm32f103xb.s.obj
 .debug_str     0x0005acc6    0x545b8 CMakeFiles/lidar_sf20c_interface.dir/device/system_stm32f1xx.c.obj
 .debug_str     0x0005acc6      0x1f2 /usr/lib/gcc/arm-none-eabi/13.2.1/../../../arm-none-eabi/lib/thumb/v7-m/nofp/libg_nano.a(libc_a-init.o)
 .debug_str     0x0005acc6      0x1a5 /usr/lib/gcc/arm-none-eabi/13.2.1/../../../arm-none-eabi/lib/thumb/v7-m/nofp/libg_nano.a(libc_a-memset.o)
 .debug_str     0x0005acc6       0xa8 /usr/lib/gcc/arm-none-eabi/13.2.1/../../../arm-none-eabi/lib/thumb/v7-m/nofp/libg_nano.a(libc_a-memcpy.o)
 .debug_str     0x0005acc6      0x4ef /usr/lib/gcc/arm-none-eabi/13.2.1/../../../arm-none-eabi/lib/thumb/v7-m/nofp/libg_nano.a(libc_a-printf.o)
 .debug_str     0x0005acc6      0x821 /usr/lib/gcc/arm-none-eabi/13.2.1/../../../arm-none-eabi/lib/thumb/v7-m/nofp/libg_nano.a(libc_a-nano-vfprintf.o)
 .debug_str     0x0005acc6      0x4ea /usr/lib/gcc/arm-none-eabi/13.2.1/../../../arm-none-eabi/lib/thumb/v7-m/nofp/libg_nano.a(libc_a-wbuf.o)
 .debug_str     0x0005acc6      0x4b4 /usr/lib/gcc/arm-none-eabi/13.2.1/../../../arm-none-eabi/lib/thumb/v7-m/nofp/libg_nano.a(libc_a-impure.o)
 .debug_str     0x0005acc6      0x558 /usr/lib/gcc/arm-none-eabi/13.2.1/../../../arm-none-eabi/lib/thumb/v7-m/nofp/libg_nano.a(libc_a-fvwrite.o)
 .debug_str     0x0005acc6      0x6b7 /usr/lib/gcc/arm-none-eabi/13.2.1/../../../arm-none-eabi/lib/thumb/v7-m/nofp/libg_nano.a(libc_a-findfp.o)
 .debug_str     0x0005acc6      0x53b /usr/lib/gcc/arm-none-eabi/13.2.1/../../../arm-none-eabi/lib/thumb/v7-m/nofp/libg_nano.a(libc_a-fflush.o)
 .debug_str     0x0005acc6      0x595 /usr/lib/gcc/arm-none-eabi/13.2.1/../../../arm-none-eabi/lib/thumb/v7-m/nofp/libg_nano.a(libc_a-mallocr.o)
 .debug_str     0x0005acc6      0x534 /usr/lib/gcc/arm-none-eabi/13.2.1/../../../arm-none-eabi/lib/thumb/v7-m/nofp/libg_nano.a(libc_a-freer.o)
 .debug_str     0x0005acc6      0x1c4 /usr/lib/gcc/arm-none-eabi/13.2.1/../../../arm-none-eabi/lib/thumb/v7-m/nofp/libg_nano.a(libc_a-memmove.o)
 .debug_str     0x0005acc6      0x4c4 /usr/lib/gcc/arm-none-eabi/13.2.1/../../../arm-none-eabi/lib/thumb/v7-m/nofp/libg_nano.a(libc_a-fwalk.o)
 .debug_str     0x0005acc6      0x4e5 /usr/lib/gcc/arm-none-eabi/13.2.1/../../../arm-none-eabi/lib/thumb/v7-m/nofp/libg_nano.a(libc_a-wsetup.o)
 .debug_str     0x0005acc6      0x52a /usr/lib/gcc/arm-none-eabi/13.2.1/../../../arm-none-eabi/lib/thumb/v7-m/nofp/libg_nano.a(libc_a-reallocr.o)
 .debug_str     0x0005acc6      0x793 /usr/lib/gcc/arm-none-eabi/13.2.1/../../../arm-none-eabi/lib/thumb/v7-m/nofp/libg_nano.a(libc_a-nano-vfprintf_i.o)
 .debug_str     0x0005acc6      0x4d2 /usr/lib/gcc/arm-none-eabi/13.2.1/../../../arm-none-eabi/lib/thumb/v7-m/nofp/libg_nano.a(libc_a-mlock.o)
 .debug_str     0x0005acc6      0x647 /usr/lib/gcc/arm-none-eabi/13.2.1/../../../arm-none-eabi/lib/thumb/v7-m/nofp/libg_nano.a(libc_a-makebuf.o)
 .debug_str     0x0005acc6      0x1b5 /usr/lib/gcc/arm-none-eabi/13.2.1/../../../arm-none-eabi/lib/thumb/v7-m/nofp/libg_nano.a(libc_a-memchr-stub.o)
 .debug_str     0x0005acc6      0x4b4 /usr/lib/gcc/arm-none-eabi/13.2.1/../../../arm-none-eabi/lib/thumb/v7-m/nofp/libg_nano.a(libc_a-isattyr.o)
 .debug_str     0x0005acc6      0x4bd /usr/lib/gcc/arm-none-eabi/13.2.1/../../../arm-none-eabi/lib/thumb/v7-m/nofp/libg_nano.a(libc_a-sbrkr.o)
 .debug_str     0x0005acc6      0x521 /usr/lib/gcc/arm-none-eabi/13.2.1/../../../arm-none-eabi/lib/thumb/v7-m/nofp/libg_nano.a(libc_a-stdio.o)
 .debug_str     0x0005acc6      0x4fd /usr/lib/gcc/arm-none-eabi/13.2.1/../../../arm-none-eabi/lib/thumb/v7-m/nofp/libg_nano.a(libc_a-msizer.o)
 .debug_str     0x0005acc6      0x4aa /usr/lib/gcc/arm-none-eabi/13.2.1/../../../arm-none-eabi/lib/thumb/v7-m/nofp/libg_nano.a(libc_a-closer.o)
 .debug_str     0x0005acc6      0x4b8 /usr/lib/gcc/arm-none-eabi/13.2.1/../../../arm-none-eabi/lib/thumb/v7-m/nofp/libg_nano.a(libc_a-readr.o)
 .debug_str     0x0005acc6      0x4d3 /usr/lib/gcc/arm-none-eabi/13.2.1/../../../arm-none-eabi/lib/thumb/v7-m/nofp/libg_nano.a(libc_a-reent.o)
 .debug_str     0x0005acc6      0x5fc /usr/lib/gcc/arm-none-eabi/13.2.1/../../../arm-none-eabi/lib/thumb/v7-m/nofp/libg_nano.a(libc_a-fstatr.o)
 .debug_str     0x0005acc6      0x4b8 /usr/lib/gcc/arm-none-eabi/13.2.1/../../../arm-none-eabi/lib/thumb/v7-m/nofp/libg_nano.a(libc_a-lseekr.o)
 .debug_str     0x0005acc6      0x4ba /usr/lib/gcc/arm-none-eabi/13.2.1/../../../arm-none-eabi/lib/thumb/v7-m/nofp/libg_nano.a(libc_a-writer.o)

.debug_frame    0x00000000      0xbd8
 .debug_frame   0x00000000       0xa0 CMakeFiles/lidar_sf20c_interface.dir/bsp/bsp.c.obj
 .debug_frame   0x000000a0       0xa4 CMakeFiles/lidar_sf20c_interface.dir/drivers/mcu/usart.c.obj
 .debug_frame   0x00000144       0xb8 CMakeFiles/lidar_sf20c_interface.dir/drivers/devices/lidar.c.obj
 .debug_frame   0x000001fc       0x2c CMakeFiles/lidar_sf20c_interface.dir/app/main.c.obj
 .debug_frame   0x00000228       0x90 CMakeFiles/lidar_sf20c_interface.dir/sys/interrupts.c.obj
 .debug_frame   0x000002b8       0x8c CMakeFiles/lidar_sf20c_interface.dir/sys/syscall.c.obj
 .debug_frame   0x00000344       0x30 CMakeFiles/lidar_sf20c_interface.dir/device/system_stm32f1xx.c.obj
 .debug_frame   0x00000374       0x2c /usr/lib/gcc/arm-none-eabi/13.2.1/../../../arm-none-eabi/lib/thumb/v7-m/nofp/libg_nano.a(libc_a-init.o)
 .debug_frame   0x000003a0       0x2c /usr/lib/gcc/arm-none-eabi/13.2.1/../../../arm-none-eabi/lib/thumb/v7-m/nofp/libg_nano.a(libc_a-memset.o)
 .debug_frame   0x000003cc       0x74 /usr/lib/gcc/arm-none-eabi/13.2.1/../../../arm-none-eabi/lib/thumb/v7-m/nofp/libg_nano.a(libc_a-printf.o)
 .debug_frame   0x00000440       0xac /usr/lib/gcc/arm-none-eabi/13.2.1/../../../arm-none-eabi/lib/thumb/v7-m/nofp/libg_nano.a(libc_a-nano-vfprintf.o)
 .debug_frame   0x000004ec       0x40 /usr/lib/gcc/arm-none-eabi/13.2.1/../../../arm-none-eabi/lib/thumb/v7-m/nofp/libg_nano.a(libc_a-wbuf.o)
 .debug_frame   0x0000052c       0x64 /usr/lib/gcc/arm-none-eabi/13.2.1/../../../arm-none-eabi/lib/thumb/v7-m/nofp/libg_nano.a(libc_a-fvwrite.o)
 .debug_frame   0x00000590       0xf4 /usr/lib/gcc/arm-none-eabi/13.2.1/../../../arm-none-eabi/lib/thumb/v7-m/nofp/libg_nano.a(libc_a-findfp.o)
 .debug_frame   0x00000684       0x8c /usr/lib/gcc/arm-none-eabi/13.2.1/../../../arm-none-eabi/lib/thumb/v7-m/nofp/libg_nano.a(libc_a-fflush.o)
 .debug_frame   0x00000710       0x50 /usr/lib/gcc/arm-none-eabi/13.2.1/../../../arm-none-eabi/lib/thumb/v7-m/nofp/libg_nano.a(libc_a-mallocr.o)
 .debug_frame   0x00000760       0x58 /usr/lib/gcc/arm-none-eabi/13.2.1/../../../arm-none-eabi/lib/thumb/v7-m/nofp/libg_nano.a(libc_a-freer.o)
 .debug_frame   0x000007b8       0x40 /usr/lib/gcc/arm-none-eabi/13.2.1/../../../arm-none-eabi/lib/thumb/v7-m/nofp/libg_nano.a(libc_a-memmove.o)
 .debug_frame   0x000007f8       0x34 /usr/lib/gcc/arm-none-eabi/13.2.1/../../../arm-none-eabi/lib/thumb/v7-m/nofp/libg_nano.a(libc_a-fwalk.o)
 .debug_frame   0x0000082c       0x2c /usr/lib/gcc/arm-none-eabi/13.2.1/../../../arm-none-eabi/lib/thumb/v7-m/nofp/libg_nano.a(libc_a-wsetup.o)
 .debug_frame   0x00000858       0x38 /usr/lib/gcc/arm-none-eabi/13.2.1/../../../arm-none-eabi/lib/thumb/v7-m/nofp/libg_nano.a(libc_a-reallocr.o)
 .debug_frame   0x00000890       0x6c /usr/lib/gcc/arm-none-eabi/13.2.1/../../../arm-none-eabi/lib/thumb/v7-m/nofp/libg_nano.a(libc_a-nano-vfprintf_i.o)
 .debug_frame   0x000008fc       0x30 /usr/lib/gcc/arm-none-eabi/13.2.1/../../../arm-none-eabi/lib/thumb/v7-m/nofp/libg_nano.a(libc_a-mlock.o)
 .debug_frame   0x0000092c       0x60 /usr/lib/gcc/arm-none-eabi/13.2.1/../../../arm-none-eabi/lib/thumb/v7-m/nofp/libg_nano.a(libc_a-makebuf.o)
 .debug_frame   0x0000098c       0x2c /usr/lib/gcc/arm-none-eabi/13.2.1/../../../arm-none-eabi/lib/thumb/v7-m/nofp/libg_nano.a(libc_a-memchr-stub.o)
 .debug_frame   0x000009b8       0x2c /usr/lib/gcc/arm-none-eabi/13.2.1/../../../arm-none-eabi/lib/thumb/v7-m/nofp/libg_nano.a(libc_a-isattyr.o)
 .debug_frame   0x000009e4       0x2c /usr/lib/gcc/arm-none-eabi/13.2.1/../../../arm-none-eabi/lib/thumb/v7-m/nofp/libg_nano.a(libc_a-sbrkr.o)
 .debug_frame   0x00000a10       0x8c /usr/lib/gcc/arm-none-eabi/13.2.1/../../../arm-none-eabi/lib/thumb/v7-m/nofp/libg_nano.a(libc_a-stdio.o)
 .debug_frame   0x00000a9c       0x20 /usr/lib/gcc/arm-none-eabi/13.2.1/../../../arm-none-eabi/lib/thumb/v7-m/nofp/libg_nano.a(libc_a-msizer.o)
 .debug_frame   0x00000abc       0x2c /usr/lib/gcc/arm-none-eabi/13.2.1/../../../arm-none-eabi/lib/thumb/v7-m/nofp/libg_nano.a(libc_a-closer.o)
 .debug_frame   0x00000ae8       0x2c /usr/lib/gcc/arm-none-eabi/13.2.1/../../../arm-none-eabi/lib/thumb/v7-m/nofp/libg_nano.a(libc_a-readr.o)
 .debug_frame   0x00000b14       0x40 /usr/lib/gcc/arm-none-eabi/13.2.1/../../../arm-none-eabi/lib/thumb/v7-m/nofp/libg_nano.a(libc_a-reent.o)
 .debug_frame   0x00000b54       0x2c /usr/lib/gcc/arm-none-eabi/13.2.1/../../../arm-none-eabi/lib/thumb/v7-m/nofp/libg_nano.a(libc_a-fstatr.o)
 .debug_frame   0x00000b80       0x2c /usr/lib/gcc/arm-none-eabi/13.2.1/../../../arm-none-eabi/lib/thumb/v7-m/nofp/libg_nano.a(libc_a-lseekr.o)
 .debug_frame   0x00000bac       0x2c /usr/lib/gcc/arm-none-eabi/13.2.1/../../../arm-none-eabi/lib/thumb/v7-m/nofp/libg_nano.a(libc_a-writer.o)

.debug_line_str
                0x00000000      0x106
 .debug_line_str
                0x00000000      0x106 CMakeFiles/lidar_sf20c_interface.dir/device/startup_stm32f103xb.s.obj
                                 0x71 (size before relaxing)
 .debug_line_str
                0x00000106       0x95 /usr/lib/gcc/arm-none-eabi/13.2.1/../../../arm-none-eabi/lib/thumb/v7-m/nofp/libg_nano.a(libc_a-memcpy.o)
